
 RUN  v4.1.5 /Volumes/X SSD 2025/Users/narrowchannel/indiiOS-Clean

 ❯ packages/sdk/src/client.test.ts (0 test)
stdout | packages/main/src/services/BrowserAgentService.test.ts > BrowserAgentService > startSession > should initialize a browser window with correct settings
[BrowserAgent] Starting Native/Electron session...
[BrowserAgent] Session started with isolated partition.

stdout | packages/main/src/services/BrowserAgentService.test.ts > BrowserAgentService > startSession > should not initialize multiple times
[BrowserAgent] Starting Native/Electron session...
[BrowserAgent] Session started with isolated partition.

stdout | packages/main/src/services/BrowserAgentService.test.ts > BrowserAgentService > startSession > should handle start session errors gracefully
[BrowserAgent] Starting Native/Electron session...

stdout | packages/main/src/services/BrowserAgentService.test.ts > BrowserAgentService > with active session > should navigate to URL successfully
[BrowserAgent] Starting Native/Electron session...
[BrowserAgent] Session started with isolated partition.

stdout | packages/main/src/services/BrowserAgentService.test.ts > BrowserAgentService > with active session > should navigate to URL successfully
[BrowserAgent] Navigating to: http://example.com

stdout | packages/main/src/services/BrowserAgentService.test.ts > BrowserAgentService > with active session > should navigate to URL successfully
[BrowserAgent] Closing session...

stdout | packages/main/src/services/BrowserAgentService.test.ts > BrowserAgentService > with active session > should handle navigation failure
[BrowserAgent] Starting Native/Electron session...
[BrowserAgent] Session started with isolated partition.

stdout | packages/main/src/services/BrowserAgentService.test.ts > BrowserAgentService > with active session > should handle navigation failure
[BrowserAgent] Navigating to: http://example.com

stdout | packages/main/src/services/BrowserAgentService.test.ts > BrowserAgentService > with active session > should handle navigation failure
[BrowserAgent] Closing session...

stdout | packages/main/src/services/BrowserAgentService.test.ts > BrowserAgentService > with active session > should capture snapshot
[BrowserAgent] Starting Native/Electron session...
[BrowserAgent] Session started with isolated partition.

stdout | packages/main/src/services/BrowserAgentService.test.ts > BrowserAgentService > with active session > should capture snapshot
[BrowserAgent] Closing session...

stdout | packages/main/src/services/BrowserAgentService.test.ts > BrowserAgentService > with active session > should handle capture snapshot javascript execution error
[BrowserAgent] Starting Native/Electron session...
[BrowserAgent] Session started with isolated partition.

stdout | packages/main/src/services/BrowserAgentService.test.ts > BrowserAgentService > with active session > should handle capture snapshot javascript execution error
[BrowserAgent] Closing session...

stdout | packages/main/src/services/BrowserAgentService.test.ts > BrowserAgentService > performAction > should execute click action
[BrowserAgent] Starting Native/Electron session...
[BrowserAgent] Session started with isolated partition.

stdout | packages/main/src/services/BrowserAgentService.test.ts > BrowserAgentService > performAction > should execute click action
[BrowserAgent] Closing session...

stdout | packages/main/src/services/BrowserAgentService.test.ts > BrowserAgentService > performAction > should execute type action
[BrowserAgent] Starting Native/Electron session...
[BrowserAgent] Session started with isolated partition.

stdout | packages/main/src/services/BrowserAgentService.test.ts > BrowserAgentService > performAction > should execute type action
[BrowserAgent] Closing session...

stdout | packages/main/src/services/BrowserAgentService.test.ts > BrowserAgentService > performAction > should return error if text missing for type action
[BrowserAgent] Starting Native/Electron session...
[BrowserAgent] Session started with isolated partition.

stdout | packages/main/src/services/BrowserAgentService.test.ts > BrowserAgentService > performAction > should return error if text missing for type action
[BrowserAgent] Closing session...

stdout | packages/main/src/services/BrowserAgentService.test.ts > BrowserAgentService > performAction > should execute press action
[BrowserAgent] Starting Native/Electron session...
[BrowserAgent] Session started with isolated partition.

stdout | packages/main/src/services/BrowserAgentService.test.ts > BrowserAgentService > performAction > should execute press action
[BrowserAgent] Closing session...

stdout | packages/main/src/services/BrowserAgentService.test.ts > BrowserAgentService > performAction > should execute press action with subsequent typing
[BrowserAgent] Starting Native/Electron session...
[BrowserAgent] Session started with isolated partition.

stdout | packages/main/src/services/BrowserAgentService.test.ts > BrowserAgentService > performAction > should execute press action with subsequent typing
[BrowserAgent] Closing session...

stdout | packages/main/src/services/BrowserAgentService.test.ts > BrowserAgentService > performAction > should execute scroll action default
[BrowserAgent] Starting Native/Electron session...
[BrowserAgent] Session started with isolated partition.

stdout | packages/main/src/services/BrowserAgentService.test.ts > BrowserAgentService > performAction > should execute scroll action default
[BrowserAgent] Closing session...

stdout | packages/main/src/services/BrowserAgentService.test.ts > BrowserAgentService > performAction > should execute scroll action specific (up)
[BrowserAgent] Starting Native/Electron session...
[BrowserAgent] Session started with isolated partition.

stdout | packages/main/src/services/BrowserAgentService.test.ts > BrowserAgentService > performAction > should execute scroll action specific (up)
[BrowserAgent] Closing session...

stdout | packages/main/src/services/BrowserAgentService.test.ts > BrowserAgentService > performAction > should execute scroll action specific (down)
[BrowserAgent] Starting Native/Electron session...
[BrowserAgent] Session started with isolated partition.

stdout | packages/main/src/services/BrowserAgentService.test.ts > BrowserAgentService > performAction > should execute scroll action specific (down)
[BrowserAgent] Closing session...

stdout | packages/main/src/services/BrowserAgentService.test.ts > BrowserAgentService > performAction > should execute scroll action top
[BrowserAgent] Starting Native/Electron session...
[BrowserAgent] Session started with isolated partition.

stdout | packages/main/src/services/BrowserAgentService.test.ts > BrowserAgentService > performAction > should execute scroll action top
[BrowserAgent] Closing session...

stdout | packages/main/src/services/BrowserAgentService.test.ts > BrowserAgentService > performAction > should execute scroll action bottom
[BrowserAgent] Starting Native/Electron session...
[BrowserAgent] Session started with isolated partition.

stdout | packages/main/src/services/BrowserAgentService.test.ts > BrowserAgentService > performAction > should execute scroll action bottom
[BrowserAgent] Closing session...

stdout | packages/main/src/services/BrowserAgentService.test.ts > BrowserAgentService > performAction > should execute wait action default
[BrowserAgent] Starting Native/Electron session...
[BrowserAgent] Session started with isolated partition.

stdout | packages/renderer/src/services/agent/Phase3.test.ts > Phase 3: Architectural Improvements > Transaction Management > should start a transaction and snapshot state
[StateManager] Snapshot captured for tx-420707e5-74ea-4475-a8f9-c53c764907e6

stdout | packages/renderer/src/services/agent/Phase3.test.ts > Phase 3: Architectural Improvements > Transaction Management > should commit a transaction (clearing snapshot)
[StateManager] Snapshot captured for tx-c128e89b-ce87-420b-b4c6-d8ea35adbd4d

stdout | packages/renderer/src/services/agent/Phase3.test.ts > Phase 3: Architectural Improvements > Transaction Management > should commit a transaction (clearing snapshot)
[StateManager] Snapshot discarded (committed) for tx-c128e89b-ce87-420b-b4c6-d8ea35adbd4d

stdout | packages/renderer/src/services/agent/Phase3.test.ts > Phase 3: Architectural Improvements > Transaction Management > should rollback a transaction (restoring state)
[StateManager] Snapshot captured for tx-ef67840d-2b5b-40c2-9941-13c484919f0f

stdout | packages/renderer/src/services/agent/Phase3.test.ts > Phase 3: Architectural Improvements > AgentExecutionContext > should commit changes to the store
[ExecutionContext] Committed 1 modifications for agent test-agent

stdout | packages/renderer/src/services/agent/Phase3.test.ts > Phase 3: Architectural Improvements > AgentExecutionContext > should rollback changes and discard them
[ExecutionContext] Rolling back 1 modifications for agent test-agent

 ❯ packages/renderer/src/services/agent/Phase3.test.ts (9 tests | 1 failed) 8ms
       ✓ should detect immediate repetition 1ms
       ✓ should detect alternating patterns (A-B-A-B) 0ms
       × should allow non-looping sequences 3ms
       ✓ should start a transaction and snapshot state 1ms
       ✓ should commit a transaction (clearing snapshot) 0ms
       ✓ should rollback a transaction (restoring state) 0ms
       ✓ should track state changes without committing them immediately 0ms
       ✓ should commit changes to the store 1ms
       ✓ should rollback changes and discard them 0ms
stdout | packages/renderer/src/services/ai/__tests__/ChaosVerification.test.ts > ChaosVerification > FirebaseAIService Race Conditions > should NOT coalesce requests with different multimodal data
[FirebaseAIService] App Check Debug: {
  DEV: true,
  debugToken: 'D2A59038-E093-4709-80CD-C66BC9E8F524',
  key: undefined
}
[FirebaseAIService] App Check Debug: {
  DEV: true,
  debugToken: 'D2A59038-E093-4709-80CD-C66BC9E8F524',
  key: undefined
}
[FirebaseAIService] Initialized with Firebase AI SDK
[FirebaseAIService] Initialized with Firebase AI SDK

stdout | packages/renderer/src/services/agent/CostCircuitBreaker.test.ts > BaseAgent Cost Circuit Breaker > 🛑 should stop execution when budget is exceeded (Cost Circuit Breaker)
[AgentIdentity] Minted identity for Ledger Agent (ledger-agent): instance=9b806d01..., fingerprint=9e9094696ef0...

stdout | packages/renderer/src/services/agent/LedgerCircuitBreaker.test.ts > Ledger Circuit Breaker (Integration) > 💸 stops execution when "Fake High Usage" metadata triggers the budget limit
[AgentIdentity] Minted identity for Ledger Agent (ledger-agent): instance=c29090f9..., fingerprint=9e9094696ef0...

stdout | packages/renderer/src/services/agent/CostCircuitBreaker.test.ts > BaseAgent Cost Circuit Breaker > 🛑 should stop execution when budget is exceeded (Cost Circuit Breaker)
[ModelArmor] Scanning input...

stdout | packages/renderer/src/services/agent/LedgerCircuitBreaker.test.ts > Ledger Circuit Breaker (Integration) > 💸 stops execution when "Fake High Usage" metadata triggers the budget limit
[ModelArmor] Scanning input...

stdout | packages/renderer/src/services/agent/CostCircuitBreaker.test.ts > BaseAgent Cost Circuit Breaker > 🛑 should stop execution when budget is exceeded (Cost Circuit Breaker)
[DEBUG] BaseAgent calling GenAI.generateContent for ledger-agent, iteration 1

stdout | packages/renderer/src/services/agent/CostCircuitBreaker.test.ts > BaseAgent Cost Circuit Breaker > 🛑 should stop execution when budget is exceeded (Cost Circuit Breaker)
[ModelArmor] Scanning input...

stdout | packages/renderer/src/services/agent/CostCircuitBreaker.test.ts > BaseAgent Cost Circuit Breaker > 🛑 should stop execution when budget is exceeded (Cost Circuit Breaker)
[DEBUG] BaseAgent calling GenAI.generateContent for ledger-agent, iteration 2

stdout | packages/renderer/src/services/agent/CostCircuitBreaker.test.ts > BaseAgent Cost Circuit Breaker > 🛑 should stop execution when budget is exceeded (Cost Circuit Breaker)
[ExecutionContext] Rolling back 0 modifications for agent ledger-agent

stdout | packages/renderer/src/services/agent/LedgerCircuitBreaker.test.ts > Ledger Circuit Breaker (Integration) > 💸 stops execution when "Fake High Usage" metadata triggers the budget limit
[DEBUG] BaseAgent calling GenAI.generateContent for ledger-agent, iteration 1

 ❯ packages/renderer/src/services/agent/LedgerCircuitBreaker.test.ts (1 test | 1 failed) 72ms
     × 💸 stops execution when "Fake High Usage" metadata triggers the budget limit 70ms
 ❯ packages/renderer/src/services/agent/CostCircuitBreaker.test.ts (1 test | 1 failed) 72ms
     × 🛑 should stop execution when budget is exceeded (Cost Circuit Breaker) 71ms
stdout | packages/renderer/src/services/image/EditingService.test.ts > EditingService > editImage > should return an image result from the Direct SDK pipeline
[EditingService] editImage called — using Direct SDK path {
  hasMask: false,
  hasReference: false,
  model: undefined,
  useSemanticMap: false
}

stdout | packages/renderer/src/services/image/EditingService.test.ts > EditingService > editImage > should propagate thought signatures from direct SDK
[EditingService] editImage called — using Direct SDK path {
  hasMask: false,
  hasReference: false,
  model: undefined,
  useSemanticMap: false
}

stdout | packages/renderer/src/services/image/EditingService.test.ts > EditingService > editImage > should return null when direct SDK returns null
[EditingService] editImage called — using Direct SDK path {
  hasMask: false,
  hasReference: false,
  model: undefined,
  useSemanticMap: false
}

stdout | packages/renderer/src/services/image/EditingService.test.ts > EditingService > editImage > should pass forceHighFidelity to direct SDK
[EditingService] editImage called — using Direct SDK path {
  hasMask: false,
  hasReference: false,
  model: undefined,
  useSemanticMap: false
}

stdout | packages/renderer/src/services/image/EditingService.test.ts > EditingService > editImage > should pass mask data to direct SDK when provided
[EditingService] editImage called — using Direct SDK path {
  hasMask: true,
  hasReference: false,
  model: undefined,
  useSemanticMap: false
}

stdout | packages/renderer/src/services/image/EditingService.test.ts > EditingService > batchEdit > should process multiple images and track progress
[EditingService] editImage called — using Direct SDK path {
  hasMask: false,
  hasReference: false,
  model: undefined,
  useSemanticMap: false
}

stdout | packages/renderer/src/services/image/EditingService.test.ts > EditingService > batchEdit > should process multiple images and track progress
[EditingService] editImage called — using Direct SDK path {
  hasMask: false,
  hasReference: false,
  model: undefined,
  useSemanticMap: false
}

stdout | packages/renderer/src/services/image/EditingService.test.ts > EditingService > batchEdit > should capture failures individually without stopping batch
[EditingService] editImage called — using Direct SDK path {
  hasMask: false,
  hasReference: false,
  model: undefined,
  useSemanticMap: false
}

stdout | packages/renderer/src/services/image/EditingService.test.ts > EditingService > batchEdit > should capture failures individually without stopping batch
[EditingService] editImage called — using Direct SDK path {
  hasMask: false,
  hasReference: false,
  model: undefined,
  useSemanticMap: false
}

stdout | packages/renderer/src/services/image/EditingService.test.ts > EditingService > withRetry > should retry on resource-exhausted errors
[EditingService] editImage called — using Direct SDK path {
  hasMask: false,
  hasReference: false,
  model: undefined,
  useSemanticMap: false
}

stdout | packages/renderer/src/services/agent/__tests__/DistributionAgent.integration.test.ts > DistributionAgent Integration
[AgentRegistry] Loading agent 'distribution' (attempt 1)...

stdout | packages/renderer/src/services/agent/__tests__/DistributionAgent.integration.test.ts > DistributionAgent Integration
[AgentRegistry] Agent 'distribution' loaded successfully

 ❯ packages/renderer/src/services/agent/__tests__/DistributionAgent.integration.test.ts (6 tests | 1 failed) 42ms
     ✓ should load Distribution Agent from registry 1ms
     ✓ should have all distribution tools declared 1ms
     ✓ should have proper tool schemas for new tools 0ms
     ✓ should have execute method 0ms
     ✓ should have correct category and color 0ms
     × should have comprehensive system prompt 5ms
stdout | packages/main/src/services/BrowserAgentService.test.ts > BrowserAgentService > performAction > should execute wait action default
[BrowserAgent] Closing session...

stdout | packages/main/src/services/BrowserAgentService.test.ts > BrowserAgentService > performAction > should execute wait action specific
[BrowserAgent] Starting Native/Electron session...
[BrowserAgent] Session started with isolated partition.

stdout | packages/main/src/services/BrowserAgentService.test.ts > BrowserAgentService > performAction > should execute wait action specific
[BrowserAgent] Closing session...

stdout | packages/main/src/services/BrowserAgentService.test.ts > BrowserAgentService > performAction > should return error for unsupported action
[BrowserAgent] Starting Native/Electron session...
[BrowserAgent] Session started with isolated partition.

stdout | packages/main/src/services/BrowserAgentService.test.ts > BrowserAgentService > performAction > should return error for unsupported action
[BrowserAgent] Closing session...

stdout | packages/main/src/services/BrowserAgentService.test.ts > BrowserAgentService > performAction > should handle action execution errors
[BrowserAgent] Starting Native/Electron session...
[BrowserAgent] Session started with isolated partition.

stdout | packages/main/src/services/BrowserAgentService.test.ts > BrowserAgentService > performAction > should handle action execution errors
[BrowserAgent] Closing session...

stdout | packages/main/src/services/BrowserAgentService.test.ts > BrowserAgentService > closeSession > should safely close the session
[BrowserAgent] Starting Native/Electron session...
[BrowserAgent] Session started with isolated partition.

stdout | packages/main/src/services/BrowserAgentService.test.ts > BrowserAgentService > closeSession > should safely close the session
[BrowserAgent] Closing session...

 ✓ packages/main/src/services/BrowserAgentService.test.ts (31 tests) 1027ms
       ✓ should execute wait action default  1002ms
 ✓ packages/firebase/src/__tests__/triggerLongFormVideoJob.quota.test.ts (3 tests) 1164ms
 ✓ packages/renderer/src/services/image/EditingService.test.ts (9 tests) 1019ms
       ✓ should retry on resource-exhausted errors  1001ms
 ✓ packages/renderer/src/modules/agent/services/VenueScoutService.test.ts (8 tests) 1007ms
       ✓ should update venue with enriched data  1002ms
 ✓ packages/renderer/src/modules/distribution/components/__tests__/QCVisualizer.test.tsx (5 tests) 735ms
     ✓ should run demo mode when not in Electron  667ms
 ✓ packages/renderer/src/core/store/slices/agentSlice.persistence.test.ts (3 tests) 912ms
     ✓ should persist new messages to SessionService  304ms
     ✓ should persist updated messages to SessionService  303ms
     ✓ should persist cleared history to SessionService  304ms
 ✓ packages/renderer/src/services/ai/__tests__/ChaosVerification.test.ts (7 tests) 1607ms
       ✓ should handle AI Generation Timeout via AbortSignal  502ms
       ✓ should succeed after retry for transient 503 errors  1097ms
 ✓ packages/renderer/src/core/store/slices/Keeper_Persistence.test.ts (3 tests) 1914ms
     ✓ should persist conversation history to SessionService when adding a message  1105ms
     ✓ should persist cleared history to SessionService  303ms
     ✓ should persist message updates (e.g. streaming chunks) to SessionService  504ms
 ✓ packages/renderer/src/modules/creative/components/DirectGenerationTab.test.tsx (2 tests) 581ms
     ✓ displays loading state while generating image  564ms
stdout | packages/renderer/src/core/components/SidebarNavigation.test.tsx
[AgentRegistry] Pre-warming Generalist agent...
[AgentRegistry] Loading agent 'generalist' (attempt 1)...

 ✓ packages/renderer/src/components/kokonutui/ai-input-search.test.tsx (8 tests) 547ms
 ✓ packages/renderer/src/modules/marketing/components/AIGenerateCampaignModal.test.tsx (7 tests) 722ms
 ✓ packages/renderer/src/__tests__/mobile-integration.test.tsx (9 tests) 718ms
       ✓ should change module and close drawer on item click  530ms
stdout | packages/renderer/src/core/components/MobileNav.a11y.test.tsx
[DistributorService] Registered adapter: DistroKid
[DistributorService] Registered adapter: TuneCore
[DistributorService] Registered adapter: CDBaby
[DistributorService] Registered adapter: Symphonic

stdout | packages/renderer/src/modules/publishing/PublishingDashboard.test.tsx
[DistributorService] Registered adapter: DistroKid
[DistributorService] Registered adapter: TuneCore
[DistributorService] Registered adapter: CDBaby
[DistributorService] Registered adapter: Symphonic

stdout | packages/renderer/src/modules/video/VideoWorkflow.pulse-error.test.tsx > Pulse: Video Workflow Error Handling > handles immediate API failures gracefully
[VideoGeneration] Prompt selection: {
  promptOverride: '(none)',
  localPrompt: '"A glitchy failure simulation..."',
  globalPrompt: '(empty)',
  selected: '"A glitchy failure simulation..."'
}
[VideoGeneration] 🔇 Audio suppression enabled — negative prompt augmented

stdout | packages/renderer/src/core/components/SidebarNavigation.test.tsx
🌐 i18next is made possible by our own product, Locize — consider powering your project with managed localization (AI, CDN, integrations): https://locize.com 💙
i18next: languageChanged en-US
i18next: initialized {
  debug: true,
  initAsync: true,
  ns: [ 'translation' ],
  defaultNS: [ 'translation' ],
  fallbackLng: [ 'en' ],
  fallbackNS: false,
  supportedLngs: false,
  nonExplicitSupportedLngs: false,
  load: 'all',
  preload: false,
  simplifyPluralSuffix: true,
  keySeparator: '.',
  nsSeparator: ':',
  pluralSeparator: '_',
  contextSeparator: '_',
  partialBundledLanguages: false,
  saveMissing: false,
  updateMissing: false,
  saveMissingTo: 'fallback',
  saveMissingPlurals: true,
  missingKeyHandler: false,
  missingInterpolationHandler: false,
  postProcess: false,
  postProcessPassResolved: false,
  returnNull: false,
  returnEmptyString: true,
  returnObjects: false,
  joinArrays: false,
  returnedObjectHandler: false,
  parseMissingKeyHandler: false,
  appendNamespaceToMissingKey: false,
  appendNamespaceToCIMode: false,
  overloadTranslationOptionHandler: [Function: overloadTranslationOptionHandler],
  interpolation: {
    escapeValue: false,
    format: [Function: bound format],
    prefix: '{{',
    suffix: '}}',
    formatSeparator: ',',
    unescapePrefix: '-',
    nestingPrefix: '$t(',
    nestingSuffix: ')',
    nestingOptionsSeparator: ',',
    maxReplaces: 1000,
    skipOnVariables: true
  },
  cacheInBuiltFormats: true,
  resources: { en: { translation: [Object] }, es: { translation: [Object] } },
  detection: {
    order: [ 'querystring', 'localStorage', 'navigator' ],
    caches: [ 'localStorage' ],
    lookupQuerystring: 'lng',
    lookupLocalStorage: 'indii_language',
    lookupCookie: 'i18next',
    lookupSessionStorage: 'i18nextLng',
    excludeCacheFor: [ 'cimode' ],
    convertDetectedLanguage: [Function: convertDetectedLanguage]
  },
  ignoreJSONStructure: true
}

 ✓ packages/renderer/src/modules/dashboard/components/QuickActions.test.tsx (4 tests) 538ms
     ✓ opens tooltip on hover  411ms
stdout | packages/renderer/src/modules/video/VideoWorkflow.pulse-error.test.tsx > Pulse: Video Workflow Error Handling > handles async job failures (e.g. Out of VRAM)
[VideoGeneration] Prompt selection: {
  promptOverride: '(none)',
  localPrompt: '"A heavy render..."',
  globalPrompt: '(empty)',
  selected: '"A heavy render..."'
}
[VideoGeneration] 🔇 Audio suppression enabled — negative prompt augmented

 ✓ packages/renderer/src/modules/video/VideoWorkflow.pulse-error.test.tsx (2 tests) 600ms
     ✓ handles immediate API failures gracefully  344ms
stdout | packages/renderer/src/core/components/SidebarNavigation.test.tsx > Sidebar Navigation Integration > renders correct dashboard for Brand Manager
[RemoteRelay] 🔐 Setting up auth listener...
[RemoteRelay/Firestore] ⚡ Hook enabled state: false
[RemoteRelay/Firestore] 🔍 Command listener effect triggered, enabled=false
[RemoteRelay/Firestore] ⏸️ Not enabled — skipping command listener

stdout | packages/renderer/src/core/components/SidebarNavigation.test.tsx > Sidebar Navigation Integration > renders correct dashboard for Campaign Manager
[RemoteRelay] 🔐 Setting up auth listener...
[RemoteRelay/Firestore] ⚡ Hook enabled state: false
[RemoteRelay/Firestore] 🔍 Command listener effect triggered, enabled=false
[RemoteRelay/Firestore] ⏸️ Not enabled — skipping command listener

 ✓ packages/renderer/src/modules/marketing/components/AIGenerateCampaignModal.a11y.test.tsx (9 tests) 609ms
     ✓ should have no automatically detectable accessibility violations  317ms
stdout | packages/renderer/src/core/components/SidebarNavigation.test.tsx > Sidebar Navigation Integration > renders correct dashboard for Campaign Manager
[AssetObserver] Initializing Creative Asset Observer... 

stdout | packages/renderer/src/modules/video/VideoWorkflow.pulse.test.tsx > Pulse: Video Workflow Long Form Generation > manages the "Queuing -> Processing -> Success" feedback loop
[VideoGeneration] Prompt selection: {
  promptOverride: '(none)',
  localPrompt: '"A long cinematic journey..."',
  globalPrompt: '(empty)',
  selected: '"A long cinematic journey..."'
}
[VideoGeneration] 🔇 Audio suppression enabled — negative prompt augmented

stdout | packages/renderer/src/core/components/SidebarNavigation.test.tsx > Sidebar Navigation Integration > renders correct dashboard for Publicist
[RemoteRelay] 🔐 Setting up auth listener...
[RemoteRelay/Firestore] ⚡ Hook enabled state: false
[RemoteRelay/Firestore] 🔍 Command listener effect triggered, enabled=false
[RemoteRelay/Firestore] ⏸️ Not enabled — skipping command listener

stdout | packages/renderer/src/core/components/SidebarNavigation.test.tsx > Sidebar Navigation Integration > renders correct dashboard for Publicist
[AssetObserver] Initializing Creative Asset Observer... 

 ✓ packages/renderer/src/modules/video/VideoWorkflow.pulse.test.tsx (1 test) 585ms
     ✓ manages the "Queuing -> Processing -> Success" feedback loop  581ms
 ✓ packages/renderer/src/services/agent/components/Keeper_ContextLeak.test.ts (3 tests) 422ms
stdout | packages/renderer/src/core/components/ConversationHistoryList.test.tsx
[DistributorService] Registered adapter: DistroKid
[DistributorService] Registered adapter: TuneCore
[DistributorService] Registered adapter: CDBaby
[DistributorService] Registered adapter: Symphonic

stdout | packages/renderer/src/core/components/SidebarNavigation.test.tsx > Sidebar Navigation Integration > renders correct dashboard for Publishing
[RemoteRelay] 🔐 Setting up auth listener...
[RemoteRelay/Firestore] ⚡ Hook enabled state: false
[RemoteRelay/Firestore] 🔍 Command listener effect triggered, enabled=false
[RemoteRelay/Firestore] ⏸️ Not enabled — skipping command listener

stdout | packages/renderer/src/core/components/SidebarNavigation.test.tsx > Sidebar Navigation Integration > renders correct dashboard for Publishing
[AssetObserver] Initializing Creative Asset Observer... 

stdout | packages/renderer/src/core/components/SidebarNavigation.test.tsx > Sidebar Navigation Integration > renders correct dashboard for Publishing
[AlwaysOnMemoryEngine] Stopped.
[AlwaysOnMemoryEngine] Started for user test-uid. Consolidation every 30m.

stdout | packages/renderer/src/core/components/SidebarNavigation.test.tsx > Sidebar Navigation Integration > renders correct dashboard for Finance
[RemoteRelay] 🔐 Setting up auth listener...
[RemoteRelay/Firestore] ⚡ Hook enabled state: false
[RemoteRelay/Firestore] 🔍 Command listener effect triggered, enabled=false
[RemoteRelay/Firestore] ⏸️ Not enabled — skipping command listener

stdout | packages/renderer/src/core/components/SidebarNavigation.test.tsx > Sidebar Navigation Integration > renders correct dashboard for Finance
[AssetObserver] Initializing Creative Asset Observer... 
[AlwaysOnMemoryEngine] Already running for this user.

 ✓ packages/renderer/src/core/components/MobileNav.a11y.test.tsx (5 tests) 515ms
 ✓ packages/renderer/src/modules/publishing/PublishingDashboard.test.tsx (8 tests) 605ms
stdout | packages/renderer/src/core/components/SidebarNavigation.test.tsx > Sidebar Navigation Integration > renders correct dashboard for Licensing
[RemoteRelay] 🔐 Setting up auth listener...
[RemoteRelay/Firestore] ⚡ Hook enabled state: false
[RemoteRelay/Firestore] 🔍 Command listener effect triggered, enabled=false
[RemoteRelay/Firestore] ⏸️ Not enabled — skipping command listener

stdout | packages/renderer/src/core/components/SidebarNavigation.test.tsx > Sidebar Navigation Integration > renders correct dashboard for Licensing
[AssetObserver] Initializing Creative Asset Observer... 
[AlwaysOnMemoryEngine] Already running for this user.

stdout | packages/renderer/src/core/components/SidebarNavigation.test.tsx
[AgentRegistry] Agent 'generalist' loaded successfully

stdout | packages/renderer/src/core/components/SidebarNavigation.test.tsx
[AgentRegistry] Generalist agent pre-warmed successfully

 ✓ packages/renderer/src/core/components/SidebarNavigation.test.tsx (9 tests) 1045ms
 ✓ packages/renderer/src/services/ai/__tests__/FirebaseAIService.enhancements.test.ts (9 tests) 409ms
stdout | packages/renderer/src/modules/creative/components/whisk/__tests__/WhiskDropZone.test.tsx
[DistributorService] Registered adapter: DistroKid
[DistributorService] Registered adapter: TuneCore
[DistributorService] Registered adapter: CDBaby
[DistributorService] Registered adapter: Symphonic

 ✓ packages/renderer/src/core/components/ConversationHistoryList.test.tsx (6 tests) 332ms
 ✓ packages/renderer/src/modules/creative/components/__tests__/IngredientDropZone.test.tsx (24 tests) 343ms
 ✓ packages/renderer/src/modules/creative/components/whisk/__tests__/WhiskDropZone.test.tsx (7 tests) 270ms
stdout | packages/renderer/src/services/agent/AgentArchitecture.test.ts
[AgentRegistry] Pre-warming Generalist agent...
[AgentRegistry] Loading agent 'generalist' (attempt 1)...

stdout | packages/renderer/src/services/agent/AgentArchitecture.test.ts > Multi-Agent Architecture Tests > 1. Context Pipeline & History > should include conversation history in the context
[AgentRegistry] Pre-warming Generalist agent...
[AgentRegistry] Loading agent 'legal' (attempt 1)...
[AgentRegistry] Loading agent 'marketing' (attempt 1)...
[AgentRegistry] Loading agent 'producer' (attempt 1)...
[AgentRegistry] Loading agent 'publicist' (attempt 1)...
[AgentRegistry] Loading agent 'brand' (attempt 1)...
[AgentRegistry] Loading agent 'road' (attempt 1)...
[AgentRegistry] Loading agent 'director' (attempt 1)...
[AgentRegistry] Loading agent 'video' (attempt 1)...
[AgentRegistry] Loading agent 'finance' (attempt 1)...

stdout | packages/renderer/src/services/agent/specialists/verification.test.ts > Specialist Agent Fleet Verification > should have registered Marketing Director (marketing)
[AgentRegistry] Loading agent 'marketing' (attempt 1)...

stdout | packages/renderer/src/services/agent/AgentArchitecture.test.ts > Multi-Agent Architecture Tests > 1. Context Pipeline & History > should include conversation history in the context
[AgentRegistry] Agent 'legal' loaded successfully
[AgentRegistry] Agent 'marketing' loaded successfully
[AgentRegistry] Agent 'producer' loaded successfully
[AgentRegistry] Agent 'publicist' loaded successfully
[AgentRegistry] Agent 'brand' loaded successfully
[AgentRegistry] Agent 'road' loaded successfully
[AgentRegistry] Agent 'director' loaded successfully
[AgentRegistry] Agent 'video' loaded successfully
[AgentRegistry] Agent 'finance' loaded successfully

 ✓ packages/renderer/src/modules/creative/components/CanvasToolbar.test.tsx (7 tests) 212ms
 ✓ packages/renderer/src/components/ui/prompt-input.test.tsx (7 tests) 257ms
 ✓ packages/renderer/src/modules/video/components/ZoomableTimeline.a11y.test.tsx (3 tests) 277ms
stdout | packages/renderer/src/services/agent/specialists/verification.test.ts > Specialist Agent Fleet Verification > should have registered Marketing Director (marketing)
[AgentRegistry] Agent 'marketing' loaded successfully

stdout | packages/renderer/src/services/agent/specialists/verification.test.ts > Specialist Agent Fleet Verification > Marketing Director should be executable
[RAGAgent] No specific domain knowledge extracted for task.

stdout | packages/renderer/src/services/agent/specialists/verification.test.ts > Specialist Agent Fleet Verification > Marketing Director should be executable
[AgentIdentity] Minted identity for Marketing Director (marketing): instance=33a03379..., fingerprint=ce53df73dfbe...

stdout | packages/renderer/src/services/agent/AgentArchitecture.test.ts > Multi-Agent Architecture Tests > 1. Context Pipeline & History > should include conversation history in the context
[AgentRegistry] Agent 'generalist' loaded successfully

stdout | packages/renderer/src/services/agent/AgentArchitecture.test.ts > Multi-Agent Architecture Tests > 1. Context Pipeline & History > should include conversation history in the context
[AgentRegistry] Generalist agent pre-warmed successfully
[AgentRegistry] Generalist agent pre-warmed successfully

stdout | packages/renderer/src/services/agent/AgentArchitecture.test.ts > Multi-Agent Architecture Tests > 3. Dynamic Orchestration > should route based on user intent via LLM
[AgentOrchestrator] Routing: "Draft a contract" -> legal (original: legal, conf: 1)

stdout | packages/renderer/src/services/agent/AgentArchitecture.test.ts > Multi-Agent Architecture Tests > 4. Specialist Agents Verification > should pass superpower tools to AI when executing
[RAGAgent] No specific domain knowledge extracted for task.

stdout | packages/renderer/src/services/agent/AgentArchitecture.test.ts > Multi-Agent Architecture Tests > 4. Specialist Agents Verification > should pass superpower tools to AI when executing
[AgentIdentity] Minted identity for Marketing Director (marketing): instance=e7359cf2..., fingerprint=ce53df73dfbe...

stdout | packages/renderer/src/services/agent/specialists/verification.test.ts > Specialist Agent Fleet Verification > Marketing Director should be executable
[ModelArmor] Scanning input...

stdout | packages/renderer/src/services/agent/specialists/verification.test.ts > Specialist Agent Fleet Verification > Marketing Director should be executable
[DEBUG] BaseAgent calling GenAI.generateContent for marketing, iteration 1

stdout | packages/renderer/src/services/agent/specialists/verification.test.ts > Specialist Agent Fleet Verification > Marketing Director should be executable
[ModelArmor] Scanning output...

stdout | packages/renderer/src/services/agent/specialists/verification.test.ts > Specialist Agent Fleet Verification > should have registered Legal Director (legal)
[AgentRegistry] Loading agent 'legal' (attempt 1)...

stdout | packages/renderer/src/services/agent/specialists/verification.test.ts > Specialist Agent Fleet Verification > should have registered Legal Director (legal)
[AgentRegistry] Agent 'legal' loaded successfully

stdout | packages/renderer/src/services/agent/specialists/verification.test.ts > Specialist Agent Fleet Verification > Legal Director should be executable
[RAGAgent] No specific domain knowledge extracted for task.

stdout | packages/renderer/src/services/agent/AgentArchitecture.test.ts > Multi-Agent Architecture Tests > 4. Specialist Agents Verification > should pass superpower tools to AI when executing
[DEBUG] BaseAgent calling GenAI.generateContent for marketing, iteration 1

stdout | packages/renderer/src/services/agent/AgentArchitecture.test.ts > Multi-Agent Architecture Tests > 6. Direct Delegation Verification > should bypass orchestrator when forcedAgentId is provided
[AgentService] sendMessage routing: { isBoardroomMode: false }

stdout | packages/renderer/src/services/agent/AgentArchitecture.test.ts > Multi-Agent Architecture Tests > 6. Direct Delegation Verification > should bypass orchestrator when forcedAgentId is provided
[AgentService] Orchestration Path: single { reasoning: 'Forced by user' }

stdout | packages/renderer/src/services/agent/AgentArchitecture.test.ts > Multi-Agent Architecture Tests > 6. Direct Delegation Verification > should bypass orchestrator when forcedAgentId is provided
[RAGAgent] No specific domain knowledge extracted for task.

stdout | packages/renderer/src/services/agent/AgentArchitecture.test.ts > Multi-Agent Architecture Tests > 6. Direct Delegation Verification > should bypass orchestrator when forcedAgentId is provided
[AgentIdentity] Minted identity for Creative Director (director): instance=c43d1385..., fingerprint=701b6dec64bc...

stdout | packages/renderer/src/services/agent/specialists/verification.test.ts > Specialist Agent Fleet Verification > Legal Director should be executable
[AgentIdentity] Minted identity for Legal Director (legal): instance=68672cb9..., fingerprint=0481bce647a4...

stdout | packages/renderer/src/services/agent/specialists/verification.test.ts > Specialist Agent Fleet Verification > Legal Director should be executable
[ModelArmor] Scanning input...

stdout | packages/renderer/src/services/agent/specialists/verification.test.ts > Specialist Agent Fleet Verification > should have registered Finance Director (finance)
[AgentRegistry] Loading agent 'finance' (attempt 1)...

stdout | packages/renderer/src/services/agent/specialists/verification.test.ts > Specialist Agent Fleet Verification > should have registered Finance Director (finance)
[AgentRegistry] Agent 'finance' loaded successfully

stdout | packages/renderer/src/services/agent/specialists/verification.test.ts > Specialist Agent Fleet Verification > Finance Director should be executable
[RAGAgent] No specific domain knowledge extracted for task.

stdout | packages/renderer/src/services/agent/AgentArchitecture.test.ts > Multi-Agent Architecture Tests > 6. Direct Delegation Verification > should bypass orchestrator when forcedAgentId is provided
[DEBUG] BaseAgent calling GenAI.generateContent for director, iteration 1

stdout | packages/renderer/src/services/agent/specialists/verification.test.ts > Specialist Agent Fleet Verification > Finance Director should be executable
[AgentIdentity] Minted identity for Finance Director (finance): instance=1a9575f0..., fingerprint=380a50ea0266...

stdout | packages/renderer/src/services/agent/specialists/verification.test.ts > Specialist Agent Fleet Verification > Finance Director should be executable
[ModelArmor] Scanning input...

stdout | packages/renderer/src/services/agent/specialists/verification.test.ts > Specialist Agent Fleet Verification > Finance Director should be executable
[DEBUG] BaseAgent calling GenAI.generateContent for finance, iteration 1

stdout | packages/renderer/src/services/agent/specialists/verification.test.ts > Specialist Agent Fleet Verification > Finance Director should be executable
[ModelArmor] Scanning output...

stdout | packages/renderer/src/services/agent/specialists/verification.test.ts > Specialist Agent Fleet Verification > should have registered Production Director (producer)
[AgentRegistry] Loading agent 'producer' (attempt 1)...

stdout | packages/renderer/src/services/agent/specialists/verification.test.ts > Specialist Agent Fleet Verification > should have registered Production Director (producer)
[AgentRegistry] Agent 'producer' loaded successfully

stdout | packages/renderer/src/services/agent/specialists/verification.test.ts > Specialist Agent Fleet Verification > Production Director should be executable
[RAGAgent] No specific domain knowledge extracted for task.

stdout | packages/renderer/src/services/agent/AgentArchitecture.test.ts > Multi-Agent Architecture Tests > 7. Glass Box UI Verification > should update store with thoughts when onProgress is triggered
[AgentService] sendMessage routing: { isBoardroomMode: false }

stdout | packages/renderer/src/services/agent/AgentArchitecture.test.ts > Multi-Agent Architecture Tests > 7. Glass Box UI Verification > should update store with thoughts when onProgress is triggered
[AgentService] Orchestration Path: single { reasoning: 'Forced by user' }

 ✓ packages/renderer/src/services/agent/AgentArchitecture.test.ts (19 tests) 276ms
stdout | packages/renderer/src/services/agent/specialists/verification.test.ts > Specialist Agent Fleet Verification > Production Director should be executable
[AgentIdentity] Minted identity for Production Director (producer): instance=f0ca642f..., fingerprint=d96145ca897b...

stdout | packages/renderer/src/services/agent/specialists/verification.test.ts > Specialist Agent Fleet Verification > Production Director should be executable
[ModelArmor] Scanning input...

stdout | packages/renderer/src/services/agent/specialists/verification.test.ts > Specialist Agent Fleet Verification > Production Director should be executable
[DEBUG] BaseAgent calling GenAI.generateContent for producer, iteration 1

stdout | packages/renderer/src/services/agent/specialists/verification.test.ts > Specialist Agent Fleet Verification > Production Director should be executable
[ModelArmor] Scanning output...

stdout | packages/renderer/src/services/agent/specialists/verification.test.ts > Specialist Agent Fleet Verification > should have registered Creative Director (director)
[AgentRegistry] Loading agent 'director' (attempt 1)...

stdout | packages/renderer/src/services/agent/specialists/verification.test.ts > Specialist Agent Fleet Verification > should have registered Creative Director (director)
[AgentRegistry] Agent 'director' loaded successfully

stdout | packages/renderer/src/services/agent/specialists/verification.test.ts > Specialist Agent Fleet Verification > Creative Director should be executable
[RAGAgent] No specific domain knowledge extracted for task.

stdout | packages/renderer/src/services/agent/specialists/verification.test.ts > Specialist Agent Fleet Verification > Creative Director should be executable
[AgentIdentity] Minted identity for Creative Director (director): instance=d87dc41a..., fingerprint=701b6dec64bc...

stdout | packages/renderer/src/services/agent/specialists/verification.test.ts > Specialist Agent Fleet Verification > Creative Director should be executable
[ModelArmor] Scanning input...

stdout | packages/renderer/src/services/agent/specialists/verification.test.ts > Specialist Agent Fleet Verification > Creative Director should be executable
[DEBUG] BaseAgent calling GenAI.generateContent for director, iteration 1

stdout | packages/renderer/src/services/agent/specialists/verification.test.ts > Specialist Agent Fleet Verification > Creative Director should be executable
[ModelArmor] Scanning output...

stdout | packages/renderer/src/services/agent/specialists/verification.test.ts > Specialist Agent Fleet Verification > should have registered Screenwriting Director (screenwriter)
[AgentRegistry] Loading agent 'screenwriter' (attempt 1)...

stdout | packages/renderer/src/services/agent/specialists/verification.test.ts > Specialist Agent Fleet Verification > should have registered Screenwriting Director (screenwriter)
[AgentRegistry] Agent 'screenwriter' loaded successfully

stdout | packages/renderer/src/services/agent/specialists/verification.test.ts > Specialist Agent Fleet Verification > Screenwriting Director should be executable
[RAGAgent] No specific domain knowledge extracted for task.

stdout | packages/renderer/src/services/agent/specialists/verification.test.ts > Specialist Agent Fleet Verification > Screenwriting Director should be executable
[AgentIdentity] Minted identity for Screenwriting Director (screenwriter): instance=3d0641d7..., fingerprint=80ce3470e4c9...

stdout | packages/renderer/src/services/agent/specialists/verification.test.ts > Specialist Agent Fleet Verification > Screenwriting Director should be executable
[ModelArmor] Scanning input...

stdout | packages/renderer/src/services/agent/specialists/verification.test.ts > Specialist Agent Fleet Verification > Screenwriting Director should be executable
[DEBUG] BaseAgent calling GenAI.generateContent for screenwriter, iteration 1

stdout | packages/renderer/src/services/agent/specialists/verification.test.ts > Specialist Agent Fleet Verification > Screenwriting Director should be executable
[ModelArmor] Scanning output...

stdout | packages/renderer/src/services/agent/specialists/verification.test.ts > Specialist Agent Fleet Verification > should have registered Video Director (video)
[AgentRegistry] Loading agent 'video' (attempt 1)...

stdout | packages/renderer/src/services/agent/specialists/verification.test.ts > Specialist Agent Fleet Verification > should have registered Video Director (video)
[AgentRegistry] Agent 'video' loaded successfully

stdout | packages/renderer/src/services/agent/specialists/verification.test.ts > Specialist Agent Fleet Verification > Video Director should be executable
[RAGAgent] No specific domain knowledge extracted for task.

stdout | packages/renderer/src/services/agent/specialists/verification.test.ts > Specialist Agent Fleet Verification > Video Director should be executable
[AgentIdentity] Minted identity for Video Director (video): instance=e59ecd70..., fingerprint=386d9ab53b1f...

stdout | packages/renderer/src/services/agent/specialists/verification.test.ts > Specialist Agent Fleet Verification > Video Director should be executable
[ModelArmor] Scanning input...

stdout | packages/renderer/src/services/agent/specialists/verification.test.ts > Specialist Agent Fleet Verification > should have registered Social Media Director (social)
[AgentRegistry] Loading agent 'social' (attempt 1)...

stdout | packages/renderer/src/services/agent/specialists/verification.test.ts > Specialist Agent Fleet Verification > should have registered Social Media Director (social)
[AgentRegistry] Agent 'social' loaded successfully

stdout | packages/renderer/src/services/agent/specialists/verification.test.ts > Specialist Agent Fleet Verification > Social Media Director should be executable
[RAGAgent] No specific domain knowledge extracted for task.

stdout | packages/renderer/src/services/agent/specialists/verification.test.ts > Specialist Agent Fleet Verification > Social Media Director should be executable
[AgentIdentity] Minted identity for Social Media Director (social): instance=9a15ab03..., fingerprint=b229c5b1285e...

stdout | packages/renderer/src/services/agent/specialists/verification.test.ts > Specialist Agent Fleet Verification > Social Media Director should be executable
[ModelArmor] Scanning input...

stdout | packages/renderer/src/services/agent/specialists/verification.test.ts > Specialist Agent Fleet Verification > should have registered Publicist Director (publicist)
[AgentRegistry] Loading agent 'publicist' (attempt 1)...

stdout | packages/renderer/src/services/agent/specialists/verification.test.ts > Specialist Agent Fleet Verification > should have registered Publicist Director (publicist)
[AgentRegistry] Agent 'publicist' loaded successfully

stdout | packages/renderer/src/services/agent/specialists/verification.test.ts > Specialist Agent Fleet Verification > Publicist Director should be executable
[RAGAgent] No specific domain knowledge extracted for task.

stdout | packages/renderer/src/services/agent/specialists/verification.test.ts > Specialist Agent Fleet Verification > Publicist Director should be executable
[AgentIdentity] Minted identity for Publicist Director (publicist): instance=4440e102..., fingerprint=8bb6d4a7471f...

stdout | packages/renderer/src/services/agent/specialists/verification.test.ts > Specialist Agent Fleet Verification > Publicist Director should be executable
[ModelArmor] Scanning input...

stdout | packages/renderer/src/services/agent/specialists/verification.test.ts > Specialist Agent Fleet Verification > Publicist Director should be executable
[DEBUG] BaseAgent calling GenAI.generateContent for publicist, iteration 1

stdout | packages/renderer/src/services/agent/specialists/verification.test.ts > Specialist Agent Fleet Verification > Publicist Director should be executable
[ModelArmor] Scanning output...

stdout | packages/renderer/src/services/agent/specialists/verification.test.ts > Specialist Agent Fleet Verification > should have registered Road Director (road)
[AgentRegistry] Loading agent 'road' (attempt 1)...

stdout | packages/renderer/src/services/agent/specialists/verification.test.ts > Specialist Agent Fleet Verification > should have registered Road Director (road)
[AgentRegistry] Agent 'road' loaded successfully

stdout | packages/renderer/src/services/agent/specialists/verification.test.ts > Specialist Agent Fleet Verification > Road Director should be executable
[RAGAgent] No specific domain knowledge extracted for task.

stdout | packages/renderer/src/services/agent/specialists/verification.test.ts > Specialist Agent Fleet Verification > Road Director should be executable
[AgentIdentity] Minted identity for Road Director (road): instance=9932a060..., fingerprint=f88aab0cfa88...

stdout | packages/renderer/src/services/agent/specialists/verification.test.ts > Specialist Agent Fleet Verification > Road Director should be executable
[ModelArmor] Scanning input...

stdout | packages/renderer/src/services/agent/specialists/verification.test.ts > Specialist Agent Fleet Verification > Road Director should be executable
[DEBUG] BaseAgent calling GenAI.generateContent for road, iteration 1

stdout | packages/renderer/src/services/agent/specialists/verification.test.ts > Specialist Agent Fleet Verification > Road Director should be executable
[ModelArmor] Scanning output...

stdout | packages/renderer/src/services/agent/specialists/verification.test.ts > Specialist Agent Fleet Verification > should have registered Publishing Director (publishing)
[AgentRegistry] Loading agent 'publishing' (attempt 1)...

stdout | packages/renderer/src/services/agent/specialists/verification.test.ts > Specialist Agent Fleet Verification > should have registered Publishing Director (publishing)
[AgentRegistry] Agent 'publishing' loaded successfully

stdout | packages/renderer/src/services/agent/specialists/verification.test.ts > Specialist Agent Fleet Verification > Publishing Director should be executable
[RAGAgent] No specific domain knowledge extracted for task.

stdout | packages/renderer/src/services/agent/specialists/verification.test.ts > Specialist Agent Fleet Verification > Publishing Director should be executable
[AgentIdentity] Minted identity for Publishing Director (publishing): instance=e8995de5..., fingerprint=5042c285d363...

stdout | packages/renderer/src/services/agent/specialists/verification.test.ts > Specialist Agent Fleet Verification > Publishing Director should be executable
[ModelArmor] Scanning input...

stdout | packages/renderer/src/services/agent/specialists/verification.test.ts > Specialist Agent Fleet Verification > Publishing Director should be executable
[DEBUG] BaseAgent calling GenAI.generateContent for publishing, iteration 1

stdout | packages/renderer/src/services/agent/specialists/verification.test.ts > Specialist Agent Fleet Verification > Publishing Director should be executable
[ModelArmor] Scanning output...

stdout | packages/renderer/src/services/agent/specialists/verification.test.ts > Specialist Agent Fleet Verification > should have registered Licensing Director (licensing)
[AgentRegistry] Loading agent 'licensing' (attempt 1)...

stdout | packages/renderer/src/services/agent/specialists/verification.test.ts > Specialist Agent Fleet Verification > should have registered Licensing Director (licensing)
[AgentRegistry] Agent 'licensing' loaded successfully

stdout | packages/renderer/src/services/agent/specialists/verification.test.ts > Specialist Agent Fleet Verification > Licensing Director should be executable
[RAGAgent] No specific domain knowledge extracted for task.

stdout | packages/renderer/src/services/agent/specialists/verification.test.ts > Specialist Agent Fleet Verification > Licensing Director should be executable
[AgentIdentity] Minted identity for Licensing Director (licensing): instance=683bbfd2..., fingerprint=8a7e2aac4845...

stdout | packages/renderer/src/services/agent/specialists/verification.test.ts > Specialist Agent Fleet Verification > Licensing Director should be executable
[ModelArmor] Scanning input...

stdout | packages/renderer/src/services/agent/specialists/verification.test.ts > Specialist Agent Fleet Verification > Licensing Director should be executable
[DEBUG] BaseAgent calling GenAI.generateContent for licensing, iteration 1

stdout | packages/renderer/src/services/agent/specialists/verification.test.ts > Specialist Agent Fleet Verification > Licensing Director should be executable
[ModelArmor] Scanning output...

stdout | packages/renderer/src/services/agent/specialists/verification.test.ts > Specialist Agent Fleet Verification > should have registered Brand Director (brand)
[AgentRegistry] Loading agent 'brand' (attempt 1)...

stdout | packages/renderer/src/services/agent/specialists/verification.test.ts > Specialist Agent Fleet Verification > should have registered Brand Director (brand)
[AgentRegistry] Agent 'brand' loaded successfully

stdout | packages/renderer/src/services/agent/specialists/verification.test.ts > Specialist Agent Fleet Verification > Brand Director should be executable
[RAGAgent] No specific domain knowledge extracted for task.

stdout | packages/renderer/src/services/agent/specialists/verification.test.ts > Specialist Agent Fleet Verification > Brand Director should be executable
[AgentIdentity] Minted identity for Brand Director (brand): instance=08ed9b30..., fingerprint=e63205a76eb2...

stdout | packages/renderer/src/services/agent/specialists/verification.test.ts > Specialist Agent Fleet Verification > Brand Director should be executable
[ModelArmor] Scanning input...

stdout | packages/renderer/src/services/agent/specialists/verification.test.ts > Specialist Agent Fleet Verification > should have registered DevOps Director (devops)
[AgentRegistry] Loading agent 'devops' (attempt 1)...

stdout | packages/renderer/src/services/agent/specialists/verification.test.ts > Specialist Agent Fleet Verification > should have registered DevOps Director (devops)
[AgentRegistry] Agent 'devops' loaded successfully

stdout | packages/renderer/src/services/agent/specialists/verification.test.ts > Specialist Agent Fleet Verification > DevOps Director should be executable
[RAGAgent] No specific domain knowledge extracted for task.

stdout | packages/renderer/src/services/agent/specialists/verification.test.ts > Specialist Agent Fleet Verification > DevOps Director should be executable
[AgentIdentity] Minted identity for DevOps Director (devops): instance=7873f182..., fingerprint=c82e83d3f790...

stdout | packages/renderer/src/services/agent/specialists/verification.test.ts > Specialist Agent Fleet Verification > DevOps Director should be executable
[ModelArmor] Scanning input...

stdout | packages/renderer/src/services/agent/specialists/verification.test.ts > Specialist Agent Fleet Verification > DevOps Director should be executable
[DEBUG] BaseAgent calling GenAI.generateContent for devops, iteration 1

stdout | packages/renderer/src/services/agent/specialists/verification.test.ts > Specialist Agent Fleet Verification > DevOps Director should be executable
[ModelArmor] Scanning output...

stdout | packages/renderer/src/services/agent/specialists/verification.test.ts > Specialist Agent Fleet Verification > should have registered Security Director (security)
[AgentRegistry] Loading agent 'security' (attempt 1)...

stdout | packages/renderer/src/services/agent/specialists/verification.test.ts > Specialist Agent Fleet Verification > should have registered Security Director (security)
[AgentRegistry] Agent 'security' loaded successfully

stdout | packages/renderer/src/services/agent/specialists/verification.test.ts > Specialist Agent Fleet Verification > Security Director should be executable
[RAGAgent] No specific domain knowledge extracted for task.

stdout | packages/renderer/src/services/agent/specialists/verification.test.ts > Specialist Agent Fleet Verification > Security Director should be executable
[AgentIdentity] Minted identity for Security Director (security): instance=f6401257..., fingerprint=31594c6d5e21...

stdout | packages/renderer/src/services/agent/specialists/verification.test.ts > Specialist Agent Fleet Verification > Security Director should be executable
[ModelArmor] Scanning input...

stdout | packages/renderer/src/services/agent/specialists/verification.test.ts > Specialist Agent Fleet Verification > Security Director should be executable
[DEBUG] BaseAgent calling GenAI.generateContent for security, iteration 1

stdout | packages/renderer/src/services/agent/specialists/verification.test.ts > Specialist Agent Fleet Verification > Security Director should be executable
[ModelArmor] Scanning output...

stdout | packages/renderer/src/services/agent/specialists/verification.test.ts > Specialist Agent Fleet Verification > should have registered Distribution Director (distribution)
[AgentRegistry] Loading agent 'distribution' (attempt 1)...

stdout | packages/renderer/src/services/agent/specialists/verification.test.ts > Specialist Agent Fleet Verification > should have registered Distribution Director (distribution)
[AgentRegistry] Agent 'distribution' loaded successfully

stdout | packages/renderer/src/services/agent/specialists/verification.test.ts > Specialist Agent Fleet Verification > Distribution Director should be executable
[RAGAgent] No specific domain knowledge extracted for task.

stdout | packages/renderer/src/services/agent/specialists/verification.test.ts > Specialist Agent Fleet Verification > Distribution Director should be executable
[AgentIdentity] Minted identity for Distribution Director (distribution): instance=7323055a..., fingerprint=02e32da4002f...

stdout | packages/renderer/src/services/agent/specialists/verification.test.ts > Specialist Agent Fleet Verification > Distribution Director should be executable
[ModelArmor] Scanning input...

stdout | packages/renderer/src/services/agent/specialists/verification.test.ts > Specialist Agent Fleet Verification > Distribution Director should be executable
[DEBUG] BaseAgent calling GenAI.generateContent for distribution, iteration 1

stdout | packages/renderer/src/services/agent/specialists/verification.test.ts > Specialist Agent Fleet Verification > Distribution Director should be executable
[ModelArmor] Scanning output...

stdout | packages/renderer/src/services/agent/specialists/verification.test.ts > Specialist Agent Fleet Verification > should have registered Music Director (music)
[AgentRegistry] Loading agent 'music' (attempt 1)...

stdout | packages/renderer/src/services/agent/specialists/verification.test.ts > Specialist Agent Fleet Verification > should have registered Music Director (music)
[AgentRegistry] Agent 'music' loaded successfully

stdout | packages/renderer/src/services/agent/specialists/verification.test.ts > Specialist Agent Fleet Verification > Music Director should be executable
[RAGAgent] No specific domain knowledge extracted for task.

stdout | packages/renderer/src/services/agent/specialists/verification.test.ts > Specialist Agent Fleet Verification > Music Director should be executable
[AgentIdentity] Minted identity for Music Director (music): instance=e2223a4b..., fingerprint=069f1a976198...

stdout | packages/renderer/src/services/agent/specialists/verification.test.ts > Specialist Agent Fleet Verification > Music Director should be executable
[ModelArmor] Scanning input...

stdout | packages/renderer/src/services/agent/specialists/verification.test.ts > Specialist Agent Fleet Verification > should have registered Creative Director (creative)
[AgentRegistry] Loading agent 'creative' (attempt 1)...

stdout | packages/renderer/src/services/agent/specialists/verification.test.ts > Specialist Agent Fleet Verification > should have registered Creative Director (creative)
[AgentRegistry] Agent 'creative' loaded successfully

stdout | packages/renderer/src/services/agent/specialists/verification.test.ts > Specialist Agent Fleet Verification > Creative Director should be executable
[RAGAgent] No specific domain knowledge extracted for task.

stdout | packages/renderer/src/services/agent/specialists/verification.test.ts > Specialist Agent Fleet Verification > Creative Director should be executable
[AgentIdentity] Minted identity for Creative Director (creative): instance=f0b5c776..., fingerprint=c496ea97d635...

stdout | packages/renderer/src/services/agent/specialists/verification.test.ts > Specialist Agent Fleet Verification > Creative Director should be executable
[ModelArmor] Scanning input...

stdout | packages/renderer/src/services/agent/specialists/verification.test.ts > Specialist Agent Fleet Verification > Creative Director should be executable
[DEBUG] BaseAgent calling GenAI.generateContent for creative, iteration 1

stdout | packages/renderer/src/services/agent/specialists/verification.test.ts > Specialist Agent Fleet Verification > Creative Director should be executable
[ModelArmor] Scanning output...

stdout | packages/renderer/src/services/agent/specialists/verification.test.ts > Specialist Agent Fleet Verification > should have registered Tax Specialist (finance.tax)
[AgentRegistry] Loading agent 'finance.tax' (attempt 1)...

stdout | packages/renderer/src/services/agent/specialists/verification.test.ts > Specialist Agent Fleet Verification > should have registered Tax Specialist (finance.tax)
[AgentRegistry] Agent 'finance.tax' loaded successfully

stdout | packages/renderer/src/services/agent/specialists/verification.test.ts > Specialist Agent Fleet Verification > Tax Specialist should be executable
[RAGAgent] No specific domain knowledge extracted for task.

stdout | packages/renderer/src/services/agent/specialists/verification.test.ts > Specialist Agent Fleet Verification > Tax Specialist should be executable
[AgentIdentity] Minted identity for Tax Specialist (finance.tax): instance=ccf98333..., fingerprint=2940d9ef5a53...

stdout | packages/renderer/src/services/agent/specialists/verification.test.ts > Specialist Agent Fleet Verification > Tax Specialist should be executable
[ModelArmor] Scanning input...

stdout | packages/renderer/src/services/agent/specialists/verification.test.ts > Specialist Agent Fleet Verification > Tax Specialist should be executable
[DEBUG] BaseAgent calling GenAI.generateContent for finance.tax, iteration 1

stdout | packages/renderer/src/services/agent/specialists/verification.test.ts > Specialist Agent Fleet Verification > Tax Specialist should be executable
[ModelArmor] Scanning output...

stdout | packages/renderer/src/services/agent/specialists/verification.test.ts > Specialist Agent Fleet Verification > should have registered Royalty Specialist (finance.royalty)
[AgentRegistry] Loading agent 'finance.royalty' (attempt 1)...

stdout | packages/renderer/src/services/agent/specialists/verification.test.ts > Specialist Agent Fleet Verification > should have registered Royalty Specialist (finance.royalty)
[AgentRegistry] Agent 'finance.royalty' loaded successfully

stdout | packages/renderer/src/services/agent/specialists/verification.test.ts > Specialist Agent Fleet Verification > Royalty Specialist should be executable
[RAGAgent] No specific domain knowledge extracted for task.

stdout | packages/renderer/src/services/agent/specialists/verification.test.ts > Specialist Agent Fleet Verification > Royalty Specialist should be executable
[AgentIdentity] Minted identity for Royalty Specialist (finance.royalty): instance=61339635..., fingerprint=e9321d3a9076...

stdout | packages/renderer/src/services/agent/specialists/verification.test.ts > Specialist Agent Fleet Verification > Royalty Specialist should be executable
[ModelArmor] Scanning input...

stdout | packages/renderer/src/services/agent/specialists/verification.test.ts > Specialist Agent Fleet Verification > Royalty Specialist should be executable
[DEBUG] BaseAgent calling GenAI.generateContent for finance.royalty, iteration 1

stdout | packages/renderer/src/services/agent/specialists/verification.test.ts > Specialist Agent Fleet Verification > Royalty Specialist should be executable
[ModelArmor] Scanning output...

stdout | packages/renderer/src/services/agent/specialists/verification.test.ts > Specialist Agent Fleet Verification > should have registered Accounting Specialist (finance.accounting)
[AgentRegistry] Loading agent 'finance.accounting' (attempt 1)...

stdout | packages/renderer/src/services/agent/specialists/verification.test.ts > Specialist Agent Fleet Verification > should have registered Accounting Specialist (finance.accounting)
[AgentRegistry] Agent 'finance.accounting' loaded successfully

stdout | packages/renderer/src/services/agent/specialists/verification.test.ts > Specialist Agent Fleet Verification > Accounting Specialist should be executable
[RAGAgent] No specific domain knowledge extracted for task.

stdout | packages/renderer/src/services/agent/specialists/verification.test.ts > Specialist Agent Fleet Verification > Accounting Specialist should be executable
[AgentIdentity] Minted identity for Accounting Specialist (finance.accounting): instance=43a1ddae..., fingerprint=f4d3a377b350...

stdout | packages/renderer/src/services/agent/specialists/verification.test.ts > Specialist Agent Fleet Verification > Accounting Specialist should be executable
[ModelArmor] Scanning input...

stdout | packages/renderer/src/services/agent/specialists/verification.test.ts > Specialist Agent Fleet Verification > Accounting Specialist should be executable
[DEBUG] BaseAgent calling GenAI.generateContent for finance.accounting, iteration 1

stdout | packages/renderer/src/services/agent/specialists/verification.test.ts > Specialist Agent Fleet Verification > Accounting Specialist should be executable
[ModelArmor] Scanning output...

stdout | packages/renderer/src/services/agent/specialists/verification.test.ts > Specialist Agent Fleet Verification > should verify GeneralistAgent (indii Conductor)
[AgentRegistry] Loading agent 'generalist' (attempt 1)...

stdout | packages/renderer/src/services/agent/specialists/debug-tools.test.ts > should debug tools and GeneralistAgent
Attempting to import tools.ts...

stdout | packages/renderer/src/services/agent/specialists/verification.test.ts > Specialist Agent Fleet Verification > should verify GeneralistAgent (indii Conductor)
[AgentRegistry] Agent 'generalist' loaded successfully

 ✓ packages/renderer/src/services/agent/specialists/verification.test.ts (43 tests) 452ms
 ✓ packages/renderer/src/modules/social/components/CreatePostModal.test.tsx (2 tests) 272ms
 ✓ packages/renderer/src/modules/marketing/components/CampaignCard.test.tsx (6 tests) 216ms
stdout | packages/renderer/src/services/agent/specialists/debug-tools.test.ts > should debug tools and GeneralistAgent
Imported tools successfully. Tool count: 236

stdout | packages/renderer/src/services/agent/specialists/debug-tools.test.ts > should debug tools and GeneralistAgent
Instantiating GeneralistAgent...

stdout | packages/renderer/src/services/agent/specialists/debug-tools.test.ts > should debug tools and GeneralistAgent
GeneralistAgent initialized.

 ✓ packages/renderer/src/services/agent/specialists/debug-tools.test.ts (1 test) 423ms
   ✓ should debug tools and GeneralistAgent  421ms
 ✓ packages/renderer/src/core/components/CommandBar.a11y.test.tsx (4 tests) 430ms
 ✓ packages/renderer/src/components/kokonutui/ai-input-search.a11y.test.tsx (6 tests) 289ms
 ✓ packages/renderer/src/modules/merchandise/components/AIGenerationDialog.test.tsx (5 tests) 297ms
 ✓ packages/renderer/src/modules/dashboard/components/NewProjectModal.pulse.test.tsx (2 tests) 250ms
 ✓ packages/renderer/src/components/kokonutui/file-upload.test.tsx (9 tests) 308ms
 ✓ packages/renderer/src/modules/knowledge/components/KnowledgeChat.test.tsx (7 tests) 283ms
 ✓ packages/renderer/src/modules/merchandise/MerchDesigner.a11y.test.tsx (3 tests) 367ms
 ✓ packages/renderer/src/modules/video/VideoWorkflow.veo.test.tsx (3 tests) 313ms
 ✓ packages/renderer/src/modules/marketing/components/CampaignDashboard.test.tsx (2 tests) 245ms
 ✓ packages/renderer/src/modules/creative/components/__tests__/InfiniteCanvasHUD.test.tsx (24 tests) 385ms
stdout | packages/renderer/src/modules/touring/RoadManager.test.tsx
[AgentRegistry] Pre-warming Generalist agent...
[AgentRegistry] Loading agent 'generalist' (attempt 1)...

stdout | packages/renderer/src/core/components/chat/annotator/DocumentAnnotator.test.tsx
[AgentRegistry] Pre-warming Generalist agent...
[AgentRegistry] Loading agent 'generalist' (attempt 1)...

 ✓ packages/renderer/src/modules/creative/components/__tests__/DirectGenerationTab.test.tsx (5 tests) 175ms
stdout | packages/renderer/src/core/components/chat/annotator/DocumentAnnotator.test.tsx > DocumentAnnotator > should dispatch tool call on apply
[AgentRegistry] Pre-warming Generalist agent...

 ✓ packages/renderer/src/core/components/chat/annotator/DocumentAnnotator.test.tsx (4 tests) 275ms
stdout | packages/renderer/src/services/agent/AgentIntegration.test.ts > Agent Architecture Integration (Hardened) > End-to-End Execution Pipeline > should correctly orchestrate, execute, and return response for a specialist
[AgentService] sendMessage routing: { isBoardroomMode: false }

stdout | packages/renderer/src/services/agent/AgentIntegration.test.ts > Agent Architecture Integration (Hardened) > End-to-End Execution Pipeline > should correctly orchestrate, execute, and return response for a specialist
[AgentOrchestrator] Routing: "Analyze market trends" -> marketing (original: marketing, conf: 0.9)

stdout | packages/renderer/src/services/agent/AgentIntegration.test.ts > Agent Architecture Integration (Hardened) > End-to-End Execution Pipeline > should correctly orchestrate, execute, and return response for a specialist
[AgentService] Orchestration Path: single { reasoning: 'clear goal' }

stdout | packages/renderer/src/services/agent/AgentIntegration.test.ts > Agent Architecture Integration (Hardened) > End-to-End Execution Pipeline > should handle tool execution cycles (Thinking -> Tool -> Response)
[AgentService] sendMessage routing: { isBoardroomMode: false }

stdout | packages/renderer/src/services/agent/AgentIntegration.test.ts > Agent Architecture Integration (Hardened) > End-to-End Execution Pipeline > should handle tool execution cycles (Thinking -> Tool -> Response)
[AgentOrchestrator] Routing: "Save this budget" -> generalist (original: undefined, conf: undefined)

stdout | packages/renderer/src/services/agent/AgentIntegration.test.ts > Agent Architecture Integration (Hardened) > End-to-End Execution Pipeline > should handle tool execution cycles (Thinking -> Tool -> Response)
[AgentService] Orchestration Path: single { reasoning: undefined }
[AgentRegistry] Loading agent 'generalist' (attempt 1)...

stdout | packages/renderer/src/modules/touring/RoadManager.test.tsx > RoadManager > generates itinerary when inputs are valid
Mock httpsCallable called for: generateItinerary
Mock function executed for generateItinerary with data: {
  locations: [ 'New York' ],
  dates: { start: '2023-10-01', end: '2023-10-10' }
}

stdout | packages/renderer/src/modules/touring/RoadManager.test.tsx > RoadManager > checks logistics after generating itinerary
Mock httpsCallable called for: checkLogistics
Mock function executed for checkLogistics with data: {
  itinerary: {
    id: '123',
    tourName: 'Test Tour',
    stops: [ [Object] ],
    totalDistance: '1000 km',
    estimatedBudget: '$50'
  }
}

 ✓ packages/renderer/src/core/components/command-bar/DelegateMenu.test.tsx (22 tests) 299ms
 ✓ packages/renderer/src/modules/touring/RoadManager.test.tsx (4 tests) 310ms
stdout | packages/renderer/src/services/agent/AgentIntegration.test.ts > Agent Architecture Integration (Hardened) > End-to-End Execution Pipeline > should handle tool execution cycles (Thinking -> Tool -> Response)
[AgentRegistry] Agent 'generalist' loaded successfully

stdout | packages/renderer/src/services/agent/AgentIntegration.test.ts > Agent Architecture Integration (Hardened) > State & Concurrency > should prevent concurrent agent executions
[AgentService] sendMessage routing: { isBoardroomMode: false }

stdout | packages/renderer/src/services/agent/AgentIntegration.test.ts > Agent Architecture Integration (Hardened) > State & Concurrency > should prevent concurrent agent executions
[AgentOrchestrator] Routing: "Request 1" -> generalist (original: undefined, conf: undefined)

stdout | packages/renderer/src/services/agent/AgentIntegration.test.ts > Agent Architecture Integration (Hardened) > State & Concurrency > should prevent concurrent agent executions
[AgentService] Orchestration Path: single { reasoning: undefined }

stdout | packages/renderer/src/services/agent/AgentIntegration.test.ts > Agent Architecture Integration (Hardened) > Robustness & Error Handling > should route to Generalist if Orchestrator hallucinations an invalid ID
[AgentService] sendMessage routing: { isBoardroomMode: false }

stdout | packages/renderer/src/services/agent/AgentIntegration.test.ts > Agent Architecture Integration (Hardened) > Robustness & Error Handling > should route to Generalist if Orchestrator hallucinations an invalid ID
[AgentService] Orchestration Path: single { reasoning: undefined }

stdout | packages/renderer/src/services/agent/AgentIntegration.test.ts > Agent Architecture Integration (Hardened) > Robustness & Error Handling > should gracefully handle agent execution failure
[AgentService] sendMessage routing: { isBoardroomMode: false }

stdout | packages/renderer/src/services/agent/AgentIntegration.test.ts > Agent Architecture Integration (Hardened) > Robustness & Error Handling > should gracefully handle agent execution failure
[AgentService] Orchestration Path: single { reasoning: 'Fallback due to orchestration error' }

 ✓ packages/renderer/src/services/agent/AgentIntegration.test.ts (5 tests) 267ms
 ✓ packages/renderer/src/modules/marketing/components/BrandManager.test.tsx (4 tests) 298ms
 ✓ packages/renderer/src/modules/boardroom/BoardroomModule.test.tsx (9 tests) 229ms
 ✓ packages/renderer/src/components/kokonutui/file-upload.interaction.test.tsx (1 test) 216ms
 ✓ packages/renderer/src/core/components/command-bar/PromptArea.a11y.test.tsx (2 tests) 182ms
 ✓ packages/renderer/src/components/ui/tabs.test.tsx (1 test) 193ms
 ✓ packages/renderer/src/modules/merchandise/components/ManufacturingPanel.test.tsx (3 tests) 311ms
 ✓ packages/renderer/src/services/agent/__tests__/AgentStreaming.test.ts (2 tests) 336ms
     ✓ should handle tool calls after streaming  329ms
 ✓ packages/renderer/src/modules/distribution/components/__tests__/RegistrationChecklistPanel.test.tsx (5 tests) 253ms
 ✓ packages/renderer/src/core/components/Sidebar.test.tsx (5 tests) 256ms
 ✓ packages/renderer/src/components/ui/slider.a11y.test.tsx (4 tests) 221ms
stdout | packages/renderer/src/modules/finance/components/ExpenseTracker.test.tsx
[DistributorService] Registered adapter: DistroKid
[DistributorService] Registered adapter: TuneCore
[DistributorService] Registered adapter: CDBaby
[DistributorService] Registered adapter: Symphonic

stdout | packages/renderer/src/core/components/command-bar/PromptArea.error.test.tsx > PromptArea Error Resilience > restores user input when message sending fails
[PromptArea] handleSubmit fired! { commandBarInput: 'Draft a critical contract' }

 ✓ packages/renderer/src/core/components/command-bar/PromptArea.error.test.tsx (1 test) 159ms
stdout | packages/renderer/src/services/agent/__tests__/Keeper_AgentContext.test.ts > 📚 Keeper: Context & Persistence Integration > should truncate context AND persist history during message flow
[TEST] ExecutionLocks size: 0

stdout | packages/renderer/src/services/agent/__tests__/Keeper_AgentContext.test.ts > 📚 Keeper: Context & Persistence Integration > should truncate context AND persist history during message flow
[TEST] Starting sendMessage...

stdout | packages/renderer/src/services/agent/__tests__/Keeper_AgentContext.test.ts > 📚 Keeper: Context & Persistence Integration > should truncate context AND persist history during message flow
[AgentService] sendMessage routing: { isBoardroomMode: false }

stdout | packages/renderer/src/services/agent/__tests__/Keeper_AgentContext.test.ts > 📚 Keeper: Context & Persistence Integration > should truncate context AND persist history during message flow
[AgentService] Orchestration Path: single { reasoning: undefined }

stdout | packages/renderer/src/services/agent/__tests__/Keeper_AgentContext.test.ts > 📚 Keeper: Context & Persistence Integration > should truncate context AND persist history during message flow
[TEST] BaseAgent.execute called
[TEST] BaseAgent context.chatHistory length: 10

stdout | packages/renderer/src/services/agent/__tests__/Keeper_AgentContext.test.ts > 📚 Keeper: Context & Persistence Integration > should truncate context AND persist history during message flow
[AgentIdentity] Minted identity for Test Agent (generalist): instance=e46afcaf..., fingerprint=fad9ef3a5715...

stdout | packages/renderer/src/services/agent/__tests__/Keeper_AgentContext.test.ts > 📚 Keeper: Context & Persistence Integration > should truncate context AND persist history during message flow
[ModelArmor] Scanning input...

stdout | packages/renderer/src/services/agent/__tests__/Keeper_AgentContext.test.ts > 📚 Keeper: Context & Persistence Integration > should truncate context AND persist history during message flow
[DEBUG] BaseAgent calling GenAI.generateContent for generalist, iteration 1

stdout | packages/renderer/src/services/agent/__tests__/Keeper_AgentContext.test.ts > 📚 Keeper: Context & Persistence Integration > should truncate context AND persist history during message flow
[ModelArmor] Scanning output...

stdout | packages/renderer/src/services/agent/__tests__/Keeper_AgentContext.test.ts > 📚 Keeper: Context & Persistence Integration > should truncate context AND persist history during message flow
[TEST] sendMessage finished.

 ✓ packages/renderer/src/components/ui/ThreeDCard.a11y.test.tsx (3 tests) 332ms
 ✓ packages/renderer/src/services/agent/__tests__/Keeper_AgentContext.test.ts (1 test) 275ms
 ✓ packages/renderer/src/modules/finance/components/ExpenseTracker.test.tsx (2 tests) 202ms
stdout | packages/renderer/src/modules/publishing/components/ReleaseWizard.test.tsx
[AgentRegistry] Pre-warming Generalist agent...
[AgentRegistry] Loading agent 'generalist' (attempt 1)...

stdout | packages/renderer/src/modules/social/components/SocialFeed.interaction.test.tsx
[DistributorService] Registered adapter: DistroKid
[DistributorService] Registered adapter: TuneCore
[DistributorService] Registered adapter: CDBaby
[DistributorService] Registered adapter: Symphonic

 ✓ packages/renderer/src/components/ui/ThreeDCard.test.tsx (3 tests) 249ms
 ✓ packages/renderer/src/modules/publishing/components/ReleaseWizard.test.tsx (6 tests) 308ms
 ✓ packages/renderer/src/modules/social/SocialDashboard.test.tsx (5 tests) 238ms
 ✓ packages/renderer/src/modules/workflow/services/WorkflowEngine.test.ts (11 tests) 222ms
 ✓ packages/renderer/src/components/ui/prompt-input-actions.test.tsx (4 tests) 179ms
 ✓ packages/renderer/src/modules/agent/components/ScoutControls.test.tsx (5 tests) 180ms
 ✓ packages/renderer/src/modules/social/components/SocialFeed.interaction.test.tsx (2 tests) 232ms
 ✓ packages/renderer/src/test/security/pii-redaction.test.ts (3 tests) 181ms
 ✓ packages/renderer/src/components/ui/prompt-input.a11y.test.tsx (5 tests) 257ms
stdout | packages/renderer/src/core/components/CommandBar.test.tsx > CommandBar > renders active Indii state and allows submitting
[PromptArea] handleSubmit fired! { commandBarInput: 'Hello Indii' }

stdout | packages/renderer/src/core/components/CommandBar.test.tsx > CommandBar > sends a message when form is submitted
[PromptArea] handleSubmit fired! { commandBarInput: 'Hello agent' }

stdout | packages/renderer/src/modules/onboarding/pages/OnboardingPage.test.tsx > OnboardingPage > GenUI Verification > Renders Multiple Choice buttons when Agent calls askMultipleChoice tool
[OnboardingAnalytics] onboarding_started { event: 'onboarding_started' }

 ✓ packages/renderer/src/core/components/CommandBar.test.tsx (8 tests) 237ms
stdout | packages/renderer/src/modules/onboarding/pages/OnboardingPage.test.tsx > OnboardingPage > Accessibility > renders with accessible labels on interactive elements
[OnboardingAnalytics] onboarding_started { event: 'onboarding_started' }

 ✓ packages/renderer/src/modules/dashboard/components/NewProjectModal.test.tsx (6 tests) 268ms
stdout | packages/renderer/src/modules/onboarding/pages/OnboardingPage.test.tsx > OnboardingPage > Renders accessible labels on interactive elements
[OnboardingAnalytics] onboarding_started { event: 'onboarding_started' }

 ✓ packages/renderer/src/modules/onboarding/pages/OnboardingPage.test.tsx (3 tests) 213ms
 ✓ packages/renderer/src/modules/creative/components/CreativeGallery.test.tsx (3 tests) 236ms
 ✓ packages/renderer/src/modules/marketing/components/CampaignManager.integration.test.tsx (2 tests) 245ms
stdout | packages/renderer/src/core/components/CommandBar.interaction.test.tsx > 👁️ Pixel: CommandBar Interaction States > Scenario 1: Verifies "Processing" state disables input and shows stop button
[PromptArea] handleSubmit fired! { commandBarInput: 'Analyze Q3 Data' }

stdout | packages/renderer/src/core/components/CommandBar.interaction.test.tsx > 👁️ Pixel: CommandBar Interaction States > Scenario 2: Handles Error Toast when submission fails
[PromptArea] handleSubmit fired! { commandBarInput: 'Bad request' }

 ✓ packages/renderer/src/services/agent/creative_agent_hardening.test.ts (12 tests) 253ms
stdout | packages/renderer/src/core/components/CommandBar.interaction.test.tsx > 👁️ Pixel: CommandBar Interaction States > Scenario 3: Optimistic UI - input clears immediately upon send
[PromptArea] handleSubmit fired! { commandBarInput: 'Fast clear' }

 ✓ packages/renderer/src/core/components/CommandBar.interaction.test.tsx (4 tests) 201ms
stdout | packages/renderer/src/tests/RouterContext.test.tsx
[AgentRegistry] Pre-warming Generalist agent...
[AgentRegistry] Loading agent 'generalist' (attempt 1)...

stdout | packages/renderer/src/core/components/chat/__tests__/ToolOutputRenderer.test.tsx
[AgentRegistry] Pre-warming Generalist agent...
[AgentRegistry] Loading agent 'generalist' (attempt 1)...

stdout | packages/renderer/src/tests/RouterContext.test.tsx
🌐 i18next is made possible by our own product, Locize — consider powering your project with managed localization (AI, CDN, integrations): https://locize.com 💙
i18next: languageChanged en-US
i18next: initialized {
  debug: true,
  initAsync: true,
  ns: [ 'translation' ],
  defaultNS: [ 'translation' ],
  fallbackLng: [ 'en' ],
  fallbackNS: false,
  supportedLngs: false,
  nonExplicitSupportedLngs: false,
  load: 'all',
  preload: false,
  simplifyPluralSuffix: true,
  keySeparator: '.',
  nsSeparator: ':',
  pluralSeparator: '_',
  contextSeparator: '_',
  partialBundledLanguages: false,
  saveMissing: false,
  updateMissing: false,
  saveMissingTo: 'fallback',
  saveMissingPlurals: true,
  missingKeyHandler: false,
  missingInterpolationHandler: false,
  postProcess: false,
  postProcessPassResolved: false,
  returnNull: false,
  returnEmptyString: true,
  returnObjects: false,
  joinArrays: false,
  returnedObjectHandler: false,
  parseMissingKeyHandler: false,
  appendNamespaceToMissingKey: false,
  appendNamespaceToCIMode: false,
  overloadTranslationOptionHandler: [Function: overloadTranslationOptionHandler],
  interpolation: {
    escapeValue: false,
    format: [Function: bound format],
    prefix: '{{',
    suffix: '}}',
    formatSeparator: ',',
    unescapePrefix: '-',
    nestingPrefix: '$t(',
    nestingSuffix: ')',
    nestingOptionsSeparator: ',',
    maxReplaces: 1000,
    skipOnVariables: true
  },
  cacheInBuiltFormats: true,
  resources: { en: { translation: [Object] }, es: { translation: [Object] } },
  detection: {
    order: [ 'querystring', 'localStorage', 'navigator' ],
    caches: [ 'localStorage' ],
    lookupQuerystring: 'lng',
    lookupLocalStorage: 'indii_language',
    lookupCookie: 'i18next',
    lookupSessionStorage: 'i18nextLng',
    excludeCacheFor: [ 'cimode' ],
    convertDetectedLanguage: [Function: convertDetectedLanguage]
  },
  ignoreJSONStructure: true
}

stdout | packages/renderer/src/services/agent/specialists/GeneralistAgent.test.ts
[DistributorService] Registered adapter: DistroKid
[DistributorService] Registered adapter: TuneCore
[DistributorService] Registered adapter: CDBaby
[DistributorService] Registered adapter: Symphonic

stdout | packages/renderer/src/tests/RouterContext.test.tsx > Router Context Verification > renders App inside BrowserRouter without crashing
[RemoteRelay] 🔐 Setting up auth listener...
[RemoteRelay/Firestore] ⚡ Hook enabled state: false
[RemoteRelay/Firestore] 🔍 Command listener effect triggered, enabled=false
[RemoteRelay/Firestore] ⏸️ Not enabled — skipping command listener

 ✓ packages/renderer/src/core/components/chat/__tests__/ToolOutputRenderer.test.tsx (16 tests) 329ms
 ✓ packages/renderer/src/tests/RouterContext.test.tsx (2 tests) 255ms
 ✓ packages/renderer/src/components/__tests__/AgentModePicker.test.tsx (14 tests) 297ms
 ✓ packages/renderer/src/core/components/command-bar/AttachmentList.test.tsx (4 tests) 122ms
stdout | packages/renderer/src/services/agent/specialists/GeneralistAgent.test.ts > GeneralistAgent > should execute generate_image tool when requested by AI via native function calling
[GeneralistAgent] generate_image succeeded, setting break flag

 ✓ packages/renderer/src/services/agent/specialists/GeneralistAgent.test.ts (4 tests) 295ms
stdout | packages/renderer/src/modules/video/VideoWorkflow.test.tsx > VideoWorkflow > triggers video generation and sets jobId
[VideoGeneration] Prompt selection: {
  promptOverride: '(none)',
  localPrompt: '"Cyberpunk city..."',
  globalPrompt: '(empty)',
  selected: '"Cyberpunk city..."'
}
[VideoGeneration] 🔇 Audio suppression enabled — negative prompt augmented

 ✓ packages/renderer/src/modules/video/VideoWorkflow.test.tsx (2 tests) 188ms
stdout | packages/renderer/src/modules/creative/components/whisk/__tests__/WhiskDropZone.a11y.test.tsx
[DistributorService] Registered adapter: DistroKid
[DistributorService] Registered adapter: TuneCore
[DistributorService] Registered adapter: CDBaby
[DistributorService] Registered adapter: Symphonic

 ✓ packages/renderer/src/modules/merchandise/components/__tests__/LayersPanel.test.tsx (6 tests) 238ms
 ✓ packages/renderer/src/modules/creative/components/whisk/__tests__/WhiskDropZone.a11y.test.tsx (2 tests) 191ms
stdout | packages/renderer/src/services/agent/agent_tools_accessibility.test.ts > Agent Tool Accessibility Audit > GeneralistAgent (indii Conductor) Tool Access > should have access to full TOOL_REGISTRY
[AgentRegistry] Loading agent 'generalist' (attempt 1)...

stdout | packages/renderer/src/services/agent/agent_tools_accessibility.test.ts > Agent Tool Accessibility Audit > GeneralistAgent (indii Conductor) Tool Access > should have access to full TOOL_REGISTRY
[AgentRegistry] Agent 'generalist' loaded successfully

stdout | packages/renderer/src/services/agent/agent_tools_accessibility.test.ts > Agent Tool Accessibility Audit > Specialist Agent Tool Configurations > should audit each agent configuration for tool limits

⚠️ 3 agents are OVER the 24-tool limit:
   - Marketing Director: Has 15 + 12 superpowers = 27 total
   - Creative Director: Has 13 + 12 superpowers = 25 total
   - Distribution Director: Has 15 + 12 superpowers = 27 total

stdout | packages/renderer/src/services/agent/agent_tools_accessibility.test.ts > Agent Tool Accessibility Audit > Specialist Agent Tool Configurations > should verify all VALID_AGENT_IDS have registered loaders

🔍 Verifying Agent Registration:
[AgentRegistry] Loading agent 'marketing' (attempt 1)...

stdout | packages/renderer/src/services/agent/agent_tools_accessibility.test.ts > Agent Tool Accessibility Audit > Specialist Agent Tool Configurations > should verify all VALID_AGENT_IDS have registered loaders
[AgentRegistry] Agent 'marketing' loaded successfully

stdout | packages/renderer/src/services/agent/agent_tools_accessibility.test.ts > Agent Tool Accessibility Audit > Specialist Agent Tool Configurations > should verify all VALID_AGENT_IDS have registered loaders
   ✅ marketing: Marketing Director
[AgentRegistry] Loading agent 'legal' (attempt 1)...

stdout | packages/renderer/src/services/agent/agent_tools_accessibility.test.ts > Agent Tool Accessibility Audit > Specialist Agent Tool Configurations > should verify all VALID_AGENT_IDS have registered loaders
[AgentRegistry] Agent 'legal' loaded successfully

stdout | packages/renderer/src/services/agent/agent_tools_accessibility.test.ts > Agent Tool Accessibility Audit > Specialist Agent Tool Configurations > should verify all VALID_AGENT_IDS have registered loaders
   ✅ legal: Legal Director
[AgentRegistry] Loading agent 'legal.contracts' (attempt 1)...

stdout | packages/renderer/src/services/agent/agent_tools_accessibility.test.ts > Agent Tool Accessibility Audit > Specialist Agent Tool Configurations > should verify all VALID_AGENT_IDS have registered loaders
[AgentRegistry] Agent 'legal.contracts' loaded successfully

stdout | packages/renderer/src/services/agent/agent_tools_accessibility.test.ts > Agent Tool Accessibility Audit > Specialist Agent Tool Configurations > should verify all VALID_AGENT_IDS have registered loaders
   ✅ legal.contracts: Legal Worker: contracts
[AgentRegistry] Loading agent 'legal.compliance' (attempt 1)...

stdout | packages/renderer/src/services/agent/agent_tools_accessibility.test.ts > Agent Tool Accessibility Audit > Specialist Agent Tool Configurations > should verify all VALID_AGENT_IDS have registered loaders
[AgentRegistry] Agent 'legal.compliance' loaded successfully

stdout | packages/renderer/src/services/agent/agent_tools_accessibility.test.ts > Agent Tool Accessibility Audit > Specialist Agent Tool Configurations > should verify all VALID_AGENT_IDS have registered loaders
   ✅ legal.compliance: Legal Worker: compliance
[AgentRegistry] Loading agent 'finance' (attempt 1)...

stdout | packages/renderer/src/services/agent/agent_tools_accessibility.test.ts > Agent Tool Accessibility Audit > Specialist Agent Tool Configurations > should verify all VALID_AGENT_IDS have registered loaders
[AgentRegistry] Agent 'finance' loaded successfully

stdout | packages/renderer/src/services/agent/agent_tools_accessibility.test.ts > Agent Tool Accessibility Audit > Specialist Agent Tool Configurations > should verify all VALID_AGENT_IDS have registered loaders
   ✅ finance: Finance Director
[AgentRegistry] Loading agent 'finance.accounting' (attempt 1)...

stdout | packages/renderer/src/services/agent/agent_tools_accessibility.test.ts > Agent Tool Accessibility Audit > Specialist Agent Tool Configurations > should verify all VALID_AGENT_IDS have registered loaders
[AgentRegistry] Agent 'finance.accounting' loaded successfully

stdout | packages/renderer/src/services/agent/agent_tools_accessibility.test.ts > Agent Tool Accessibility Audit > Specialist Agent Tool Configurations > should verify all VALID_AGENT_IDS have registered loaders
   ✅ finance.accounting: Accounting Specialist
[AgentRegistry] Loading agent 'finance.tax' (attempt 1)...

stdout | packages/renderer/src/services/agent/agent_tools_accessibility.test.ts > Agent Tool Accessibility Audit > Specialist Agent Tool Configurations > should verify all VALID_AGENT_IDS have registered loaders
[AgentRegistry] Agent 'finance.tax' loaded successfully

stdout | packages/renderer/src/services/agent/agent_tools_accessibility.test.ts > Agent Tool Accessibility Audit > Specialist Agent Tool Configurations > should verify all VALID_AGENT_IDS have registered loaders
   ✅ finance.tax: Tax Specialist
[AgentRegistry] Loading agent 'finance.royalty' (attempt 1)...

stdout | packages/renderer/src/services/agent/agent_tools_accessibility.test.ts > Agent Tool Accessibility Audit > Specialist Agent Tool Configurations > should verify all VALID_AGENT_IDS have registered loaders
[AgentRegistry] Agent 'finance.royalty' loaded successfully

stdout | packages/renderer/src/services/agent/agent_tools_accessibility.test.ts > Agent Tool Accessibility Audit > Specialist Agent Tool Configurations > should verify all VALID_AGENT_IDS have registered loaders
   ✅ finance.royalty: Royalty Specialist
[AgentRegistry] Loading agent 'producer' (attempt 1)...

stdout | packages/renderer/src/services/agent/agent_tools_accessibility.test.ts > Agent Tool Accessibility Audit > Specialist Agent Tool Configurations > should verify all VALID_AGENT_IDS have registered loaders
[AgentRegistry] Agent 'producer' loaded successfully

stdout | packages/renderer/src/services/agent/agent_tools_accessibility.test.ts > Agent Tool Accessibility Audit > Specialist Agent Tool Configurations > should verify all VALID_AGENT_IDS have registered loaders
   ✅ producer: Production Director
[AgentRegistry] Loading agent 'director' (attempt 1)...

stdout | packages/renderer/src/services/agent/agent_tools_accessibility.test.ts > Agent Tool Accessibility Audit > Specialist Agent Tool Configurations > should verify all VALID_AGENT_IDS have registered loaders
[AgentRegistry] Agent 'director' loaded successfully

stdout | packages/renderer/src/services/agent/agent_tools_accessibility.test.ts > Agent Tool Accessibility Audit > Specialist Agent Tool Configurations > should verify all VALID_AGENT_IDS have registered loaders
   ✅ director: Creative Director
[AgentRegistry] Loading agent 'screenwriter' (attempt 1)...

stdout | packages/renderer/src/services/agent/agent_tools_accessibility.test.ts > Agent Tool Accessibility Audit > Specialist Agent Tool Configurations > should verify all VALID_AGENT_IDS have registered loaders
[AgentRegistry] Agent 'screenwriter' loaded successfully

stdout | packages/renderer/src/services/agent/agent_tools_accessibility.test.ts > Agent Tool Accessibility Audit > Specialist Agent Tool Configurations > should verify all VALID_AGENT_IDS have registered loaders
   ✅ screenwriter: Screenwriting Director
[AgentRegistry] Loading agent 'video' (attempt 1)...

stdout | packages/renderer/src/services/agent/agent_tools_accessibility.test.ts > Agent Tool Accessibility Audit > Specialist Agent Tool Configurations > should verify all VALID_AGENT_IDS have registered loaders
[AgentRegistry] Agent 'video' loaded successfully

stdout | packages/renderer/src/services/agent/agent_tools_accessibility.test.ts > Agent Tool Accessibility Audit > Specialist Agent Tool Configurations > should verify all VALID_AGENT_IDS have registered loaders
   ✅ video: Video Director
[AgentRegistry] Loading agent 'social' (attempt 1)...

stdout | packages/renderer/src/services/agent/agent_tools_accessibility.test.ts > Agent Tool Accessibility Audit > Specialist Agent Tool Configurations > should verify all VALID_AGENT_IDS have registered loaders
[AgentRegistry] Agent 'social' loaded successfully

stdout | packages/renderer/src/services/agent/agent_tools_accessibility.test.ts > Agent Tool Accessibility Audit > Specialist Agent Tool Configurations > should verify all VALID_AGENT_IDS have registered loaders
   ✅ social: Social Media Director
[AgentRegistry] Loading agent 'publicist' (attempt 1)...

stdout | packages/renderer/src/services/agent/agent_tools_accessibility.test.ts > Agent Tool Accessibility Audit > Specialist Agent Tool Configurations > should verify all VALID_AGENT_IDS have registered loaders
[AgentRegistry] Agent 'publicist' loaded successfully

stdout | packages/renderer/src/services/agent/agent_tools_accessibility.test.ts > Agent Tool Accessibility Audit > Specialist Agent Tool Configurations > should verify all VALID_AGENT_IDS have registered loaders
   ✅ publicist: Publicist Director
[AgentRegistry] Loading agent 'road' (attempt 1)...

stdout | packages/renderer/src/services/agent/agent_tools_accessibility.test.ts > Agent Tool Accessibility Audit > Specialist Agent Tool Configurations > should verify all VALID_AGENT_IDS have registered loaders
[AgentRegistry] Agent 'road' loaded successfully

stdout | packages/renderer/src/services/agent/agent_tools_accessibility.test.ts > Agent Tool Accessibility Audit > Specialist Agent Tool Configurations > should verify all VALID_AGENT_IDS have registered loaders
   ✅ road: Road Director
[AgentRegistry] Loading agent 'creative' (attempt 1)...

stdout | packages/renderer/src/services/agent/agent_tools_accessibility.test.ts > Agent Tool Accessibility Audit > Specialist Agent Tool Configurations > should verify all VALID_AGENT_IDS have registered loaders
[AgentRegistry] Agent 'creative' loaded successfully

stdout | packages/renderer/src/services/agent/agent_tools_accessibility.test.ts > Agent Tool Accessibility Audit > Specialist Agent Tool Configurations > should verify all VALID_AGENT_IDS have registered loaders
   ✅ creative: Creative Director
[AgentRegistry] Loading agent 'publishing' (attempt 1)...

stdout | packages/renderer/src/services/agent/agent_tools_accessibility.test.ts > Agent Tool Accessibility Audit > Specialist Agent Tool Configurations > should verify all VALID_AGENT_IDS have registered loaders
[AgentRegistry] Agent 'publishing' loaded successfully

stdout | packages/renderer/src/services/agent/agent_tools_accessibility.test.ts > Agent Tool Accessibility Audit > Specialist Agent Tool Configurations > should verify all VALID_AGENT_IDS have registered loaders
   ✅ publishing: Publishing Director
[AgentRegistry] Loading agent 'licensing' (attempt 1)...

stdout | packages/renderer/src/services/agent/agent_tools_accessibility.test.ts > Agent Tool Accessibility Audit > Specialist Agent Tool Configurations > should verify all VALID_AGENT_IDS have registered loaders
[AgentRegistry] Agent 'licensing' loaded successfully

stdout | packages/renderer/src/services/agent/agent_tools_accessibility.test.ts > Agent Tool Accessibility Audit > Specialist Agent Tool Configurations > should verify all VALID_AGENT_IDS have registered loaders
   ✅ licensing: Licensing Director
[AgentRegistry] Loading agent 'brand' (attempt 1)...

stdout | packages/renderer/src/services/agent/agent_tools_accessibility.test.ts > Agent Tool Accessibility Audit > Specialist Agent Tool Configurations > should verify all VALID_AGENT_IDS have registered loaders
[AgentRegistry] Agent 'brand' loaded successfully

stdout | packages/renderer/src/services/agent/agent_tools_accessibility.test.ts > Agent Tool Accessibility Audit > Specialist Agent Tool Configurations > should verify all VALID_AGENT_IDS have registered loaders
   ✅ brand: Brand Director
[AgentRegistry] Loading agent 'devops' (attempt 1)...

stdout | packages/renderer/src/services/agent/agent_tools_accessibility.test.ts > Agent Tool Accessibility Audit > Specialist Agent Tool Configurations > should verify all VALID_AGENT_IDS have registered loaders
[AgentRegistry] Agent 'devops' loaded successfully

stdout | packages/renderer/src/services/agent/agent_tools_accessibility.test.ts > Agent Tool Accessibility Audit > Specialist Agent Tool Configurations > should verify all VALID_AGENT_IDS have registered loaders
   ✅ devops: DevOps Director
[AgentRegistry] Loading agent 'security' (attempt 1)...

stdout | packages/renderer/src/services/agent/agent_tools_accessibility.test.ts > Agent Tool Accessibility Audit > Specialist Agent Tool Configurations > should verify all VALID_AGENT_IDS have registered loaders
[AgentRegistry] Agent 'security' loaded successfully

stdout | packages/renderer/src/services/agent/agent_tools_accessibility.test.ts > Agent Tool Accessibility Audit > Specialist Agent Tool Configurations > should verify all VALID_AGENT_IDS have registered loaders
   ✅ security: Security Director
[AgentRegistry] Loading agent 'merchandise' (attempt 1)...

stdout | packages/renderer/src/services/agent/agent_tools_accessibility.test.ts > Agent Tool Accessibility Audit > Specialist Agent Tool Configurations > should verify all VALID_AGENT_IDS have registered loaders
[AgentRegistry] Agent 'merchandise' loaded successfully

stdout | packages/renderer/src/services/agent/agent_tools_accessibility.test.ts > Agent Tool Accessibility Audit > Specialist Agent Tool Configurations > should verify all VALID_AGENT_IDS have registered loaders
   ✅ merchandise: Producer
[AgentRegistry] Loading agent 'distribution' (attempt 1)...

stdout | packages/renderer/src/services/agent/agent_tools_accessibility.test.ts > Agent Tool Accessibility Audit > Specialist Agent Tool Configurations > should verify all VALID_AGENT_IDS have registered loaders
[AgentRegistry] Agent 'distribution' loaded successfully

stdout | packages/renderer/src/services/agent/agent_tools_accessibility.test.ts > Agent Tool Accessibility Audit > Specialist Agent Tool Configurations > should verify all VALID_AGENT_IDS have registered loaders
   ✅ distribution: Distribution Director
[AgentRegistry] Loading agent 'music' (attempt 1)...

stdout | packages/renderer/src/services/agent/agent_tools_accessibility.test.ts > Agent Tool Accessibility Audit > Specialist Agent Tool Configurations > should verify all VALID_AGENT_IDS have registered loaders
[AgentRegistry] Agent 'music' loaded successfully

stdout | packages/renderer/src/services/agent/agent_tools_accessibility.test.ts > Agent Tool Accessibility Audit > Specialist Agent Tool Configurations > should verify all VALID_AGENT_IDS have registered loaders
   ✅ music: Music Director
[AgentRegistry] Loading agent 'curriculum' (attempt 1)...

stdout | packages/renderer/src/services/agent/agent_tools_accessibility.test.ts > Agent Tool Accessibility Audit > Specialist Agent Tool Configurations > should verify all VALID_AGENT_IDS have registered loaders
[AgentRegistry] Agent 'curriculum' loaded successfully

stdout | packages/renderer/src/services/agent/agent_tools_accessibility.test.ts > Agent Tool Accessibility Audit > Specialist Agent Tool Configurations > should verify all VALID_AGENT_IDS have registered loaders
   ✅ curriculum: Music Education Specialist
[AgentRegistry] Loading agent 'keeper' (attempt 1)...

stdout | packages/renderer/src/services/agent/agent_tools_accessibility.test.ts > Agent Tool Accessibility Audit > Specialist Agent Tool Configurations > should verify all VALID_AGENT_IDS have registered loaders
[AgentRegistry] Agent 'keeper' loaded successfully

stdout | packages/renderer/src/services/agent/agent_tools_accessibility.test.ts > Agent Tool Accessibility Audit > Specialist Agent Tool Configurations > should verify all VALID_AGENT_IDS have registered loaders
   ✅ keeper: Keeper

stdout | packages/renderer/src/services/agent/agent_tools_accessibility.test.ts > Agent Tool Accessibility Audit > Specialist Agent Tool Configurations > should verify all VALID_AGENT_IDS have registered loaders
   ✅ generalist: indii Conductor

stdout | packages/renderer/src/services/agent/agent_tools_accessibility.test.ts > Agent Tool Accessibility Audit > Tool Function Implementation Verification > should verify all agent-specific tools have implementations

❌ Missing Tool Implementations:
   - Marketing Director: generate_ab_campaign
   - Marketing Director: deploy_micro_ad_campaign
   - Marketing Director: deploy_email_newsletter
   - Marketing Director: generate_presave_campaign
   - Marketing Director: deploy_sms_blast
   - Marketing Director: enrich_fan_data
   - Marketing Director: generate_influencer_bounty
   - Video Director: orchestrate_timeline
   - Social Media Director: analyze_sentiment
   - Social Media Director: multi_platform_autopost
   - Social Media Director: dispatch_community_webhook
   - Road Director: generate_visa_checklist
   - Publishing Director: check_pro_catalog

 ✓ packages/renderer/src/services/agent/agent_tools_accessibility.test.ts (7 tests) 141ms
 ✓ packages/renderer/src/modules/video/components/ReviewStep.test.tsx (5 tests) 135ms
 ✓ packages/renderer/src/modules/creative/components/__tests__/CanvasHeader.test.tsx (17 tests) 97ms
stdout | packages/renderer/src/services/agent/__tests__/DatasetQuality.validation.test.ts > 📊 Dataset Quality Validation > Dataset Totals Cross-Reference > should print dataset summary for reporting

📊 Dataset Summary:
┌─────────┬────────────────┬──────────┬─────────────┐
│ (index) │ agent          │ examples │ parseErrors │
├─────────┼────────────────┼──────────┼─────────────┤
│ 0       │ 'brand'        │ 400      │ 0           │
│ 1       │ 'curriculum'   │ 400      │ 0           │
│ 2       │ 'devops'       │ 400      │ 0           │
│ 3       │ 'director'     │ 400      │ 0           │
│ 4       │ 'distribution' │ 500      │ 0           │
│ 5       │ 'finance'      │ 480      │ 0           │
│ 6       │ 'generalist'   │ 460      │ 0           │
│ 7       │ 'legal'        │ 480      │ 0           │
│ 8       │ 'licensing'    │ 400      │ 0           │
│ 9       │ 'marketing'    │ 500      │ 0           │
│ 10      │ 'merchandise'  │ 400      │ 0           │
│ 11      │ 'music'        │ 400      │ 0           │
│ 12      │ 'producer'     │ 400      │ 0           │
│ 13      │ 'publicist'    │ 400      │ 0           │
│ 14      │ 'publishing'   │ 400      │ 0           │
│ 15      │ 'road'         │ 400      │ 0           │
│ 16      │ 'screenwriter' │ 400      │ 0           │
│ 17      │ 'security'     │ 400      │ 0           │
│ 18      │ 'social'       │ 400      │ 0           │
│ 19      │ 'video'        │ 400      │ 0           │
└─────────┴────────────────┴──────────┴─────────────┘
Total: 8420 examples across 20 files

 ✓ packages/renderer/src/services/agent/__tests__/DatasetQuality.validation.test.ts (13 tests) 152ms
 ✓ packages/renderer/src/core/components/CommandBar.responsive.test.tsx (2 tests) 181ms
 ✓ packages/renderer/src/modules/touring/components/RiderChecklist.test.tsx (5 tests) 135ms
 ✓ packages/renderer/src/modules/agent/components/BrowserAgentTester.test.tsx (5 tests) 250ms
 ✓ packages/renderer/src/modules/video/editor/components/VideoTimeline.test.tsx (5 tests) 140ms
 ✓ packages/renderer/src/core/components/chat/CodeBlock.test.tsx (3 tests) 144ms
stdout | scratch/test-bug.test.ts > BugReportTools - GitHub Proof of Life > should successfully post a bug report to GitHub
GitHub Token length: 40
GitHub Repo: the-walking-agency-det/indiiOS-Clean

stdout | scratch/test-bug.test.ts > BugReportTools - GitHub Proof of Life > should successfully post a bug report to GitHub
[BugReportTools] Bug report saved: bug-1778698355583-imr9li — "Proof of Life: Automated Agent Bug Reporter Test"

stdout | scratch/test-bug.test.ts > BugReportTools - GitHub Proof of Life > should successfully post a bug report to GitHub
[BugReportTools] Cloud Function response: undefined {}

stdout | scratch/test-bug.test.ts > BugReportTools - GitHub Proof of Life > should successfully post a bug report to GitHub
Tool Execution Result: {
  success: true,
  data: {
    bugId: 'bug-1778698355583-imr9li',
    title: 'Proof of Life: Automated Agent Bug Reporter Test',
    severity: 'minor',
    markdownBody: '## Bug Report\n' +
      '\n' +
      '**Severity:** `MINOR`\n' +
      '**Module:** `system_test`\n' +
      '**Reported:** 2026-05-13T18:52:35.583Z\n' +
      '**Reporter:** Agent (automated)\n' +
      '\n' +
      '### Description\n' +
      'This is an automated test from the AI agent verifying that the GitHub issue reporting pipeline is fully operational.\n' +
      '\n' +
      '### Steps to Reproduce\n' +
      '1. Agent executes `report_bug` tool.\n' +
      '2. GitHub API creates this issue.\n' +
      '\n' +
      '### Expected Behavior\n' +
      'A new issue should be successfully created with correct labels and formatting.\n' +
      '\n' +
      '### Actual Behavior\n' +
      'Issue is successfully generated and formatted.\n' +
      '\n' +
      '### Error Message\n' +
      '```\n' +
      'None - successful test execution.\n' +
      '```\n' +
      '\n' +
      '### Environment\n' +
      '- Project: `N/A`\n' +
      '- Module: `N/A`\n' +
      '- Platform: `Mozilla/5.0 (darwin) AppleWebKit/537.36 (KHTML, like Gecko) jsdom/29.1.0`\n' +
      '\n' +
      '---\n' +
      '*This bug was automatically reported by the indii agent.*',
    firestore: 'ok',
    github: undefined,
    issueUrl: undefined,
    message: 'Bug report created locally: "Proof of Life: Automated Agent Bug Reporter Test" (minor). GitHub sync failed.'
  },
  message: undefined,
  metadata: { timestamp: 1778698355679, latencyMs: 96, toolName: 'report_bug' }
}

 ✓ scratch/test-bug.test.ts (1 test) 100ms
stdout | packages/renderer/src/services/agent/AgentService.security.test.ts
[AgentRegistry] Pre-warming Generalist agent...
[AgentRegistry] Loading agent 'generalist' (attempt 1)...

stdout | packages/renderer/src/services/agent/AgentService.security.test.ts > 🛡️ Shield: Agent PII Security Test > should redact Credit Card numbers before sending to LLM
[AgentRegistry] Pre-warming Generalist agent...

stdout | packages/renderer/src/services/agent/AgentService.security.test.ts > 🛡️ Shield: Agent PII Security Test > should redact Credit Card numbers before sending to LLM
[AgentRegistry] Pre-warming Generalist agent...

stdout | packages/renderer/src/core/components/MobileNav.responsive.test.tsx
[DistributorService] Registered adapter: DistroKid
[DistributorService] Registered adapter: TuneCore
[DistributorService] Registered adapter: CDBaby
[DistributorService] Registered adapter: Symphonic

 ✓ packages/renderer/src/modules/settings/SettingsPanel.test.tsx (13 tests) 140ms
 ✓ packages/renderer/src/components/kokonutui/ai-input-search.mobile.test.tsx (4 tests) 159ms
 ✓ packages/renderer/src/services/agent/tools/DistributionTools.test.ts (15 tests) 132ms
 ✓ packages/renderer/src/components/kokonutui/file-upload.a11y.test.tsx (4 tests) 256ms
stdout | packages/renderer/src/services/agent/AgentService.security.test.ts > 🛡️ Shield: Agent PII Security Test > should redact Credit Card numbers before sending to LLM
[AgentRegistry] Agent 'generalist' loaded successfully

stdout | packages/renderer/src/services/agent/AgentService.security.test.ts > 🛡️ Shield: Agent PII Security Test > should redact Credit Card numbers before sending to LLM
[AgentRegistry] Generalist agent pre-warmed successfully
[AgentRegistry] Generalist agent pre-warmed successfully
[AgentRegistry] Generalist agent pre-warmed successfully

stdout | packages/renderer/src/services/agent/AgentService.security.test.ts > 🛡️ Shield: Agent PII Security Test > should redact Credit Card numbers before sending to LLM
🔒 PII Detected and Redacted from Agent Input
[AgentService] sendMessage routing: { isBoardroomMode: false }

stdout | packages/renderer/src/services/agent/AgentService.security.test.ts > 🛡️ Shield: Agent PII Security Test > should redact Credit Card numbers before sending to LLM
[AgentService] Orchestration Path: single { reasoning: 'Fallback due to orchestration error' }

stdout | packages/renderer/src/services/agent/AgentService.security.test.ts > 🛡️ Shield: Agent PII Security Test > should redact Passwords before sending to LLM
🔒 PII Detected and Redacted from Agent Input
[AgentService] sendMessage routing: { isBoardroomMode: false }

stdout | packages/renderer/src/services/agent/AgentService.security.test.ts > 🛡️ Shield: Agent PII Security Test > should redact Passwords before sending to LLM
[AgentService] Orchestration Path: single { reasoning: 'Fallback due to orchestration error' }

stdout | packages/renderer/src/services/agent/AgentService.security.test.ts > 🛡️ Guard Rails: Injection via sendMessage is sanitized at store layer > should complete without error when injection is in user message
[AgentService] sendMessage routing: { isBoardroomMode: false }

stdout | packages/renderer/src/services/agent/AgentService.security.test.ts > 🛡️ Guard Rails: Injection via sendMessage is sanitized at store layer > should pass clean messages through without modification to history
[AgentService] sendMessage routing: { isBoardroomMode: false }

stdout | packages/renderer/src/services/agent/AgentService.security.test.ts > 🛡️ Guard Rails: Injection via sendMessage is sanitized at store layer > should pass clean messages through without modification to history
[AgentService] Orchestration Path: single { reasoning: 'Fallback due to orchestration error' }

 ✓ packages/renderer/src/services/agent/AgentService.security.test.ts (33 tests) 232ms
stdout | packages/renderer/src/components/PWAInstallPrompt.test.tsx > PWAInstallPrompt > should render if can install and not dismissed
[PWA] install_prompt_shown

stdout | packages/renderer/src/components/PWAInstallPrompt.test.tsx > PWAInstallPrompt > should call showPWAInstall when install button is clicked
[PWA] install_prompt_shown

stdout | packages/renderer/src/components/PWAInstallPrompt.test.tsx > PWAInstallPrompt > should call showPWAInstall when install button is clicked
[PWA] install_prompt_accepted

stdout | packages/renderer/src/components/PWAInstallPrompt.test.tsx > PWAInstallPrompt > should call showPWAInstall when install button is clicked
[PWA] install_prompt_installed

 ✓ packages/renderer/src/services/agent/tools/AgentTools.integration.test.ts (7 tests) 183ms
stdout | packages/renderer/src/components/PWAInstallPrompt.test.tsx > PWAInstallPrompt > should trigger success haptic when install is accepted
[PWA] install_prompt_shown

stdout | packages/renderer/src/components/PWAInstallPrompt.test.tsx > PWAInstallPrompt > should trigger success haptic when install is accepted
[PWA] install_prompt_accepted

stdout | packages/renderer/src/components/PWAInstallPrompt.test.tsx > PWAInstallPrompt > should trigger success haptic when install is accepted
[PWA] install_prompt_installed

stdout | packages/renderer/src/components/PWAInstallPrompt.test.tsx > PWAInstallPrompt > should dismiss and save to localStorage when dismiss button is clicked
[PWA] install_prompt_shown

stdout | packages/renderer/src/components/PWAInstallPrompt.test.tsx > PWAInstallPrompt > should dismiss and save to localStorage when dismiss button is clicked
[PWA] install_prompt_dismissed

 ✓ packages/renderer/src/components/PWAInstallPrompt.test.tsx (8 tests) 68ms
 ✓ packages/renderer/src/modules/merchandise/components/StandardMerch.pulse.test.tsx (3 tests) 120ms
stdout | packages/renderer/src/components/project/ResourceTree.a11y.test.tsx
[DistributorService] Registered adapter: DistroKid
[DistributorService] Registered adapter: TuneCore
[DistributorService] Registered adapter: CDBaby
[DistributorService] Registered adapter: Symphonic

 ✓ packages/renderer/src/modules/dashboard/components/SalesAnalytics.test.tsx (4 tests) 104ms
 ✓ packages/renderer/src/core/components/MobileNav.responsive.test.tsx (5 tests) 674ms
     ✓ navigates when an item is clicked  542ms
 ✓ packages/renderer/src/components/studio/PropertiesPanel.test.tsx (2 tests) 115ms
 ✓ packages/renderer/src/modules/video/components/VideoNavbar.a11y.test.tsx (4 tests) 166ms
 ✓ packages/renderer/src/modules/creative/components/DaisyChainControls.test.tsx (12 tests) 136ms
 ✓ packages/renderer/src/modules/marketplace/components/ProductCard.test.tsx (3 tests) 186ms
 ✓ packages/renderer/src/modules/finance/components/LabelDealRecoupment.test.tsx (5 tests) 200ms
 ✓ packages/renderer/src/components/project/ResourceTree.a11y.test.tsx (4 tests) 343ms
 ✓ packages/renderer/src/hooks/useAgentStream.test.ts (7 tests) 19ms
 ✓ packages/renderer/src/modules/creative/components/__tests__/DaisyChainControls.test.tsx (4 tests) 182ms
 ✓ packages/renderer/src/modules/video/components/DailyItem.test.tsx (2 tests) 95ms
 ✓ packages/renderer/src/components/ui/button.test.tsx (6 tests) 167ms
 ✓ packages/renderer/src/modules/marketing/components/CreateCampaignModal.a11y.test.tsx (6 tests) 258ms
 ✓ packages/renderer/src/modules/creative/components/CreativeGallery.interaction.test.tsx (6 tests) 86ms
 ✓ packages/renderer/src/core/components/chat/JsonViewer.test.tsx (4 tests) 229ms
stdout | packages/renderer/src/services/agent/__tests__/AgentService.security.test.ts > BaseAgent Runtime Tool Authorization > blocks a tool not in authorizedTools and injects error into toolCalls
[AgentIdentity] Minted identity for Test Security Agent (test-security-agent): instance=3793dd36..., fingerprint=c5d728c07f99...

stdout | packages/renderer/src/services/agent/__tests__/AgentService.security.test.ts > BaseAgent Runtime Tool Authorization > blocks a tool not in authorizedTools and injects error into toolCalls
[ModelArmor] Scanning input...

stdout | packages/renderer/src/services/agent/__tests__/AgentService.security.test.ts > BaseAgent Runtime Tool Authorization > blocks a tool not in authorizedTools and injects error into toolCalls
[DEBUG] BaseAgent calling GenAI.generateContent for test-security-agent, iteration 1

stdout | packages/renderer/src/services/agent/__tests__/AgentService.security.test.ts > BaseAgent Runtime Tool Authorization > blocks a tool not in authorizedTools and injects error into toolCalls
[ModelArmor] Scanning input...

stdout | packages/renderer/src/services/agent/__tests__/AgentService.security.test.ts > BaseAgent Runtime Tool Authorization > blocks a tool not in authorizedTools and injects error into toolCalls
[DEBUG] BaseAgent calling GenAI.generateContent for test-security-agent, iteration 2

stdout | packages/renderer/src/services/agent/__tests__/AgentService.security.test.ts > BaseAgent Runtime Tool Authorization > blocks a tool not in authorizedTools and injects error into toolCalls
[ModelArmor] Scanning output...

stdout | packages/renderer/src/services/agent/__tests__/AgentService.security.test.ts > BaseAgent Runtime Tool Authorization > marketing: delegate_task is blocked (hub-only)
[AgentIdentity] Minted identity for Test marketing (marketing): instance=74da1977..., fingerprint=a2dc1f11aeff...

stdout | packages/renderer/src/services/agent/__tests__/AgentService.security.test.ts > BaseAgent Runtime Tool Authorization > marketing: delegate_task is blocked (hub-only)
[ModelArmor] Scanning input...

stdout | packages/renderer/src/services/agent/__tests__/AgentService.security.test.ts > BaseAgent Runtime Tool Authorization > marketing: delegate_task is blocked (hub-only)
[DEBUG] BaseAgent calling GenAI.generateContent for marketing, iteration 1

stdout | packages/renderer/src/services/agent/__tests__/AgentService.security.test.ts > BaseAgent Runtime Tool Authorization > marketing: delegate_task is blocked (hub-only)
[ModelArmor] Scanning input...

stdout | packages/renderer/src/services/agent/__tests__/AgentService.security.test.ts > BaseAgent Runtime Tool Authorization > marketing: delegate_task is blocked (hub-only)
[DEBUG] BaseAgent calling GenAI.generateContent for marketing, iteration 2

stdout | packages/renderer/src/services/agent/__tests__/AgentService.security.test.ts > BaseAgent Runtime Tool Authorization > marketing: delegate_task is blocked (hub-only)
[ModelArmor] Scanning output...

stdout | packages/renderer/src/services/agent/__tests__/AgentService.security.test.ts > BaseAgent Runtime Tool Authorization > legal: delegate_task is blocked (hub-only)
[AgentIdentity] Minted identity for Test legal (legal): instance=9f91bac8..., fingerprint=f071683f1e57...

stdout | packages/renderer/src/services/agent/__tests__/AgentService.security.test.ts > BaseAgent Runtime Tool Authorization > legal: delegate_task is blocked (hub-only)
[ModelArmor] Scanning input...

stdout | packages/renderer/src/services/agent/__tests__/AgentService.security.test.ts > BaseAgent Runtime Tool Authorization > legal: delegate_task is blocked (hub-only)
[DEBUG] BaseAgent calling GenAI.generateContent for legal, iteration 1

stdout | packages/renderer/src/services/agent/__tests__/AgentService.security.test.ts > BaseAgent Runtime Tool Authorization > legal: delegate_task is blocked (hub-only)
[ModelArmor] Scanning input...

stdout | packages/renderer/src/services/agent/__tests__/AgentService.security.test.ts > BaseAgent Runtime Tool Authorization > legal: delegate_task is blocked (hub-only)
[DEBUG] BaseAgent calling GenAI.generateContent for legal, iteration 2

stdout | packages/renderer/src/services/agent/__tests__/AgentService.security.test.ts > BaseAgent Runtime Tool Authorization > legal: delegate_task is blocked (hub-only)
[ModelArmor] Scanning output...

stdout | packages/renderer/src/services/agent/__tests__/AgentService.security.test.ts > BaseAgent Runtime Tool Authorization > finance: delegate_task is blocked (hub-only)
[AgentIdentity] Minted identity for Test finance (finance): instance=e6fd8691..., fingerprint=f77a3c3eed79...

stdout | packages/renderer/src/services/agent/__tests__/AgentService.security.test.ts > BaseAgent Runtime Tool Authorization > finance: delegate_task is blocked (hub-only)
[ModelArmor] Scanning input...

stdout | packages/renderer/src/services/agent/__tests__/AgentService.security.test.ts > BaseAgent Runtime Tool Authorization > finance: delegate_task is blocked (hub-only)
[DEBUG] BaseAgent calling GenAI.generateContent for finance, iteration 1

stdout | packages/renderer/src/services/agent/__tests__/AgentService.security.test.ts > BaseAgent Runtime Tool Authorization > finance: delegate_task is blocked (hub-only)
[ModelArmor] Scanning input...

stdout | packages/renderer/src/services/agent/__tests__/AgentService.security.test.ts > BaseAgent Runtime Tool Authorization > finance: delegate_task is blocked (hub-only)
[DEBUG] BaseAgent calling GenAI.generateContent for finance, iteration 2

stdout | packages/renderer/src/services/agent/__tests__/AgentService.security.test.ts > BaseAgent Runtime Tool Authorization > finance: delegate_task is blocked (hub-only)
[ModelArmor] Scanning output...

stdout | packages/renderer/src/services/agent/__tests__/AgentService.security.test.ts > BaseAgent Runtime Tool Authorization > producer: delegate_task is blocked (hub-only)
[AgentIdentity] Minted identity for Test producer (producer): instance=81c159bd..., fingerprint=aa1d663fe110...

stdout | packages/renderer/src/services/agent/__tests__/AgentService.security.test.ts > BaseAgent Runtime Tool Authorization > producer: delegate_task is blocked (hub-only)
[ModelArmor] Scanning input...

stdout | packages/renderer/src/services/agent/__tests__/AgentService.security.test.ts > BaseAgent Runtime Tool Authorization > producer: delegate_task is blocked (hub-only)
[DEBUG] BaseAgent calling GenAI.generateContent for producer, iteration 1

stdout | packages/renderer/src/services/agent/__tests__/AgentService.security.test.ts > BaseAgent Runtime Tool Authorization > producer: delegate_task is blocked (hub-only)
[ModelArmor] Scanning input...

stdout | packages/renderer/src/services/agent/__tests__/AgentService.security.test.ts > BaseAgent Runtime Tool Authorization > producer: delegate_task is blocked (hub-only)
[DEBUG] BaseAgent calling GenAI.generateContent for producer, iteration 2

stdout | packages/renderer/src/services/agent/__tests__/AgentService.security.test.ts > BaseAgent Runtime Tool Authorization > producer: delegate_task is blocked (hub-only)
[ModelArmor] Scanning output...

stdout | packages/renderer/src/services/agent/__tests__/AgentService.security.test.ts > BaseAgent Runtime Tool Authorization > director: delegate_task is blocked (hub-only)
[AgentIdentity] Minted identity for Test director (director): instance=a39cba2b..., fingerprint=31f5271b81b6...

stdout | packages/renderer/src/services/agent/__tests__/AgentService.security.test.ts > BaseAgent Runtime Tool Authorization > director: delegate_task is blocked (hub-only)
[ModelArmor] Scanning input...

stdout | packages/renderer/src/services/agent/__tests__/AgentService.security.test.ts > BaseAgent Runtime Tool Authorization > director: delegate_task is blocked (hub-only)
[DEBUG] BaseAgent calling GenAI.generateContent for director, iteration 1

stdout | packages/renderer/src/services/agent/__tests__/AgentService.security.test.ts > BaseAgent Runtime Tool Authorization > director: delegate_task is blocked (hub-only)
[ModelArmor] Scanning input...

stdout | packages/renderer/src/services/agent/__tests__/AgentService.security.test.ts > BaseAgent Runtime Tool Authorization > director: delegate_task is blocked (hub-only)
[DEBUG] BaseAgent calling GenAI.generateContent for director, iteration 2

stdout | packages/renderer/src/services/agent/__tests__/AgentService.security.test.ts > BaseAgent Runtime Tool Authorization > director: delegate_task is blocked (hub-only)
[ModelArmor] Scanning output...

stdout | packages/renderer/src/services/agent/__tests__/AgentService.security.test.ts > BaseAgent Runtime Tool Authorization > screenwriter: delegate_task is blocked (hub-only)
[AgentIdentity] Minted identity for Test screenwriter (screenwriter): instance=4cc799de..., fingerprint=f645273dad73...

stdout | packages/renderer/src/services/agent/__tests__/AgentService.security.test.ts > BaseAgent Runtime Tool Authorization > screenwriter: delegate_task is blocked (hub-only)
[ModelArmor] Scanning input...

stdout | packages/renderer/src/services/agent/__tests__/AgentService.security.test.ts > BaseAgent Runtime Tool Authorization > screenwriter: delegate_task is blocked (hub-only)
[DEBUG] BaseAgent calling GenAI.generateContent for screenwriter, iteration 1

stdout | packages/renderer/src/services/agent/__tests__/AgentService.security.test.ts > BaseAgent Runtime Tool Authorization > screenwriter: delegate_task is blocked (hub-only)
[ModelArmor] Scanning input...

stdout | packages/renderer/src/services/agent/__tests__/AgentService.security.test.ts > BaseAgent Runtime Tool Authorization > screenwriter: delegate_task is blocked (hub-only)
[DEBUG] BaseAgent calling GenAI.generateContent for screenwriter, iteration 2

stdout | packages/renderer/src/services/agent/__tests__/AgentService.security.test.ts > BaseAgent Runtime Tool Authorization > screenwriter: delegate_task is blocked (hub-only)
[ModelArmor] Scanning output...

stdout | packages/renderer/src/services/agent/__tests__/AgentService.security.test.ts > BaseAgent Runtime Tool Authorization > video: delegate_task is blocked (hub-only)
[AgentIdentity] Minted identity for Test video (video): instance=7f72ebbf..., fingerprint=b59ab8dc1c2c...

stdout | packages/renderer/src/services/agent/__tests__/AgentService.security.test.ts > BaseAgent Runtime Tool Authorization > video: delegate_task is blocked (hub-only)
[ModelArmor] Scanning input...

stdout | packages/renderer/src/services/agent/__tests__/AgentService.security.test.ts > BaseAgent Runtime Tool Authorization > video: delegate_task is blocked (hub-only)
[DEBUG] BaseAgent calling GenAI.generateContent for video, iteration 1

stdout | packages/renderer/src/services/agent/__tests__/AgentService.security.test.ts > BaseAgent Runtime Tool Authorization > video: delegate_task is blocked (hub-only)
[ModelArmor] Scanning input...

stdout | packages/renderer/src/services/agent/__tests__/AgentService.security.test.ts > BaseAgent Runtime Tool Authorization > video: delegate_task is blocked (hub-only)
[DEBUG] BaseAgent calling GenAI.generateContent for video, iteration 2

stdout | packages/renderer/src/services/agent/__tests__/AgentService.security.test.ts > BaseAgent Runtime Tool Authorization > video: delegate_task is blocked (hub-only)
[ModelArmor] Scanning output...

stdout | packages/renderer/src/services/agent/__tests__/AgentService.security.test.ts > BaseAgent Runtime Tool Authorization > social: delegate_task is blocked (hub-only)
[AgentIdentity] Minted identity for Test social (social): instance=eaaa56f2..., fingerprint=edf85bb7b508...

stdout | packages/renderer/src/services/agent/__tests__/AgentService.security.test.ts > BaseAgent Runtime Tool Authorization > social: delegate_task is blocked (hub-only)
[ModelArmor] Scanning input...

stdout | packages/renderer/src/services/agent/__tests__/AgentService.security.test.ts > BaseAgent Runtime Tool Authorization > social: delegate_task is blocked (hub-only)
[DEBUG] BaseAgent calling GenAI.generateContent for social, iteration 1

stdout | packages/renderer/src/services/agent/__tests__/AgentService.security.test.ts > BaseAgent Runtime Tool Authorization > social: delegate_task is blocked (hub-only)
[ModelArmor] Scanning input...

stdout | packages/renderer/src/services/agent/__tests__/AgentService.security.test.ts > BaseAgent Runtime Tool Authorization > social: delegate_task is blocked (hub-only)
[DEBUG] BaseAgent calling GenAI.generateContent for social, iteration 2

stdout | packages/renderer/src/services/agent/__tests__/AgentService.security.test.ts > BaseAgent Runtime Tool Authorization > social: delegate_task is blocked (hub-only)
[ModelArmor] Scanning output...

stdout | packages/renderer/src/services/agent/__tests__/AgentService.security.test.ts > BaseAgent Runtime Tool Authorization > publicist: delegate_task is blocked (hub-only)
[AgentIdentity] Minted identity for Test publicist (publicist): instance=e5081642..., fingerprint=50967e8daac3...

stdout | packages/renderer/src/services/agent/__tests__/AgentService.security.test.ts > BaseAgent Runtime Tool Authorization > publicist: delegate_task is blocked (hub-only)
[ModelArmor] Scanning input...

stdout | packages/renderer/src/services/agent/__tests__/AgentService.security.test.ts > BaseAgent Runtime Tool Authorization > publicist: delegate_task is blocked (hub-only)
[DEBUG] BaseAgent calling GenAI.generateContent for publicist, iteration 1

stdout | packages/renderer/src/services/agent/__tests__/AgentService.security.test.ts > BaseAgent Runtime Tool Authorization > publicist: delegate_task is blocked (hub-only)
[ModelArmor] Scanning input...

stdout | packages/renderer/src/services/agent/__tests__/AgentService.security.test.ts > BaseAgent Runtime Tool Authorization > publicist: delegate_task is blocked (hub-only)
[DEBUG] BaseAgent calling GenAI.generateContent for publicist, iteration 2

stdout | packages/renderer/src/services/agent/__tests__/AgentService.security.test.ts > BaseAgent Runtime Tool Authorization > publicist: delegate_task is blocked (hub-only)
[ModelArmor] Scanning output...

stdout | packages/renderer/src/services/agent/__tests__/AgentService.security.test.ts > BaseAgent Runtime Tool Authorization > road: delegate_task is blocked (hub-only)
[AgentIdentity] Minted identity for Test road (road): instance=dadf5c73..., fingerprint=adf75beb88d6...

stdout | packages/renderer/src/services/agent/__tests__/AgentService.security.test.ts > BaseAgent Runtime Tool Authorization > road: delegate_task is blocked (hub-only)
[ModelArmor] Scanning input...

stdout | packages/renderer/src/services/agent/__tests__/AgentService.security.test.ts > BaseAgent Runtime Tool Authorization > road: delegate_task is blocked (hub-only)
[DEBUG] BaseAgent calling GenAI.generateContent for road, iteration 1

stdout | packages/renderer/src/services/agent/__tests__/AgentService.security.test.ts > BaseAgent Runtime Tool Authorization > road: delegate_task is blocked (hub-only)
[ModelArmor] Scanning input...

stdout | packages/renderer/src/services/agent/__tests__/AgentService.security.test.ts > BaseAgent Runtime Tool Authorization > road: delegate_task is blocked (hub-only)
[DEBUG] BaseAgent calling GenAI.generateContent for road, iteration 2

stdout | packages/renderer/src/services/agent/__tests__/AgentService.security.test.ts > BaseAgent Runtime Tool Authorization > road: delegate_task is blocked (hub-only)
[ModelArmor] Scanning output...

stdout | packages/renderer/src/services/agent/__tests__/AgentService.security.test.ts > BaseAgent Runtime Tool Authorization > publishing: delegate_task is blocked (hub-only)
[AgentIdentity] Minted identity for Test publishing (publishing): instance=8504e0a3..., fingerprint=66f9b1261de0...

stdout | packages/renderer/src/services/agent/__tests__/AgentService.security.test.ts > BaseAgent Runtime Tool Authorization > publishing: delegate_task is blocked (hub-only)
[ModelArmor] Scanning input...

stdout | packages/renderer/src/services/agent/__tests__/AgentService.security.test.ts > BaseAgent Runtime Tool Authorization > publishing: delegate_task is blocked (hub-only)
[DEBUG] BaseAgent calling GenAI.generateContent for publishing, iteration 1

stdout | packages/renderer/src/services/agent/__tests__/AgentService.security.test.ts > BaseAgent Runtime Tool Authorization > publishing: delegate_task is blocked (hub-only)
[ModelArmor] Scanning input...

stdout | packages/renderer/src/services/agent/__tests__/AgentService.security.test.ts > BaseAgent Runtime Tool Authorization > publishing: delegate_task is blocked (hub-only)
[DEBUG] BaseAgent calling GenAI.generateContent for publishing, iteration 2

stdout | packages/renderer/src/services/agent/__tests__/AgentService.security.test.ts > BaseAgent Runtime Tool Authorization > publishing: delegate_task is blocked (hub-only)
[ModelArmor] Scanning output...

stdout | packages/renderer/src/services/agent/__tests__/AgentService.security.test.ts > BaseAgent Runtime Tool Authorization > licensing: delegate_task is blocked (hub-only)
[AgentIdentity] Minted identity for Test licensing (licensing): instance=fcfa61e4..., fingerprint=1f890574fce7...

stdout | packages/renderer/src/services/agent/__tests__/AgentService.security.test.ts > BaseAgent Runtime Tool Authorization > licensing: delegate_task is blocked (hub-only)
[ModelArmor] Scanning input...

stdout | packages/renderer/src/services/agent/__tests__/AgentService.security.test.ts > BaseAgent Runtime Tool Authorization > licensing: delegate_task is blocked (hub-only)
[DEBUG] BaseAgent calling GenAI.generateContent for licensing, iteration 1

stdout | packages/renderer/src/services/agent/__tests__/AgentService.security.test.ts > BaseAgent Runtime Tool Authorization > licensing: delegate_task is blocked (hub-only)
[ModelArmor] Scanning input...

stdout | packages/renderer/src/services/agent/__tests__/AgentService.security.test.ts > BaseAgent Runtime Tool Authorization > licensing: delegate_task is blocked (hub-only)
[DEBUG] BaseAgent calling GenAI.generateContent for licensing, iteration 2

stdout | packages/renderer/src/services/agent/__tests__/AgentService.security.test.ts > BaseAgent Runtime Tool Authorization > licensing: delegate_task is blocked (hub-only)
[ModelArmor] Scanning output...

stdout | packages/renderer/src/services/agent/__tests__/AgentService.security.test.ts > BaseAgent Runtime Tool Authorization > brand: delegate_task is blocked (hub-only)
[AgentIdentity] Minted identity for Test brand (brand): instance=60a92f82..., fingerprint=2c22afb4c132...

stdout | packages/renderer/src/services/agent/__tests__/AgentService.security.test.ts > BaseAgent Runtime Tool Authorization > brand: delegate_task is blocked (hub-only)
[ModelArmor] Scanning input...

stdout | packages/renderer/src/services/agent/__tests__/AgentService.security.test.ts > BaseAgent Runtime Tool Authorization > brand: delegate_task is blocked (hub-only)
[DEBUG] BaseAgent calling GenAI.generateContent for brand, iteration 1

stdout | packages/renderer/src/services/agent/__tests__/AgentService.security.test.ts > BaseAgent Runtime Tool Authorization > brand: delegate_task is blocked (hub-only)
[ModelArmor] Scanning input...

stdout | packages/renderer/src/services/agent/__tests__/AgentService.security.test.ts > BaseAgent Runtime Tool Authorization > brand: delegate_task is blocked (hub-only)
[DEBUG] BaseAgent calling GenAI.generateContent for brand, iteration 2

stdout | packages/renderer/src/services/agent/__tests__/AgentService.security.test.ts > BaseAgent Runtime Tool Authorization > brand: delegate_task is blocked (hub-only)
[ModelArmor] Scanning output...

stdout | packages/renderer/src/services/agent/__tests__/AgentService.security.test.ts > BaseAgent Runtime Tool Authorization > devops: delegate_task is blocked (hub-only)
[AgentIdentity] Minted identity for Test devops (devops): instance=52825798..., fingerprint=97e5897ca8bb...

stdout | packages/renderer/src/services/agent/__tests__/AgentService.security.test.ts > BaseAgent Runtime Tool Authorization > devops: delegate_task is blocked (hub-only)
[ModelArmor] Scanning input...

stdout | packages/renderer/src/services/agent/__tests__/AgentService.security.test.ts > BaseAgent Runtime Tool Authorization > devops: delegate_task is blocked (hub-only)
[DEBUG] BaseAgent calling GenAI.generateContent for devops, iteration 1

stdout | packages/renderer/src/services/agent/__tests__/AgentService.security.test.ts > BaseAgent Runtime Tool Authorization > devops: delegate_task is blocked (hub-only)
[ModelArmor] Scanning input...

stdout | packages/renderer/src/services/agent/__tests__/AgentService.security.test.ts > BaseAgent Runtime Tool Authorization > devops: delegate_task is blocked (hub-only)
[DEBUG] BaseAgent calling GenAI.generateContent for devops, iteration 2

stdout | packages/renderer/src/services/agent/__tests__/AgentService.security.test.ts > BaseAgent Runtime Tool Authorization > devops: delegate_task is blocked (hub-only)
[ModelArmor] Scanning output...

stdout | packages/renderer/src/services/agent/__tests__/AgentService.security.test.ts > BaseAgent Runtime Tool Authorization > security: delegate_task is blocked (hub-only)
[AgentIdentity] Minted identity for Test security (security): instance=5560005d..., fingerprint=fd5f74bb5fbc...

stdout | packages/renderer/src/services/agent/__tests__/AgentService.security.test.ts > BaseAgent Runtime Tool Authorization > security: delegate_task is blocked (hub-only)
[ModelArmor] Scanning input...

stdout | packages/renderer/src/services/agent/__tests__/AgentService.security.test.ts > BaseAgent Runtime Tool Authorization > security: delegate_task is blocked (hub-only)
[DEBUG] BaseAgent calling GenAI.generateContent for security, iteration 1

stdout | packages/renderer/src/services/agent/__tests__/AgentService.security.test.ts > BaseAgent Runtime Tool Authorization > security: delegate_task is blocked (hub-only)
[ModelArmor] Scanning input...

stdout | packages/renderer/src/services/agent/__tests__/AgentService.security.test.ts > BaseAgent Runtime Tool Authorization > security: delegate_task is blocked (hub-only)
[DEBUG] BaseAgent calling GenAI.generateContent for security, iteration 2

stdout | packages/renderer/src/services/agent/__tests__/AgentService.security.test.ts > BaseAgent Runtime Tool Authorization > security: delegate_task is blocked (hub-only)
[ModelArmor] Scanning output...

stdout | packages/renderer/src/services/agent/__tests__/AgentService.security.test.ts > BaseAgent Runtime Tool Authorization > merchandise: delegate_task is blocked (hub-only)
[AgentIdentity] Minted identity for Test merchandise (merchandise): instance=abc0075d..., fingerprint=54ea5ba294e8...

stdout | packages/renderer/src/services/agent/__tests__/AgentService.security.test.ts > BaseAgent Runtime Tool Authorization > merchandise: delegate_task is blocked (hub-only)
[ModelArmor] Scanning input...

stdout | packages/renderer/src/services/agent/__tests__/AgentService.security.test.ts > BaseAgent Runtime Tool Authorization > merchandise: delegate_task is blocked (hub-only)
[DEBUG] BaseAgent calling GenAI.generateContent for merchandise, iteration 1

stdout | packages/renderer/src/services/agent/__tests__/AgentService.security.test.ts > BaseAgent Runtime Tool Authorization > merchandise: delegate_task is blocked (hub-only)
[ModelArmor] Scanning input...

stdout | packages/renderer/src/services/agent/__tests__/AgentService.security.test.ts > BaseAgent Runtime Tool Authorization > merchandise: delegate_task is blocked (hub-only)
[DEBUG] BaseAgent calling GenAI.generateContent for merchandise, iteration 2

stdout | packages/renderer/src/services/agent/__tests__/AgentService.security.test.ts > BaseAgent Runtime Tool Authorization > merchandise: delegate_task is blocked (hub-only)
[ModelArmor] Scanning output...

stdout | packages/renderer/src/services/agent/__tests__/AgentService.security.test.ts > BaseAgent Runtime Tool Authorization > distribution: delegate_task is blocked (hub-only)
[AgentIdentity] Minted identity for Test distribution (distribution): instance=e0403622..., fingerprint=1a52fb5b5b80...

stdout | packages/renderer/src/services/agent/__tests__/AgentService.security.test.ts > BaseAgent Runtime Tool Authorization > distribution: delegate_task is blocked (hub-only)
[ModelArmor] Scanning input...

stdout | packages/renderer/src/services/agent/__tests__/AgentService.security.test.ts > BaseAgent Runtime Tool Authorization > distribution: delegate_task is blocked (hub-only)
[DEBUG] BaseAgent calling GenAI.generateContent for distribution, iteration 1

stdout | packages/renderer/src/services/agent/__tests__/AgentService.security.test.ts > BaseAgent Runtime Tool Authorization > distribution: delegate_task is blocked (hub-only)
[ModelArmor] Scanning input...

stdout | packages/renderer/src/services/agent/__tests__/AgentService.security.test.ts > BaseAgent Runtime Tool Authorization > distribution: delegate_task is blocked (hub-only)
[DEBUG] BaseAgent calling GenAI.generateContent for distribution, iteration 2

stdout | packages/renderer/src/services/agent/__tests__/AgentService.security.test.ts > BaseAgent Runtime Tool Authorization > distribution: delegate_task is blocked (hub-only)
[ModelArmor] Scanning output...

stdout | packages/renderer/src/services/agent/__tests__/AgentService.security.test.ts > BaseAgent Runtime Tool Authorization > music: delegate_task is blocked (hub-only)
[AgentIdentity] Minted identity for Test music (music): instance=8691220c..., fingerprint=29fba1b528fa...

stdout | packages/renderer/src/services/agent/__tests__/AgentService.security.test.ts > BaseAgent Runtime Tool Authorization > music: delegate_task is blocked (hub-only)
[ModelArmor] Scanning input...

stdout | packages/renderer/src/services/agent/__tests__/AgentService.security.test.ts > BaseAgent Runtime Tool Authorization > music: delegate_task is blocked (hub-only)
[DEBUG] BaseAgent calling GenAI.generateContent for music, iteration 1

stdout | packages/renderer/src/services/agent/__tests__/AgentService.security.test.ts > BaseAgent Runtime Tool Authorization > music: delegate_task is blocked (hub-only)
[ModelArmor] Scanning input...

stdout | packages/renderer/src/services/agent/__tests__/AgentService.security.test.ts > BaseAgent Runtime Tool Authorization > music: delegate_task is blocked (hub-only)
[DEBUG] BaseAgent calling GenAI.generateContent for music, iteration 2

stdout | packages/renderer/src/services/agent/__tests__/AgentService.security.test.ts > BaseAgent Runtime Tool Authorization > music: delegate_task is blocked (hub-only)
[ModelArmor] Scanning output...

stdout | packages/renderer/src/services/agent/__tests__/AgentService.security.test.ts > BaseAgent Runtime Tool Authorization > curriculum: delegate_task is blocked (hub-only)
[AgentIdentity] Minted identity for Test curriculum (curriculum): instance=ff153091..., fingerprint=e09c2ea883aa...

stdout | packages/renderer/src/services/agent/__tests__/AgentService.security.test.ts > BaseAgent Runtime Tool Authorization > curriculum: delegate_task is blocked (hub-only)
[ModelArmor] Scanning input...

stdout | packages/renderer/src/services/agent/__tests__/AgentService.security.test.ts > BaseAgent Runtime Tool Authorization > curriculum: delegate_task is blocked (hub-only)
[DEBUG] BaseAgent calling GenAI.generateContent for curriculum, iteration 1

stdout | packages/renderer/src/services/agent/__tests__/AgentService.security.test.ts > BaseAgent Runtime Tool Authorization > curriculum: delegate_task is blocked (hub-only)
[ModelArmor] Scanning input...

stdout | packages/renderer/src/services/agent/__tests__/AgentService.security.test.ts > BaseAgent Runtime Tool Authorization > curriculum: delegate_task is blocked (hub-only)
[DEBUG] BaseAgent calling GenAI.generateContent for curriculum, iteration 2

stdout | packages/renderer/src/services/agent/__tests__/AgentService.security.test.ts > BaseAgent Runtime Tool Authorization > curriculum: delegate_task is blocked (hub-only)
[ModelArmor] Scanning output...

stdout | packages/renderer/src/services/agent/__tests__/AgentService.security.test.ts > BaseAgent Runtime Tool Authorization > marketing: calculate_royalty_waterfall is blocked (finance-only)
[AgentIdentity] Minted identity for Test marketing (marketing): instance=eb3a95c5..., fingerprint=a2dc1f11aeff...

stdout | packages/renderer/src/services/agent/__tests__/AgentService.security.test.ts > BaseAgent Runtime Tool Authorization > marketing: calculate_royalty_waterfall is blocked (finance-only)
[ModelArmor] Scanning input...

stdout | packages/renderer/src/services/agent/__tests__/AgentService.security.test.ts > BaseAgent Runtime Tool Authorization > marketing: calculate_royalty_waterfall is blocked (finance-only)
[DEBUG] BaseAgent calling GenAI.generateContent for marketing, iteration 1

stdout | packages/renderer/src/services/agent/__tests__/AgentService.security.test.ts > BaseAgent Runtime Tool Authorization > marketing: calculate_royalty_waterfall is blocked (finance-only)
[ModelArmor] Scanning input...

stdout | packages/renderer/src/services/agent/__tests__/AgentService.security.test.ts > BaseAgent Runtime Tool Authorization > marketing: calculate_royalty_waterfall is blocked (finance-only)
[DEBUG] BaseAgent calling GenAI.generateContent for marketing, iteration 2

stdout | packages/renderer/src/services/agent/__tests__/AgentService.security.test.ts > BaseAgent Runtime Tool Authorization > marketing: calculate_royalty_waterfall is blocked (finance-only)
[ModelArmor] Scanning output...

stdout | packages/renderer/src/services/agent/__tests__/AgentService.security.test.ts > BaseAgent Runtime Tool Authorization > video: calculate_royalty_waterfall is blocked (finance-only)
[AgentIdentity] Minted identity for Test video (video): instance=47967e6e..., fingerprint=b59ab8dc1c2c...

stdout | packages/renderer/src/services/agent/__tests__/AgentService.security.test.ts > BaseAgent Runtime Tool Authorization > video: calculate_royalty_waterfall is blocked (finance-only)
[ModelArmor] Scanning input...

stdout | packages/renderer/src/services/agent/__tests__/AgentService.security.test.ts > BaseAgent Runtime Tool Authorization > video: calculate_royalty_waterfall is blocked (finance-only)
[DEBUG] BaseAgent calling GenAI.generateContent for video, iteration 1

stdout | packages/renderer/src/services/agent/__tests__/AgentService.security.test.ts > BaseAgent Runtime Tool Authorization > video: calculate_royalty_waterfall is blocked (finance-only)
[ModelArmor] Scanning input...

stdout | packages/renderer/src/services/agent/__tests__/AgentService.security.test.ts > BaseAgent Runtime Tool Authorization > video: calculate_royalty_waterfall is blocked (finance-only)
[DEBUG] BaseAgent calling GenAI.generateContent for video, iteration 2

stdout | packages/renderer/src/services/agent/__tests__/AgentService.security.test.ts > BaseAgent Runtime Tool Authorization > video: calculate_royalty_waterfall is blocked (finance-only)
[ModelArmor] Scanning output...

stdout | packages/renderer/src/services/agent/__tests__/AgentService.security.test.ts > BaseAgent Runtime Tool Authorization > road: calculate_royalty_waterfall is blocked (finance-only)
[AgentIdentity] Minted identity for Test road (road): instance=3b5a2984..., fingerprint=adf75beb88d6...

stdout | packages/renderer/src/services/agent/__tests__/AgentService.security.test.ts > BaseAgent Runtime Tool Authorization > road: calculate_royalty_waterfall is blocked (finance-only)
[ModelArmor] Scanning input...

stdout | packages/renderer/src/services/agent/__tests__/AgentService.security.test.ts > BaseAgent Runtime Tool Authorization > road: calculate_royalty_waterfall is blocked (finance-only)
[DEBUG] BaseAgent calling GenAI.generateContent for road, iteration 1

stdout | packages/renderer/src/services/agent/__tests__/AgentService.security.test.ts > BaseAgent Runtime Tool Authorization > road: calculate_royalty_waterfall is blocked (finance-only)
[ModelArmor] Scanning input...

stdout | packages/renderer/src/services/agent/__tests__/AgentService.security.test.ts > BaseAgent Runtime Tool Authorization > road: calculate_royalty_waterfall is blocked (finance-only)
[DEBUG] BaseAgent calling GenAI.generateContent for road, iteration 2

stdout | packages/renderer/src/services/agent/__tests__/AgentService.security.test.ts > BaseAgent Runtime Tool Authorization > road: calculate_royalty_waterfall is blocked (finance-only)
[ModelArmor] Scanning output...

stdout | packages/renderer/src/services/agent/__tests__/AgentService.security.test.ts > BaseAgent Runtime Tool Authorization > authorized tool call executes successfully
[AgentIdentity] Minted identity for Test Security Agent (test-security-agent): instance=94182e70..., fingerprint=c5d728c07f99...

stdout | packages/renderer/src/services/agent/__tests__/AgentService.security.test.ts > BaseAgent Runtime Tool Authorization > authorized tool call executes successfully
[ModelArmor] Scanning input...

stdout | packages/renderer/src/services/agent/__tests__/AgentService.security.test.ts > BaseAgent Runtime Tool Authorization > authorized tool call executes successfully
[DEBUG] BaseAgent calling GenAI.generateContent for test-security-agent, iteration 1

stdout | packages/renderer/src/services/agent/__tests__/AgentService.security.test.ts > BaseAgent Runtime Tool Authorization > authorized tool call executes successfully
[ModelArmor] Scanning input...

stdout | packages/renderer/src/services/agent/__tests__/AgentService.security.test.ts > BaseAgent Runtime Tool Authorization > authorized tool call executes successfully
[DEBUG] BaseAgent calling GenAI.generateContent for test-security-agent, iteration 2

stdout | packages/renderer/src/services/agent/__tests__/AgentService.security.test.ts > BaseAgent Runtime Tool Authorization > authorized tool call executes successfully
[ModelArmor] Scanning output...

stdout | packages/renderer/src/services/agent/__tests__/AgentService.security.test.ts > BaseAgent Runtime Tool Authorization > agent with authorizedTools:[] blocks ALL tool calls
[AgentIdentity] Minted identity for Locked Agent (locked-agent): instance=3bdae3ef..., fingerprint=7830da36f840...

stdout | packages/renderer/src/services/agent/__tests__/AgentService.security.test.ts > BaseAgent Runtime Tool Authorization > agent with authorizedTools:[] blocks ALL tool calls
[ModelArmor] Scanning input...

stdout | packages/renderer/src/services/agent/__tests__/AgentService.security.test.ts > BaseAgent Runtime Tool Authorization > agent with authorizedTools:[] blocks ALL tool calls
[DEBUG] BaseAgent calling GenAI.generateContent for locked-agent, iteration 1

stdout | packages/renderer/src/services/agent/__tests__/AgentService.security.test.ts > BaseAgent Runtime Tool Authorization > agent with authorizedTools:[] blocks ALL tool calls
[ModelArmor] Scanning input...

stdout | packages/renderer/src/services/agent/__tests__/AgentService.security.test.ts > BaseAgent Runtime Tool Authorization > agent with authorizedTools:[] blocks ALL tool calls
[DEBUG] BaseAgent calling GenAI.generateContent for locked-agent, iteration 2

stdout | packages/renderer/src/services/agent/__tests__/AgentService.security.test.ts > BaseAgent Runtime Tool Authorization > agent with authorizedTools:[] blocks ALL tool calls
[ModelArmor] Scanning output...

 ✓ packages/renderer/src/services/agent/__tests__/AgentService.security.test.ts (27 tests) 322ms
 ✓ packages/renderer/src/components/ui/DeptLoader.a11y.test.tsx (2 tests) 187ms
 ✓ packages/renderer/src/components/ui/tabs.a11y.test.tsx (2 tests) 258ms
 ✓ packages/renderer/src/test/3d-components.test.tsx (7 tests) 219ms
 ✓ packages/renderer/src/modules/creative/components/CandidateReview.test.tsx (13 tests) 178ms
 ✓ packages/renderer/src/modules/video/components/DailyItem.a11y.test.tsx (4 tests | 1 skipped) 174ms
 ✓ packages/renderer/src/core/components/Toast.test.tsx (3 tests) 179ms
 ✓ packages/renderer/src/components/studio/observability/TraceViewer.a11y.test.tsx (2 tests) 269ms
stdout | packages/renderer/src/modules/creative/components/CreativeNavbar.test.tsx
[DistributorService] Registered adapter: DistroKid
[DistributorService] Registered adapter: TuneCore
[DistributorService] Registered adapter: CDBaby
[DistributorService] Registered adapter: Symphonic

stdout | packages/renderer/src/services/video/__tests__/VideoGenerationService.test.ts > VideoGenerationService > generateVideo > should trigger video generation successfully
[VideoGeneration] 🎬 generateVideo() called: {
  promptPreview: 'test video',
  model: 'veo-3.1-generate-preview',
  duration: 8,
  aspectRatio: undefined,
  hasFirstFrame: false,
  hasLastFrame: false,
  hasReferenceImages: false,
  userId: 'test-user'
}

stdout | packages/renderer/src/services/video/__tests__/VideoGenerationService.test.ts > VideoGenerationService > generateVideo > should trigger video generation successfully
[VideoGeneration] 🚀 Calling GenAI.generateVideo() with: {
  model: 'veo-3.1-generate-preview',
  promptLength: 10,
  hasImage: false,
  config: '{"aspectRatio":"16:9","durationSeconds":8}'
}

stdout | packages/renderer/src/services/video/__tests__/VideoGenerationService.test.ts > VideoGenerationService > generateVideo > should throw error if quota is exceeded
[VideoGeneration] 🎬 generateVideo() called: {
  promptPreview: 'test video',
  model: 'veo-3.1-generate-preview',
  duration: 8,
  aspectRatio: undefined,
  hasFirstFrame: false,
  hasLastFrame: false,
  hasReferenceImages: false,
  userId: 'test-user'
}

stdout | packages/renderer/src/services/video/__tests__/VideoGenerationService.test.ts > VideoGenerationService > generateVideo > should analyze temporal context when firstFrame is provided
[VideoGeneration] 🎬 generateVideo() called: {
  promptPreview: 'test video',
  model: 'veo-3.1-generate-preview',
  duration: 8,
  aspectRatio: undefined,
  hasFirstFrame: true,
  hasLastFrame: false,
  hasReferenceImages: false,
  userId: 'test-user'
}

stdout | packages/renderer/src/services/video/__tests__/VideoGenerationService.test.ts > VideoGenerationService > generateVideo > should analyze temporal context when firstFrame is provided
[VideoGeneration] 🚀 Calling GenAI.generateVideo() with: {
  model: 'veo-3.1-generate-preview',
  promptLength: 29,
  hasImage: true,
  config: '{"aspectRatio":"16:9","durationSeconds":8}'
}

stdout | packages/renderer/src/services/video/__tests__/VideoGenerationService.test.ts > VideoGenerationService > generateVideo > should handle long-form video generation
[DaisyChain] Segment 1/8: Last frame extracted (image/png)

stdout | packages/renderer/src/services/video/__tests__/VideoGenerationService.test.ts > VideoGenerationService > generateVideo > should handle long-form video generation
[DaisyChain] Segment 1/8: Scene analysis complete — "Mock analysis text..."

stdout | packages/renderer/src/services/video/__tests__/VideoGenerationService.test.ts > VideoGenerationService > generateVideo > should handle long-form video generation
[DaisyChain] Segment 2/8: Last frame extracted (image/png)

stdout | packages/renderer/src/services/video/__tests__/VideoGenerationService.test.ts > VideoGenerationService > generateVideo > should handle long-form video generation
[DaisyChain] Segment 2/8: Scene analysis complete — "Mock analysis text..."

stdout | packages/renderer/src/services/video/__tests__/VideoGenerationService.test.ts > VideoGenerationService > generateVideo > should handle long-form video generation
[DaisyChain] Segment 3/8: Last frame extracted (image/png)

stdout | packages/renderer/src/services/video/__tests__/VideoGenerationService.test.ts > VideoGenerationService > generateVideo > should handle long-form video generation
[DaisyChain] Segment 3/8: Scene analysis complete — "Mock analysis text..."

stdout | packages/renderer/src/services/video/__tests__/VideoGenerationService.test.ts > VideoGenerationService > generateVideo > should handle long-form video generation
[DaisyChain] Segment 4/8: Last frame extracted (image/png)

stdout | packages/renderer/src/services/video/__tests__/VideoGenerationService.test.ts > VideoGenerationService > generateVideo > should handle long-form video generation
[DaisyChain] Segment 4/8: Scene analysis complete — "Mock analysis text..."

stdout | packages/renderer/src/services/video/__tests__/VideoGenerationService.test.ts > VideoGenerationService > generateVideo > should handle long-form video generation
[DaisyChain] Segment 5/8: Last frame extracted (image/png)

stdout | packages/renderer/src/services/video/__tests__/VideoGenerationService.test.ts > VideoGenerationService > generateVideo > should handle long-form video generation
[DaisyChain] Segment 5/8: Scene analysis complete — "Mock analysis text..."

stdout | packages/renderer/src/services/video/__tests__/VideoGenerationService.test.ts > VideoGenerationService > generateVideo > should handle long-form video generation
[DaisyChain] Segment 6/8: Last frame extracted (image/png)

stdout | packages/renderer/src/services/video/__tests__/VideoGenerationService.test.ts > VideoGenerationService > generateVideo > should handle long-form video generation
[DaisyChain] Segment 6/8: Scene analysis complete — "Mock analysis text..."

stdout | packages/renderer/src/services/video/__tests__/VideoGenerationService.test.ts > VideoGenerationService > generateVideo > should handle long-form video generation
[DaisyChain] Segment 7/8: Last frame extracted (image/png)

stdout | packages/renderer/src/services/video/__tests__/VideoGenerationService.test.ts > VideoGenerationService > generateVideo > should handle long-form video generation
[DaisyChain] Segment 7/8: Scene analysis complete — "Mock analysis text..."

 ✓ packages/renderer/src/modules/legal/components/DMCANoticeGenerator.test.tsx (6 tests) 171ms
stdout | packages/renderer/src/services/audio/AudioAnalysisService.test.ts > AudioAnalysisService > should initialize Essentia correctly
[AudioAnalysis] Initializing Essentia.js WASM engine...
[AudioAnalysis] WASM URL: http://localhost:3000/essentia-wasm.web.wasm

stdout | packages/renderer/src/services/audio/AudioAnalysisService.test.ts > AudioAnalysisService > should initialize Essentia correctly
[AudioAnalysis] Essentia.js WASM engine ready.

stdout | packages/renderer/src/services/audio/AudioAnalysisService.test.ts > AudioAnalysisService > should initialize Essentia correctly
[AudioAnalysis] Analyzing buffer: 10.00s, 44100Hz

stdout | packages/renderer/src/services/audio/AudioAnalysisService.test.ts > AudioAnalysisService > should initialize Essentia correctly
[AudioAnalysis] Success: 120 BPM, C major, Energy: 0.500

stdout | packages/renderer/src/services/audio/AudioAnalysisService.test.ts > AudioAnalysisService > should return cached analysis if available
[AudioAnalysis] Cache hit for test.mp3

stdout | packages/renderer/src/services/audio/AudioAnalysisService.test.ts > AudioAnalysisService > should perform deep analysis on cache miss
[AudioAnalysis] Initializing Essentia.js WASM engine...
[AudioAnalysis] WASM URL: http://localhost:3000/essentia-wasm.web.wasm

stdout | packages/renderer/src/services/audio/AudioAnalysisService.test.ts > AudioAnalysisService > should perform deep analysis on cache miss
[AudioAnalysis] Essentia.js WASM engine ready.

stdout | packages/renderer/src/services/audio/AudioAnalysisService.test.ts > AudioAnalysisService > should perform deep analysis on cache miss
[AudioAnalysis] Analyzing buffer: 30.00s, 44100Hz

stdout | packages/renderer/src/services/audio/AudioAnalysisService.test.ts > AudioAnalysisService > should perform deep analysis on cache miss
[AudioAnalysis] Success: 120 BPM, C major, Energy: 0.500

stdout | packages/renderer/src/services/audio/AudioAnalysisService.test.ts > AudioAnalysisService > should perform deep analysis on cache miss
[AudioAnalysis] Extracting deep DNA via Gemini Files API...

 ✓ packages/renderer/src/modules/creative/components/CreativeNavbar.test.tsx (3 tests) 106ms
 ✓ packages/renderer/src/services/video/__tests__/VideoGenerationService.test.ts (7 tests) 138ms
stdout | packages/renderer/src/services/audio/AudioAnalysisService.test.ts > AudioAnalysisService > should handle analysis errors gracefully
[AudioAnalysis] Initializing Essentia.js WASM engine...
[AudioAnalysis] WASM URL: http://localhost:3000/essentia-wasm.web.wasm

stdout | packages/renderer/src/services/audio/AudioAnalysisService.test.ts > AudioAnalysisService > should handle analysis errors gracefully
[AudioAnalysis] Essentia.js WASM engine ready.

 ✓ packages/renderer/src/services/audio/AudioAnalysisService.test.ts (4 tests) 141ms
 ✓ packages/renderer/src/modules/merchandise/hooks/useMerchandise.test.ts (4 tests) 171ms
stdout | packages/renderer/src/modules/creative/components/BrandAssetsDrawer.test.tsx
[DistributorService] Registered adapter: DistroKid
[DistributorService] Registered adapter: TuneCore
[DistributorService] Registered adapter: CDBaby
[DistributorService] Registered adapter: Symphonic

 ✓ packages/renderer/src/components/ui/prompt-input.perf.test.tsx (1 test) 147ms
stdout | packages/renderer/src/services/agent/specialists/specialists.test.ts > Specialist Agents Connection > should have Brand, Road, and Marketing agents registered
[AgentRegistry] Loading agent 'brand' (attempt 1)...

stdout | packages/renderer/src/modules/video/components/VideoDaisychain.interaction.test.tsx > 🖱️ Click: Video Production Daisychain > successfully completes a 5-step video production daisychain
[VideoGeneration] Prompt selection: {
  promptOverride: '(none)',
  localPrompt: '"Cinematic morph..."',
  globalPrompt: '"Cinematic morph..."',
  selected: '"Cinematic morph..."'
}
[VideoGeneration] 🔇 Audio suppression enabled — negative prompt augmented

 ✓ packages/renderer/src/modules/video/components/VideoDaisychain.interaction.test.tsx (1 test) 98ms
stdout | packages/renderer/src/services/agent/specialists/specialists.test.ts > Specialist Agents Connection > should have Brand, Road, and Marketing agents registered
[AgentRegistry] Agent 'brand' loaded successfully

stdout | packages/renderer/src/services/agent/specialists/specialists.test.ts > Specialist Agents Connection > should have Brand, Road, and Marketing agents registered
[AgentRegistry] Loading agent 'road' (attempt 1)...

stdout | packages/renderer/src/services/agent/specialists/specialists.test.ts > Specialist Agents Connection > should have Brand, Road, and Marketing agents registered
[AgentRegistry] Agent 'road' loaded successfully

stdout | packages/renderer/src/services/agent/specialists/specialists.test.ts > Specialist Agents Connection > should have Brand, Road, and Marketing agents registered
[AgentRegistry] Loading agent 'marketing' (attempt 1)...

stdout | packages/renderer/src/services/agent/specialists/specialists.test.ts > Specialist Agents Connection > should have Brand, Road, and Marketing agents registered
[AgentRegistry] Agent 'marketing' loaded successfully

stdout | packages/renderer/src/services/agent/specialists/specialists.test.ts > Specialist Agents Connection > should inherit indii Conductor superpowers via BaseAgent
[RAGAgent] No specific domain knowledge extracted for task.

stdout | packages/renderer/src/services/agent/specialists/specialists.test.ts > Specialist Agents Connection > should inherit indii Conductor superpowers via BaseAgent
[AgentIdentity] Minted identity for Brand Director (brand): instance=17c310a1..., fingerprint=e63205a76eb2...

stdout | packages/renderer/src/services/agent/specialists/specialists.test.ts > Specialist Agents Connection > should inherit indii Conductor superpowers via BaseAgent
[DEBUG] BaseAgent calling GenAI.generateContent for brand, iteration 1

 ✓ packages/renderer/src/services/agent/specialists/specialists.test.ts (2 tests) 112ms
stdout | packages/renderer/src/modules/creative/components/BrandAssetsDrawer.test.tsx > BrandAssetsDrawer > handles file upload via input
[BrandAssets] Uploading: chucknorris.png to users/guest/brand_assets/8950bdad-0c26-4a37-a3e1-402145480fb0

 ✓ packages/renderer/src/modules/creative/components/BrandAssetsDrawer.test.tsx (4 tests) 155ms
 ✓ packages/renderer/src/test/tabs.test.tsx (1 test) 121ms
 ✓ packages/renderer/src/modules/creative/components/__tests__/InfiniteCanvas.test.tsx (2 tests) 56ms
stdout | packages/renderer/src/modules/creative/CreativeStudio.test.tsx
[DistributorService] Registered adapter: DistroKid
[DistributorService] Registered adapter: TuneCore
[DistributorService] Registered adapter: CDBaby
[DistributorService] Registered adapter: Symphonic

stdout | packages/renderer/src/modules/merchandise/hooks/useAutoSave.test.ts > useAutoSave > should derive activeOrg from organizations array
Design "Test Design" auto-saved at 2:52:41 PM

stdout | packages/renderer/src/modules/merchandise/hooks/useAutoSave.test.ts > useAutoSave > should serialize canvas and save to Firestore
Design "Test Design" auto-saved at 2:52:41 PM

stdout | packages/renderer/src/modules/merchandise/hooks/useAutoSave.test.ts > useAutoSave > should include createdAt only on first save
Design "Test Design" auto-saved at 2:52:41 PM

stdout | packages/renderer/src/modules/merchandise/hooks/useAutoSave.test.ts > useAutoSave > should include createdAt only on first save
Design "Test Design" auto-saved at 2:52:41 PM

 ✓ packages/renderer/src/modules/merchandise/hooks/useAutoSave.test.ts (10 tests) 202ms
 ✓ packages/renderer/src/modules/creative/components/__tests__/CreativeCanvas.test.tsx (5 tests) 134ms
stdout | packages/renderer/src/core/components/command-bar/PromptArea.test.tsx > PromptArea State Feedback > shows loading state during submission
[PromptArea] handleSubmit fired! { commandBarInput: 'test command' }

 ✓ packages/renderer/src/core/components/command-bar/PromptArea.test.tsx (1 test) 184ms
 ✓ packages/renderer/src/modules/boardroom/components/BoardroomConversationPanel.test.tsx (17 tests) 138ms
 ✓ packages/renderer/src/modules/creative/CreativeStudio.test.tsx (3 tests) 82ms
 ✓ packages/renderer/src/modules/video/editor/components/AudioWaveform.test.tsx (2 tests) 144ms
 ✓ packages/renderer/src/modules/onboarding/OnboardingModal.a11y.test.tsx (2 tests) 125ms
stdout | packages/renderer/src/services/agent/BaseAgentUsage.test.ts > BaseAgent Usage Defenses > should handle response WITHOUT usage method gracefully
[AgentIdentity] Minted identity for Test Agent (generalist): instance=bd64841f..., fingerprint=724165db5cc2...

stdout | packages/renderer/src/services/agent/BaseAgentUsage.test.ts > BaseAgent Usage Defenses > should handle response WITHOUT usage method gracefully
[ModelArmor] Scanning input...

stdout | packages/renderer/src/services/agent/BaseAgentUsage.test.ts > BaseAgent Usage Defenses > should handle response WITHOUT usage method gracefully
[DEBUG] BaseAgent calling GenAI.generateContent for generalist, iteration 1

stdout | packages/renderer/src/services/agent/BaseAgentUsage.test.ts > BaseAgent Usage Defenses > should handle response WITHOUT usage method gracefully
[ModelArmor] Scanning output...

stdout | packages/renderer/src/services/agent/BaseAgentUsage.test.ts > BaseAgent Usage Defenses > should handle response WITH usage method
[AgentIdentity] Minted identity for Test Agent (generalist): instance=e73adc32..., fingerprint=724165db5cc2...

stdout | packages/renderer/src/services/agent/BaseAgentUsage.test.ts > BaseAgent Usage Defenses > should handle response WITH usage method
[ModelArmor] Scanning input...

stdout | packages/renderer/src/services/agent/BaseAgentUsage.test.ts > BaseAgent Usage Defenses > should handle response WITH usage method
[DEBUG] BaseAgent calling GenAI.generateContent for generalist, iteration 1

stdout | packages/renderer/src/services/agent/BaseAgentUsage.test.ts > BaseAgent Usage Defenses > should handle response WITH usage method
[ModelArmor] Scanning output...

 ✓ packages/renderer/src/services/agent/BaseAgentUsage.test.ts (2 tests) 80ms
 ✓ packages/renderer/src/modules/distribution/DistributionDashboard.test.tsx (14 tests) 181ms
 ✓ packages/renderer/src/modules/video/editor/components/TimeRuler.test.tsx (5 tests) 195ms
 ✓ packages/renderer/src/services/agent/components/__tests__/AgentExecutor.test.ts (3 tests) 12ms
 ✓ packages/renderer/src/modules/merchandise/components/Merchandise.test.tsx (5 tests) 129ms
 ✓ packages/renderer/src/components/ui/table.mobile.test.tsx (2 tests) 153ms
 ✓ packages/renderer/src/modules/licensing/LicensingDashboard.pulse.test.tsx (1 test) 146ms
stdout | packages/renderer/src/services/ai/__tests__/ContextStress.test.ts > ContextManager Stress Tests > should handle massive conversation histories (10,000+ turns)
[STRESS] Truncated 10,000 turns in 15ms

 ✓ packages/renderer/src/services/ai/__tests__/ContextStress.test.ts (6 tests) 42ms
 ✓ packages/renderer/src/modules/creative/components/CreativeDaisychain12.interaction.test.tsx (1 test) 188ms
 ✓ packages/renderer/src/core/components/chat/annotator/__tests__/ImageAnnotator.test.tsx (4 tests) 129ms
 ✓ packages/renderer/src/modules/debug/MultimodalGauntlet.test.tsx (9 tests) 131ms
 ✓ packages/renderer/src/components/ui/ThreeDButton.test.tsx (6 tests) 222ms
 ✓ packages/renderer/src/modules/marketing/components/CampaignManager.test.tsx (8 tests) 49ms
 ✓ packages/renderer/src/services/agent/tools/__tests__/VideoTools.whisk.test.ts (4 tests) 4ms
stdout | packages/renderer/src/services/video/LensVeoAspectRatio.test.ts > Lens 🎥 - Veo 3.1 Aspect Ratio Compliance > should strictly respect explicit "16:9" aspect ratio
[VideoGeneration] 🎬 generateVideo() called: {
  promptPreview: 'Cinematic sunset',
  model: 'veo-3.1-generate-preview',
  duration: 5,
  aspectRatio: '16:9',
  hasFirstFrame: false,
  hasLastFrame: false,
  hasReferenceImages: false,
  userId: 'lens-tester'
}

stdout | packages/renderer/src/services/video/LensVeoAspectRatio.test.ts > Lens 🎥 - Veo 3.1 Aspect Ratio Compliance > should strictly respect explicit "16:9" aspect ratio
[VideoGeneration] 🚀 Calling GenAI.generateVideo() with: {
  model: 'veo-3.1-generate-preview',
  promptLength: 16,
  hasImage: false,
  config: '{"aspectRatio":"16:9","durationSeconds":5}'
}
[MetadataPersistence] ✅ Saved video to users/lens-tester/generated_videos/mock-doc

 ✓ packages/renderer/src/modules/dashboard/Dashboard.test.tsx (1 test) 43ms
stdout | packages/renderer/src/services/video/LensVeoAspectRatio.test.ts > Lens 🎥 - Veo 3.1 Aspect Ratio Compliance > should automatically apply "9:16" for DistroKid users (Spotify Canvas)
[VideoGeneration] 🎬 generateVideo() called: {
  promptPreview: 'Abstract loop',
  model: 'veo-3.1-generate-preview',
  duration: 8,
  aspectRatio: undefined,
  hasFirstFrame: false,
  hasLastFrame: false,
  hasReferenceImages: false,
  userId: 'lens-tester'
}

stdout | packages/renderer/src/services/video/LensVeoAspectRatio.test.ts > Lens 🎥 - Veo 3.1 Aspect Ratio Compliance > should automatically apply "9:16" for DistroKid users (Spotify Canvas)
[VideoGeneration] 🚀 Calling GenAI.generateVideo() with: {
  model: 'veo-3.1-generate-preview',
  promptLength: 96,
  hasImage: false,
  config: '{"aspectRatio":"9:16","durationSeconds":8}'
}
[MetadataPersistence] ✅ Saved video to users/lens-tester/generated_videos/mock-doc

stdout | packages/renderer/src/services/video/LensVeoAspectRatio.test.ts > Lens 🎥 - Veo 3.1 Aspect Ratio Compliance > should respect user override (16:9) even if DistroKid is configured
[VideoGeneration] 🎬 generateVideo() called: {
  promptPreview: 'Wide music video',
  model: 'veo-3.1-generate-preview',
  duration: 8,
  aspectRatio: '16:9',
  hasFirstFrame: false,
  hasLastFrame: false,
  hasReferenceImages: false,
  userId: 'lens-tester'
}

stdout | packages/renderer/src/services/video/LensVeoAspectRatio.test.ts > Lens 🎥 - Veo 3.1 Aspect Ratio Compliance > should respect user override (16:9) even if DistroKid is configured
[VideoGeneration] 🚀 Calling GenAI.generateVideo() with: {
  model: 'veo-3.1-generate-preview',
  promptLength: 99,
  hasImage: false,
  config: '{"aspectRatio":"16:9","durationSeconds":8}'
}
[MetadataPersistence] ✅ Saved video to users/lens-tester/generated_videos/mock-doc

 ✓ packages/renderer/src/services/video/LensVeoAspectRatio.test.ts (3 tests) 46ms
stdout | packages/renderer/src/components/project/ResourceTree.test.tsx
[DistributorService] Registered adapter: DistroKid
[DistributorService] Registered adapter: TuneCore
[DistributorService] Registered adapter: CDBaby
[DistributorService] Registered adapter: Symphonic

 ✓ packages/renderer/src/modules/distribution/components/__tests__/QCPanel.test.tsx (4 tests) 80ms
 ✓ packages/renderer/src/modules/finance/components/MerchandiseDashboard.test.tsx (3 tests) 85ms
 ✓ packages/renderer/src/components/project/ResourceTree.test.tsx (1 test) 85ms
 ✓ packages/renderer/src/modules/tools/AudioAnalyzer.a11y.test.tsx (1 test) 113ms
 ✓ packages/renderer/src/modules/video/editor/components/VideoPropertiesPanel.test.tsx (3 tests) 131ms
 ✓ packages/renderer/src/modules/creative/components/CreativeCanvas.interaction.test.tsx (1 test) 192ms
 ✓ packages/renderer/src/modules/distribution/components/__tests__/KeysPanel.test.tsx (3 tests) 168ms
 ✓ packages/renderer/src/modules/design/ThePrinter.test.tsx (3 tests) 125ms
 ✓ packages/main/src/handlers/auth.login-google.test.ts (1 test) 152ms
stdout | packages/renderer/src/modules/agent/components/AgentDashboard.interaction.test.tsx
[AgentRegistry] Pre-warming Generalist agent...
[AgentRegistry] Loading agent 'generalist' (attempt 1)...

 ✓ packages/renderer/src/modules/marketing/components/CreateCampaignModal.test.tsx (3 tests) 106ms
 ✓ packages/renderer/src/modules/agent/components/AgentDashboard.interaction.test.tsx (2 tests) 108ms
 ✓ packages/renderer/src/modules/video/VideoWorkflow.loading.test.tsx (6 tests) 138ms
 ✓ packages/renderer/src/modules/tools/AudioAnalyzer.interaction.test.tsx (1 test) 89ms
 ✓ packages/renderer/src/modules/marketing/components/CampaignList.test.tsx (3 tests) 34ms
 ✓ packages/renderer/src/modules/finance/components/EarningsDashboard.test.tsx (4 tests) 71ms
 ✓ packages/renderer/src/modules/video/components/VideoStage.veo.test.tsx (5 tests) 95ms
 ✓ packages/renderer/src/modules/finance/components/ExpenseItem.test.tsx (1 test) 55ms
stdout | packages/renderer/src/core/components/RightPanel.test.tsx
[WorkflowGraph] Successfully validated workflow 'CAMPAIGN_LAUNCH'
[WorkflowGraph] Successfully validated workflow 'AI_MERCH_DROP'
[WorkflowGraph] Successfully validated workflow 'SECURITY_AUDIT'
[WorkflowGraph] Successfully validated workflow 'TOUR_PLANNING'
[WorkflowGraph] Successfully validated workflow 'INDII_GROWTH_PROTOCOL'

 ✓ packages/renderer/src/modules/licensing/LicensingDashboard.test.tsx (3 tests) 145ms
 ✓ packages/renderer/src/core/components/RightPanel.test.tsx (9 tests) 78ms
 ✓ packages/renderer/src/components/ui/button.interaction.test.tsx (2 tests) 54ms
stdout | packages/renderer/src/core/store/slices/__tests__/agentPlanSlice.test.ts > agentPlanSlice > setPlan > should set the active plan
[AgentPlanSlice] New plan: "Test Plan" with 3 steps

stdout | packages/renderer/src/core/store/slices/__tests__/agentPlanSlice.test.ts > agentPlanSlice > setPlan > should replace existing active plan
[AgentPlanSlice] New plan: "Test Plan" with 3 steps
[AgentPlanSlice] New plan: "Plan 2" with 3 steps

stdout | packages/renderer/src/core/store/slices/__tests__/agentPlanSlice.test.ts > agentPlanSlice > updatePlanStep > should update a step status to running
[AgentPlanSlice] New plan: "Test Plan" with 3 steps

stdout | packages/renderer/src/core/store/slices/__tests__/agentPlanSlice.test.ts > agentPlanSlice > updatePlanStep > should update a step status to done
[AgentPlanSlice] New plan: "Test Plan" with 3 steps

stdout | packages/renderer/src/core/store/slices/__tests__/agentPlanSlice.test.ts > agentPlanSlice > updatePlanStep > should update a step status to failed with error
[AgentPlanSlice] New plan: "Test Plan" with 3 steps

stdout | packages/renderer/src/core/store/slices/__tests__/agentPlanSlice.test.ts > agentPlanSlice > updatePlanStep > should not update if plan ID does not match
[AgentPlanSlice] New plan: "Test Plan" with 3 steps

stdout | packages/renderer/src/core/store/slices/__tests__/agentPlanSlice.test.ts > agentPlanSlice > updatePlanStep > should move plan to history when all steps are terminal
[AgentPlanSlice] New plan: "Test Plan" with 3 steps
[AgentPlanSlice] Plan "Test Plan" completed — all steps terminal

stdout | packages/renderer/src/core/store/slices/__tests__/agentPlanSlice.test.ts > agentPlanSlice > updatePlanStep > should not move to history when steps are mixed terminal and non-terminal
[AgentPlanSlice] New plan: "Test Plan" with 3 steps

stdout | packages/renderer/src/core/store/slices/__tests__/agentPlanSlice.test.ts > agentPlanSlice > updatePlanStep > should treat skipped as terminal
[AgentPlanSlice] New plan: "Test Plan" with 3 steps
[AgentPlanSlice] Plan "Test Plan" completed — all steps terminal

stdout | packages/renderer/src/core/store/slices/__tests__/agentPlanSlice.test.ts > agentPlanSlice > clearPlan > should clear the active plan
[AgentPlanSlice] New plan: "Test Plan" with 3 steps
[AgentPlanSlice] Clearing plan: "Test Plan"

stdout | packages/renderer/src/core/store/slices/__tests__/agentPlanSlice.test.ts > agentPlanSlice > clearPlan > should move active plan to history when clearing
[AgentPlanSlice] New plan: "Test Plan" with 3 steps
[AgentPlanSlice] Clearing plan: "Test Plan"

stdout | packages/renderer/src/core/store/slices/__tests__/agentPlanSlice.test.ts > agentPlanSlice > clearPlan > should not duplicate in history if already there
[AgentPlanSlice] New plan: "Test Plan" with 3 steps
[AgentPlanSlice] Plan "Test Plan" completed — all steps terminal
[AgentPlanSlice] Clearing plan: "Test Plan"

 ✓ packages/renderer/src/core/store/slices/__tests__/agentPlanSlice.test.ts (13 tests) 12ms
 ✓ packages/renderer/src/modules/dashboard/components/WorkspaceCanvas.perf.test.tsx (4 tests) 65ms
 ✓ packages/renderer/src/modules/legal/LegalDashboard.test.tsx (5 tests) 330ms
 ✓ packages/renderer/src/modules/creative/components/InfiniteCanvasHUD.test.tsx (4 tests) 91ms
stdout | packages/renderer/src/services/agent/__tests__/ProactiveAgent.test.ts > ProactiveService > should execute scheduled task when triggered manually
[ProactiveService] Triggering agent marketing for task: Follow up

stdout | packages/renderer/src/services/agent/__tests__/ProactiveAgent.test.ts > ProactiveService > should trigger an agent on system events
[ProactiveService] Triggering agent researcher for task: Analyze result

 ✓ packages/renderer/src/services/agent/__tests__/ProactiveAgent.test.ts (3 tests) 61ms
 ✓ packages/renderer/src/modules/creative/components/AnnotationPalette.interaction.test.tsx (2 tests) 58ms
 ✓ packages/renderer/src/modules/marketing/MarketingDashboard.test.tsx (1 test) 87ms
stdout | packages/renderer/src/services/firebase.appcheck.test.ts > Firebase App Check Initialization > should initialize App Check in standard web environment when key is present
[App Check] Initialized successfully

stdout | packages/renderer/src/services/firebase.appcheck.test.ts > Firebase App Check Initialization > should NOT initialize App Check in Electron environment (no debug token)
[Firebase] Performance Monitoring not available

stdout | packages/renderer/src/services/firebase.appcheck.test.ts > Firebase App Check Initialization > should NOT initialize App Check in Electron environment (no debug token)
[App Check] Skipping initialization (Electron/Dev constraints not met)

stdout | packages/renderer/src/services/firebase.appcheck.test.ts > Firebase App Check Initialization > should NOT initialize App Check in Electron environment (no debug token)
[Firebase] Performance Monitoring not available

stdout | packages/renderer/src/services/firebase.appcheck.test.ts > Firebase App Check Initialization > should initialize App Check in Electron environment WITH debug token
[App Check] Initializing in Electron with Debug Token
[App Check] Initialized successfully

stdout | packages/renderer/src/services/firebase.appcheck.test.ts > Firebase App Check Initialization > should initialize App Check in Electron environment WITH debug token
[Firebase] Performance Monitoring not available

 ✓ packages/renderer/src/services/firebase.appcheck.test.ts (3 tests) 43ms
 ✓ packages/renderer/src/services/timeline/TimelineOrchestratorService.test.ts (25 tests) 13ms
 ✓ packages/renderer/src/modules/marketing/components/CampaignDashboard.pulse.test.tsx (2 tests) 90ms
 ✓ packages/renderer/src/components/studio/observability/TraceViewer.interaction.test.tsx (2 tests) 64ms
 ✓ packages/landing/src/login-bridge/page.test.tsx (3 tests) 63ms
stdout | packages/renderer/src/services/video/LensVeoResilience.test.ts > Lens 🎥 - Veo 3.1 Resilience & Fallback Strategy > should proceed with generation (Resilience) when Temporal Context Analysis fails
[VideoGeneration] 🎬 generateVideo() called: {
  promptPreview: 'A cinematic shot of a cyberpunk city',
  model: 'veo-3.1-generate-preview',
  duration: 8,
  aspectRatio: undefined,
  hasFirstFrame: true,
  hasLastFrame: false,
  hasReferenceImages: false,
  userId: 'test-user-lens'
}

stdout | packages/renderer/src/services/video/LensVeoResilience.test.ts > Lens 🎥 - Veo 3.1 Resilience & Fallback Strategy > should proceed with generation (Resilience) when Temporal Context Analysis fails
[VideoGeneration] 🚀 Calling GenAI.generateVideo() with: {
  model: 'veo-3.1-generate-preview',
  promptLength: 36,
  hasImage: true,
  config: '{"aspectRatio":"16:9","durationSeconds":8}'
}
[MetadataPersistence] ✅ Saved video to users/test-user-lens/generated_videos/mock-doc

stdout | packages/renderer/src/services/video/LensVeoResilience.test.ts > Lens 🎥 - Veo 3.1 Resilience & Fallback Strategy > should proceed with generation (Fallback) when Quota Service fails
[VideoGeneration] 🎬 generateVideo() called: {
  promptPreview: 'A calm ocean view',
  model: 'veo-3.1-generate-preview',
  duration: 8,
  aspectRatio: undefined,
  hasFirstFrame: false,
  hasLastFrame: false,
  hasReferenceImages: false,
  userId: 'test-user-lens'
}

stdout | packages/renderer/src/services/video/LensVeoResilience.test.ts > Lens 🎥 - Veo 3.1 Resilience & Fallback Strategy > should proceed with generation (Fallback) when Quota Service fails
[VideoGeneration] 🚀 Calling GenAI.generateVideo() with: {
  model: 'veo-3.1-generate-preview',
  promptLength: 17,
  hasImage: false,
  config: '{"aspectRatio":"16:9","durationSeconds":8}'
}
[MetadataPersistence] ✅ Saved video to users/test-user-lens/generated_videos/mock-doc

stdout | packages/renderer/src/services/video/LensVeoResilience.test.ts > Lens 🎥 - Veo 3.1 Resilience & Fallback Strategy > should BLOCK generation when Quota is strictly exceeded
[VideoGeneration] 🎬 generateVideo() called: {
  promptPreview: 'Expensive video generation',
  model: 'veo-3.1-generate-preview',
  duration: 8,
  aspectRatio: undefined,
  hasFirstFrame: false,
  hasLastFrame: false,
  hasReferenceImages: false,
  userId: 'test-user-lens'
}

 ✓ packages/renderer/src/modules/publicist/PublicistDashboard.test.tsx (5 tests) 86ms
stdout | packages/renderer/src/services/video/LensVeoResilience.test.ts > Lens 🎥 - Veo 3.1 Resilience & Fallback Strategy > should correctly enrich prompt with Veo 3.1 parameters even during Fallback
[VideoGeneration] 🎬 generateVideo() called: {
  promptPreview: 'A car chase',
  model: 'veo-3.1-generate-preview',
  duration: 8,
  aspectRatio: undefined,
  hasFirstFrame: false,
  hasLastFrame: false,
  hasReferenceImages: false,
  userId: 'test-user-lens'
}

stdout | packages/renderer/src/services/video/LensVeoResilience.test.ts > Lens 🎥 - Veo 3.1 Resilience & Fallback Strategy > should correctly enrich prompt with Veo 3.1 parameters even during Fallback
[VideoGeneration] 🚀 Calling GenAI.generateVideo() with: {
  model: 'veo-3.1-generate-preview',
  promptLength: 63,
  hasImage: false,
  config: '{"aspectRatio":"16:9","durationSeconds":8}'
}
[MetadataPersistence] ✅ Saved video to users/test-user-lens/generated_videos/mock-doc

stdout | packages/renderer/src/services/video/LensVeoResilience.test.ts > Lens 🎥 - Veo 3.1 Resilience & Fallback Strategy > should verify E2E pipeline: Trigger -> Wait -> Success with Veo 3.1 Metadata
[VideoGeneration] 🎬 generateVideo() called: {
  promptPreview: 'Test video',
  model: 'veo-3.1-generate-preview',
  duration: 8,
  aspectRatio: undefined,
  hasFirstFrame: false,
  hasLastFrame: false,
  hasReferenceImages: false,
  userId: 'test-user-lens'
}

stdout | packages/renderer/src/services/video/LensVeoResilience.test.ts > Lens 🎥 - Veo 3.1 Resilience & Fallback Strategy > should verify E2E pipeline: Trigger -> Wait -> Success with Veo 3.1 Metadata
[VideoGeneration] 🚀 Calling GenAI.generateVideo() with: {
  model: 'veo-3.1-generate-preview',
  promptLength: 10,
  hasImage: false,
  config: '{"aspectRatio":"16:9","durationSeconds":8}'
}
[MetadataPersistence] ✅ Saved video to users/test-user-lens/generated_videos/mock-doc

 ✓ packages/renderer/src/services/video/LensVeoResilience.test.ts (5 tests) 24ms
 ✓ packages/renderer/src/services/agent/builders/__tests__/AgentPromptBuilder.test.ts (26 tests) 25ms
 ✓ packages/renderer/src/modules/distribution/components/__tests__/AuthorityPanel.test.tsx (4 tests) 102ms
 ✓ packages/renderer/src/modules/desktop/DesktopDashboard.test.tsx (4 tests) 87ms
 ✓ packages/renderer/src/modules/select-org/SelectOrg.test.tsx (4 tests) 49ms
 ✓ packages/renderer/src/modules/merchandise/components/StandardProductCard.responsive.test.tsx (4 tests) 43ms
 ✓ packages/renderer/src/modules/workflow/components/UniversalNode.test.tsx (6 tests) 34ms
 ✓ packages/renderer/src/modules/files/FileDashboard.test.tsx (5 tests) 47ms
 ✓ packages/renderer/src/modules/video/editor/VideoPopout.test.tsx (7 tests) 45ms
stdout | packages/renderer/src/services/agent/BaseAgentValidation.test.ts > BaseAgent Tool Validation > should execute tool when args are valid
[AgentIdentity] Minted identity for Test Agent (generalist): instance=fa875638..., fingerprint=724165db5cc2...

stdout | packages/renderer/src/services/agent/BaseAgentValidation.test.ts > BaseAgent Tool Validation > should execute tool when args are valid
[ModelArmor] Scanning input...

stdout | packages/renderer/src/services/agent/BaseAgentValidation.test.ts > BaseAgent Tool Validation > should execute tool when args are valid
[DEBUG] BaseAgent calling GenAI.generateContent for generalist, iteration 1

stdout | packages/renderer/src/services/agent/BaseAgentValidation.test.ts > BaseAgent Tool Validation > should execute tool when args are valid
[ModelArmor] Scanning input...

stdout | packages/renderer/src/services/agent/BaseAgentValidation.test.ts > BaseAgent Tool Validation > should execute tool when args are valid
[DEBUG] BaseAgent calling GenAI.generateContent for generalist, iteration 2

stdout | packages/renderer/src/services/agent/BaseAgentValidation.test.ts > BaseAgent Tool Validation > should execute tool when args are valid
[ModelArmor] Scanning output...

stdout | packages/renderer/src/services/agent/BaseAgentValidation.test.ts > BaseAgent Tool Validation > should block tool execution when args are invalid
[AgentIdentity] Minted identity for Test Agent (generalist): instance=58df6ce8..., fingerprint=724165db5cc2...

stdout | packages/renderer/src/services/agent/BaseAgentValidation.test.ts > BaseAgent Tool Validation > should block tool execution when args are invalid
[ModelArmor] Scanning input...

stdout | packages/renderer/src/services/agent/BaseAgentValidation.test.ts > BaseAgent Tool Validation > should block tool execution when args are invalid
[DEBUG] BaseAgent calling GenAI.generateContent for generalist, iteration 1

stdout | packages/renderer/src/services/agent/BaseAgentValidation.test.ts > BaseAgent Tool Validation > should block tool execution when args are invalid
[ModelArmor] Scanning input...

stdout | packages/renderer/src/services/agent/BaseAgentValidation.test.ts > BaseAgent Tool Validation > should block tool execution when args are invalid
[DEBUG] BaseAgent calling GenAI.generateContent for generalist, iteration 2

stdout | packages/renderer/src/services/agent/BaseAgentValidation.test.ts > BaseAgent Tool Validation > should block tool execution when args are invalid
[ModelArmor] Scanning output...

stdout | packages/renderer/src/modules/agent/components/AgentDashboard.test.tsx
[AgentRegistry] Pre-warming Generalist agent...
[AgentRegistry] Loading agent 'generalist' (attempt 1)...

 ✓ packages/renderer/src/services/agent/BaseAgentValidation.test.ts (2 tests) 66ms
 ✓ packages/renderer/src/services/agent/evolution/HelixDiversity.test.ts (2 tests) 44ms
 ✓ packages/renderer/src/modules/creative/components/CreativeDaisychain.interaction.test.tsx (1 test) 42ms
 ✓ packages/renderer/src/modules/agent/components/AgentDashboard.test.tsx (2 tests) 56ms
stdout | packages/main/src/services/HistoryStore.test.ts > 📚 Keeper: Electron HistoryStore Persistence
[Keeper] Testing persistence in: /var/folders/h5/_k0rmph56n571tfjcqf1ldbh0000gp/T/indii-keeper-test-persistence

stdout | packages/main/src/services/HistoryStore.test.ts > 📚 Keeper: Electron HistoryStore Persistence > should save session data to disk
14:52:49.733 › [HistoryStore] Initialized at: /var/folders/h5/_k0rmph56n571tfjcqf1ldbh0000gp/T/indii-keeper-test-persistence/chat-history.json

stdout | packages/main/src/services/HistoryStore.test.ts > 📚 Keeper: Electron HistoryStore Persistence > should persist data across "Cold Boot" (store re-instantiation)
14:52:49.751 › [HistoryStore] Initialized at: /var/folders/h5/_k0rmph56n571tfjcqf1ldbh0000gp/T/indii-keeper-test-persistence/chat-history.json
14:52:49.751 › [HistoryStore] Initialized at: /var/folders/h5/_k0rmph56n571tfjcqf1ldbh0000gp/T/indii-keeper-test-persistence/chat-history.json

 ✓ packages/main/src/services/HistoryStore.test.ts (4 tests) 48ms
 ✓ packages/renderer/src/modules/security/SecurityDashboard.test.tsx (2 tests) 54ms
 ✓ packages/renderer/src/modules/creative/components/BrandAssetsDrawer.a11y.test.tsx (2 tests) 39ms
 ✓ packages/renderer/src/modules/creative/components/CreativeGallery.a11y.test.tsx (3 tests) 53ms
 ✓ packages/renderer/src/services/observability/RequestTracingService.test.ts (14 tests) 5ms
stdout | packages/firebase/src/__tests__/video_generation_pipeline.test.ts > Video Generation Pipeline (Lens) > 🎥 Happy Path: Generates video and saves metadata contract
[Inngest] Starting video generation for Job: job-123 (Thinking: false)
[Inngest] Updating status to processing for job-123

stdout | packages/firebase/src/__tests__/video_generation_pipeline.test.ts > Video Generation Pipeline (Lens) > 🎥 Happy Path: Generates video and saves metadata contract
[Inngest] Status updated to processing for job-123

stdout | packages/firebase/src/__tests__/video_generation_pipeline.test.ts > Video Generation Pipeline (Lens) > 🎥 Happy Path: Generates video and saves metadata contract
[Inngest] Operation started: operations/123

stdout | packages/firebase/src/__tests__/video_generation_pipeline.test.ts > Video Generation Pipeline (Lens) > 🎥 Happy Path: Generates video and saves metadata contract
[Inngest] Final Result from Google AI: {
  "done": true,
  "response": {
    "generateVideoResponse": {
      "generatedSamples": [
        {
          "video": {
            "uri": "https://veo.google/video.mp4"
          }
        }
      ]
    }
  }
}
[Inngest] Found video URI: https://veo.google/video.mp4

stdout | packages/firebase/src/__tests__/video_generation_pipeline.test.ts > Video Generation Pipeline (Lens) > 🎥 Handles "9:16" aspect ratio correctly in metadata
[Inngest] Starting video generation for Job: job-123 (Thinking: false)
[Inngest] Updating status to processing for job-123

stdout | packages/firebase/src/__tests__/video_generation_pipeline.test.ts > Video Generation Pipeline (Lens) > 🎥 Handles "9:16" aspect ratio correctly in metadata
[Inngest] Status updated to processing for job-123

stdout | packages/firebase/src/__tests__/video_generation_pipeline.test.ts > Video Generation Pipeline (Lens) > 🎥 Handles "9:16" aspect ratio correctly in metadata
[Inngest] Operation started: operations/123

stdout | packages/firebase/src/__tests__/video_generation_pipeline.test.ts > Video Generation Pipeline (Lens) > 🎥 Handles "9:16" aspect ratio correctly in metadata
[Inngest] Final Result from Google AI: {
  "done": true,
  "response": {
    "generateVideoResponse": {
      "generatedSamples": [
        {
          "video": {
            "uri": "https://veo.google/video.mp4"
          }
        }
      ]
    }
  }
}
[Inngest] Found video URI: https://veo.google/video.mp4

stdout | packages/firebase/src/__tests__/video_generation_pipeline.test.ts > Video Generation Pipeline (Lens) > ⚡ Flash vs Pro: Verify polling mechanism handles delays
[Inngest] Starting video generation for Job: job-123 (Thinking: false)
[Inngest] Updating status to processing for job-123

stdout | packages/firebase/src/__tests__/video_generation_pipeline.test.ts > Video Generation Pipeline (Lens) > ⚡ Flash vs Pro: Verify polling mechanism handles delays
[Inngest] Status updated to processing for job-123

stdout | packages/firebase/src/__tests__/video_generation_pipeline.test.ts > Video Generation Pipeline (Lens) > ⚡ Flash vs Pro: Verify polling mechanism handles delays
[Inngest] Operation started: operations/slow

stdout | packages/firebase/src/__tests__/video_generation_pipeline.test.ts > Video Generation Pipeline (Lens) > ⚡ Flash vs Pro: Verify polling mechanism handles delays
[Inngest] Final Result from Google AI: {
  "done": true,
  "response": {
    "generateVideoResponse": {
      "generatedSamples": [
        {
          "video": {
            "uri": "https://veo.google/slow.mp4"
          }
        }
      ]
    }
  }
}
[Inngest] Found video URI: https://veo.google/slow.mp4

stdout | packages/firebase/src/__tests__/video_generation_pipeline.test.ts > Video Generation Pipeline (Lens) > 🛑 Handles API Error Gracefully
[Inngest] Starting video generation for Job: job-123 (Thinking: false)
[Inngest] Updating status to processing for job-123

stdout | packages/firebase/src/__tests__/video_generation_pipeline.test.ts > Video Generation Pipeline (Lens) > 🛑 Handles API Error Gracefully
[Inngest] Status updated to processing for job-123

stdout | packages/firebase/src/__tests__/video_generation_pipeline.test.ts > Video Generation Pipeline (Lens) > 🛑 Handles "SafetySettings" or Policy Violation
[Inngest] Starting video generation for Job: job-123 (Thinking: false)
[Inngest] Updating status to processing for job-123

stdout | packages/firebase/src/__tests__/video_generation_pipeline.test.ts > Video Generation Pipeline (Lens) > 🛑 Handles "SafetySettings" or Policy Violation
[Inngest] Status updated to processing for job-123

stdout | packages/firebase/src/__tests__/video_generation_pipeline.test.ts > Video Generation Pipeline (Lens) > 🛑 Handles "SafetySettings" or Policy Violation
[Inngest] Operation started: operations/unsafe

stdout | packages/firebase/src/__tests__/video_generation_pipeline.test.ts > Video Generation Pipeline (Lens) > 🛑 Handles "SafetySettings" or Policy Violation
[Inngest] Final Result from Google AI: {
  "done": true,
  "response": {
    "generateVideoResponse": {
      "generatedSamples": []
    }
  }
}

 ✓ packages/firebase/src/__tests__/video_generation_pipeline.test.ts (5 tests) 17ms
stdout | packages/renderer/src/services/agent/__tests__/AgentCollaboration.test.ts > Agent Collaboration > should delegate a task using delegate_task
[AgentIdentity] Minted identity for Manager (generalist): instance=5a23dabf..., fingerprint=aaa5cb24b71e...

stdout | packages/renderer/src/services/agent/__tests__/AgentCollaboration.test.ts > Agent Collaboration > should delegate a task using delegate_task
[ModelArmor] Scanning input...

stdout | packages/renderer/src/services/agent/__tests__/AgentCollaboration.test.ts > Agent Collaboration > should delegate a task using delegate_task
[DEBUG] BaseAgent calling GenAI.generateContent for generalist, iteration 1

stdout | packages/renderer/src/services/agent/__tests__/AgentCollaboration.test.ts > Agent Collaboration > should delegate a task using delegate_task
[AgentIdentity] Provenance: generalist → delegate_task → marketing (trace: parent-t...)

stdout | packages/renderer/src/services/agent/__tests__/AgentCollaboration.test.ts > Agent Collaboration > should delegate a task using delegate_task
[ModelArmor] Scanning input...

stdout | packages/renderer/src/services/agent/__tests__/AgentCollaboration.test.ts > Agent Collaboration > should delegate a task using delegate_task
[DEBUG] BaseAgent calling GenAI.generateContent for generalist, iteration 2

stdout | packages/renderer/src/services/agent/__tests__/AgentCollaboration.test.ts > Agent Collaboration > should delegate a task using delegate_task
[ModelArmor] Scanning output...

stdout | packages/renderer/src/services/agent/__tests__/AgentCollaboration.test.ts > Agent Collaboration > should consult multiple experts in parallel using consult_experts
[AgentIdentity] Minted identity for Manager (generalist): instance=e8d9ed01..., fingerprint=aaa5cb24b71e...

 ✓ packages/renderer/src/modules/video/components/DailiesStrip.interaction.test.tsx (4 tests) 43ms
stdout | packages/renderer/src/services/agent/__tests__/AgentCollaboration.test.ts > Agent Collaboration > should consult multiple experts in parallel using consult_experts
[ModelArmor] Scanning input...

stdout | packages/renderer/src/services/agent/__tests__/AgentCollaboration.test.ts > Agent Collaboration > should consult multiple experts in parallel using consult_experts
[DEBUG] BaseAgent calling GenAI.generateContent for generalist, iteration 1

stdout | packages/renderer/src/services/agent/__tests__/AgentCollaboration.test.ts > Agent Collaboration > should consult multiple experts in parallel using consult_experts
[AgentIdentity] Provenance: generalist → consult_experts → producer,marketing (trace: main-tra...)

stdout | packages/renderer/src/services/agent/__tests__/AgentCollaboration.test.ts > Agent Collaboration > should consult multiple experts in parallel using consult_experts
[ModelArmor] Scanning input...

stdout | packages/renderer/src/services/agent/__tests__/AgentCollaboration.test.ts > Agent Collaboration > should consult multiple experts in parallel using consult_experts
[DEBUG] BaseAgent calling GenAI.generateContent for generalist, iteration 2

stdout | packages/renderer/src/services/agent/__tests__/AgentCollaboration.test.ts > Agent Collaboration > should consult multiple experts in parallel using consult_experts
[ModelArmor] Scanning output...

 ✓ packages/renderer/src/services/agent/__tests__/AgentCollaboration.test.ts (2 tests) 72ms
stdout | packages/main/src/handlers/network.security.test.ts > 🛡️ Shield: Network IPC Security (SSRF & Fuzzing) > SSRF Prevention (Sandbox Escape) > should BLOCK DNS Rebinding (Public Domain -> Private IP)
14:52:50.532 › [Network] Validating Request: http://evil-internal.com/router-config

stdout | packages/main/src/handlers/network.security.test.ts > 🛡️ Shield: Network IPC Security (SSRF & Fuzzing) > SSRF Prevention (Sandbox Escape) > should ALLOW safe public domains
14:52:50.541 › [Network] Validating Request: https://example.com/api/data

stdout | packages/main/src/handlers/network.security.test.ts > 🛡️ Shield: Network IPC Security (SSRF & Fuzzing) > SSRF Prevention (Sandbox Escape) > should ALLOW safe public domains
14:52:50.541 › [Network] Fetching Safe URL: https://example.com/api/data

 ✓ packages/main/src/handlers/network.security.test.ts (12 tests) 53ms
stdout | packages/renderer/src/services/ai/FirebaseAIService.security.test.ts > FirebaseAIService Security > should NOT leak raw PII in debug logs
[FirebaseAIService] Initialized with direct Gemini SDK (fallback mode)

stdout | packages/renderer/src/services/ai/FirebaseAIService.security.test.ts > FirebaseAIService Security > should NOT leak raw PII in debug logs
[FallbackClient] Model "gemini-3.1-flash-lite" is not available on the Developer API. Using fallback model "gemini-2.5-flash" instead.

 ✓ packages/renderer/src/services/ai/FirebaseAIService.security.test.ts (1 test) 6ms
 ✓ packages/renderer/src/services/MembershipService.subscription.test.ts (5 tests) 14ms
 ✓ packages/renderer/src/modules/social/tools.test.ts (2 tests) 12ms
 ✓ packages/renderer/src/modules/founders/FoundersCheckout.test.tsx (3 tests) 50ms
stdout | packages/renderer/src/components/project/ResourceTree.ui.test.tsx
[DistributorService] Registered adapter: DistroKid
[DistributorService] Registered adapter: TuneCore
[DistributorService] Registered adapter: CDBaby
[DistributorService] Registered adapter: Symphonic

 ✓ packages/renderer/src/services/scheduler/SchedulerClientService.test.ts (18 tests) 10ms
stdout | packages/renderer/src/core/store/slices/__tests__/agentOrchestrationSlice.test.ts > AgentOrchestrationSlice > should start listening to graph execution and update state on snapshot
[AgentOrchestrationSlice] Starting listener for graph execution: exec-123

stdout | packages/renderer/src/core/store/slices/__tests__/agentOrchestrationSlice.test.ts > AgentOrchestrationSlice > should stop listening and clear state when stopListeningToGraphExecution is called
[AgentOrchestrationSlice] Stopping existing active graph execution listener.
[AgentOrchestrationSlice] Starting listener for graph execution: exec-1

stdout | packages/renderer/src/core/store/slices/__tests__/agentOrchestrationSlice.test.ts > AgentOrchestrationSlice > should stop listening and clear state when stopListeningToGraphExecution is called
[AgentOrchestrationSlice] Stopping active graph execution listener.

stdout | packages/renderer/src/core/store/slices/__tests__/agentOrchestrationSlice.test.ts > AgentOrchestrationSlice > should handle missing document in snapshot
[AgentOrchestrationSlice] Starting listener for graph execution: exec-missing

 ✓ packages/renderer/src/core/store/slices/__tests__/agentOrchestrationSlice.test.ts (6 tests) 23ms
stdout | packages/renderer/src/services/ai/__tests__/QA_Batching.test.ts > Request Batching QA > FirebaseAIService.batchEmbedContents (Polyfill) > should fallback to concurrent embedContent requests
[FirebaseAIService] App Check Debug: { DEV: true, debugToken: undefined, key: undefined }
[FirebaseAIService] Fallback Mode Initialization: {
  foundKey: true,
  source: 'env.VITE_API_KEY',
  keyPrefix: 'test-api...'
}
[FirebaseAIService] Initialized with direct Gemini SDK (fallback mode)

 ✓ packages/renderer/src/services/ai/__tests__/QA_Batching.test.ts (3 tests) 6ms
 ✓ packages/renderer/src/config/env.test.ts (1 test) 26ms
 ✓ packages/renderer/src/components/project/ResourceTree.ui.test.tsx (4 tests) 49ms
 ✓ packages/renderer/src/modules/video/editor/components/VideoEditor.interaction.test.tsx (5 tests) 89ms
 ✓ packages/renderer/src/services/distribution/proprietary-ingestion/DDEX_CLIP_Integration.test.ts (1 test) 11ms
 ✓ packages/renderer/src/modules/agent/services/RosterService.test.ts (6 tests) 5ms
stdout | packages/renderer/src/services/video/VideoGenerationService.test.ts > VideoGenerationService (Veo 3.1 Pipeline) > generateVideo > should enforce quota limits before triggering job
[VideoGeneration] 🎬 generateVideo() called: {
  promptPreview: 'test',
  model: 'veo-3.1-generate-preview',
  duration: 8,
  aspectRatio: undefined,
  hasFirstFrame: false,
  hasLastFrame: false,
  hasReferenceImages: false,
  userId: 'test-user'
}

stdout | packages/renderer/src/services/video/VideoGenerationService.test.ts > VideoGenerationService (Veo 3.1 Pipeline) > generateVideo > should trigger video generation with correct parameters
[VideoGeneration] 🎬 generateVideo() called: {
  promptPreview: 'A cinematic shot',
  model: 'veo-3.1-generate-preview',
  duration: 8,
  aspectRatio: '16:9',
  hasFirstFrame: false,
  hasLastFrame: false,
  hasReferenceImages: false,
  userId: 'test-user'
}

stdout | packages/renderer/src/services/agent/__tests__/AgentMultimodal.test.ts > Agent Multimodal Support > should include attachments in AI requests
[AgentIdentity] Minted identity for Vision Expert (video): instance=c3040468..., fingerprint=c563879198e9...

stdout | packages/renderer/src/services/video/VideoGenerationService.test.ts > VideoGenerationService (Veo 3.1 Pipeline) > generateVideo > should trigger video generation with correct parameters
[VideoGeneration] 🚀 Calling GenAI.generateVideo() with: {
  model: 'veo-3.1-generate-preview',
  promptLength: 16,
  hasImage: false,
  config: '{"aspectRatio":"16:9","resolution":"1080p","durationSeconds":8}'
}

stdout | packages/renderer/src/services/agent/__tests__/AgentMultimodal.test.ts > Agent Multimodal Support > should include attachments in AI requests
[ModelArmor] Scanning input...

stdout | packages/renderer/src/services/agent/__tests__/AgentMultimodal.test.ts > Agent Multimodal Support > should include attachments in AI requests
[DEBUG] BaseAgent calling GenAI.generateContent for video, iteration 1

stdout | packages/renderer/src/services/agent/__tests__/AgentMultimodal.test.ts > Agent Multimodal Support > should include attachments in AI requests
[ModelArmor] Scanning output...

 ✓ packages/renderer/src/services/agent/__tests__/AgentMultimodal.test.ts (1 test) 39ms
 ✓ packages/renderer/src/services/video/VideoGenerationService.test.ts (8 tests) 56ms
 ✓ packages/renderer/src/modules/creative/components/whisk/__tests__/WhiskPresetStyles.test.tsx (10 tests) 62ms
 ✓ packages/renderer/src/core/components/ConversationHistoryList.perf.test.tsx (1 test) 50ms
 ✓ packages/renderer/src/modules/creative/components/CandidatesCarousel.interaction.test.tsx (3 tests) 43ms
stdout | packages/renderer/src/services/agent/MemoryService.test.ts > MemoryService > retrieveRelevantMemories > should rank recent high-importance memories highest
[MemoryService] Searching 3 memories for: "query"

stdout | packages/renderer/src/services/agent/MemoryService.test.ts > MemoryService > retrieveRelevantMemories > should rank recent high-importance memories highest
[MemoryService] Top scores: "recent important…" (0.785 vec=1.000 kw=0.000) | "old important…" (0.672 vec=1.000 kw=0.000) | "recent trivial…" (0.665 vec=1.000 kw=0.000)
[MemoryService] Threshold=0.25, matched=3

stdout | packages/renderer/src/services/agent/MemoryService.test.ts > MemoryService > retrieveRelevantMemories > should update access stats for retrieved items
[MemoryService] Searching 1 memories for: "query"

stdout | packages/renderer/src/services/agent/MemoryService.test.ts > MemoryService > retrieveRelevantMemories > should update access stats for retrieved items
[MemoryService] Top scores: "recent important…" (0.785 vec=1.000 kw=0.000)
[MemoryService] Threshold=0.25, matched=1

stdout | packages/renderer/src/services/agent/MemoryService.test.ts > MemoryService > retrieveRelevantMemories > should filter memories by type
[MemoryService] Searching 3 memories for: "query"
[MemoryService] All memories excluded by metadata filters.

stdout | packages/renderer/src/services/agent/MemoryService.test.ts > MemoryService > retrieveRelevantMemories > should filter memories by type
[MemoryService] Searching 4 memories for: "query"

stdout | packages/renderer/src/services/agent/MemoryService.test.ts > MemoryService > retrieveRelevantMemories > should filter memories by type
[MemoryService] Top scores: "Always do X…" (0.935 vec=1.000 kw=0.000)
[MemoryService] Threshold=0.25, matched=1

stdout | packages/renderer/src/services/agent/MemoryService.test.ts > MemoryService > retrieveRelevantMemories > should filter memories by date range
[MemoryService] Searching 2 memories for: "query"

stdout | packages/renderer/src/services/agent/MemoryService.test.ts > MemoryService > retrieveRelevantMemories > should filter memories by date range
[MemoryService] Top scores: "recent important…" (0.635 vec=1.000 kw=0.000)
[MemoryService] Threshold=0.25, matched=1

stdout | packages/renderer/src/services/agent/MemoryService.test.ts > MemoryService > consolidateMemories > should consolidate memories using AI
[MemoryService] Consolidated 2 memories into 1 summaries.

 ✓ packages/renderer/src/services/agent/MemoryService.test.ts (9 tests) 26ms
 ✓ packages/renderer/src/modules/tools/AudioAnalyzer.test.tsx (3 tests) 78ms
 ✓ packages/main/src/utils/python-bridge.test.ts (3 tests) 63ms
stdout | packages/renderer/src/services/image/__tests__/CanvasBatchService.test.ts > CanvasBatchService > should export selected dimensions and update store
[CanvasBatch] Initiating batch export for 2 targets...
[CanvasBatch] Processing Instagram Post (1:1) (1080x1080)

stdout | packages/renderer/src/services/image/__tests__/CanvasBatchService.test.ts > CanvasBatchService > should export selected dimensions and update store
[CanvasBatch] Processing Snapchat / Story (720x1280)

stdout | packages/renderer/src/services/image/__tests__/CanvasBatchService.test.ts > CanvasBatchService > should handle errors gracefully
[CanvasBatch] Initiating batch export for 1 targets...
[CanvasBatch] Processing Instagram Post (1:1) (1080x1080)

stdout | packages/renderer/src/services/image/__tests__/CanvasBatchService.test.ts > CanvasBatchService > should log reframing
[CanvasBatch] Applying intelligent reframing for 1080x1080

 ✓ packages/renderer/src/services/image/__tests__/CanvasBatchService.test.ts (3 tests) 13ms
stdout | packages/main/src/services/HistoryStore.resilience.test.ts > 📚 Keeper: Electron HistoryStore Resilience
[Keeper] Testing resilience in: /var/folders/h5/_k0rmph56n571tfjcqf1ldbh0000gp/T/indii-keeper-test-resilience
[Keeper] Injected corrupted JSON file.

stdout | packages/main/src/services/HistoryStore.resilience.test.ts > 📚 Keeper: Electron HistoryStore Resilience > should have reset to default empty state
14:52:52.883 › [HistoryStore] Initialized at: /var/folders/h5/_k0rmph56n571tfjcqf1ldbh0000gp/T/indii-keeper-test-resilience/chat-history.json

 ✓ packages/main/src/services/HistoryStore.resilience.test.ts (3 tests) 37ms
 ✓ packages/main/src/utils/network-security.test.ts (27 tests) 20ms
 ✓ packages/renderer/src/services/agent/ReflectionLoopService.test.ts (9 tests) 9ms
 ✓ packages/renderer/src/modules/capture/GhostCapture.test.tsx (7 tests) 48ms
 ✓ packages/renderer/src/modules/memory/MemoryDashboard.test.tsx (3 tests) 58ms
stdout | packages/renderer/src/hooks/useContextStack.test.ts > useContextStack > Stack Operations > should push context frame
[ContextStack] Pushed frame frame-1778698373299-j1tksd909 at depth 0 (0 tokens)

stdout | packages/renderer/src/hooks/useContextStack.test.ts > useContextStack > Stack Operations > should clear context
[ContextStack] Pushed frame frame-1778698373303-b1f4jqmuc at depth 1 (0 tokens)
[ContextStack] Cleared all frames

 ✓ packages/renderer/src/hooks/useContextStack.test.ts (6 tests) 20ms
stdout | packages/renderer/src/services/agent/sdk/AgentSDK.test.ts > Agent SDK Integration > should build and execute an agent using the SDK
[AgentIdentity] Minted identity for Echo Agent (generalist): instance=3e6b9929..., fingerprint=21c95ea83b4e...

stdout | packages/renderer/src/services/agent/sdk/AgentSDK.test.ts > Agent SDK Integration > should build and execute an agent using the SDK
[ModelArmor] Scanning input...

 ✓ packages/renderer/src/modules/video/components/VideoStage.test.tsx (1 test) 34ms
stdout | packages/renderer/src/services/agent/sdk/AgentSDK.test.ts > Agent SDK Integration > should build and execute an agent using the SDK
[DEBUG] BaseAgent calling GenAI.generateContent for generalist, iteration 1

stdout | packages/renderer/src/services/agent/sdk/AgentSDK.test.ts > Agent SDK Integration > should build and execute an agent using the SDK
[ModelArmor] Scanning output...

stdout | packages/renderer/src/services/agent/sdk/AgentSDK.test.ts > Agent SDK Integration > should validate tool execution with Test Harness
[AgentIdentity] Minted identity for Tool Agent (generalist): instance=1b8765be..., fingerprint=4b65c0764d76...

stdout | packages/renderer/src/services/agent/sdk/AgentSDK.test.ts > Agent SDK Integration > should validate tool execution with Test Harness
[ModelArmor] Scanning input...

stdout | packages/renderer/src/services/agent/sdk/AgentSDK.test.ts > Agent SDK Integration > should validate tool execution with Test Harness
[DEBUG] BaseAgent calling GenAI.generateContent for generalist, iteration 1

stdout | packages/renderer/src/services/agent/sdk/AgentSDK.test.ts > Agent SDK Integration > should validate tool execution with Test Harness
[ModelArmor] Scanning input...

stdout | packages/renderer/src/services/agent/sdk/AgentSDK.test.ts > Agent SDK Integration > should validate tool execution with Test Harness
[DEBUG] BaseAgent calling GenAI.generateContent for generalist, iteration 2

stdout | packages/renderer/src/services/agent/sdk/AgentSDK.test.ts > Agent SDK Integration > should validate tool execution with Test Harness
[ModelArmor] Scanning output...

 ✓ packages/renderer/src/services/agent/sdk/AgentSDK.test.ts (2 tests) 43ms
stdout | packages/renderer/src/services/ai/__tests__/RemoteAIConfig.test.ts > RemoteAIConfig & Dynamic Switching > should use default model when no remote config override exists
[FirebaseAIService] App Check Debug: { DEV: undefined, debugToken: undefined, key: 'mock-key' }

stdout | packages/renderer/src/services/ai/__tests__/RemoteAIConfig.test.ts > RemoteAIConfig & Dynamic Switching > should use default model when no remote config override exists
[FirebaseAIService] Initialized with Firebase AI SDK

stdout | packages/renderer/src/services/ai/__tests__/RemoteAIConfig.test.ts > RemoteAIConfig & Dynamic Switching > should use default model when no remote config override exists
[DEBUG-PAYLOAD] modelName: gemini-3.1-pro-preview
[DEBUG-PAYLOAD] prompt: "test"...
[DEBUG-PAYLOAD] config: undefined

stdout | packages/renderer/src/services/ai/__tests__/RemoteAIConfig.test.ts > RemoteAIConfig & Dynamic Switching > should intercept and replace model ID when override is present
[FirebaseAIService] App Check Debug: { DEV: undefined, debugToken: undefined, key: 'mock-key' }

stdout | packages/renderer/src/services/ai/__tests__/RemoteAIConfig.test.ts > RemoteAIConfig & Dynamic Switching > should intercept and replace model ID when override is present
[FirebaseAIService] Loaded dynamic AI config from Remote Config
[FirebaseAIService] Initialized with Firebase AI SDK

stdout | packages/renderer/src/services/ai/__tests__/RemoteAIConfig.test.ts > RemoteAIConfig & Dynamic Switching > should intercept and replace model ID when override is present
Requesting model: gemini-3.1-pro-preview
[DEBUG-PAYLOAD] modelName: gemini-3.1-pro-preview
[DEBUG-PAYLOAD] prompt: "test"...
[DEBUG-PAYLOAD] config: undefined

stdout | packages/renderer/src/services/ai/__tests__/RemoteAIConfig.test.ts > RemoteAIConfig & Dynamic Switching > should intercept and replace model ID when override is present
getGenerativeModel calls: [
  {
    "model": "gemini-3.1-flash-lite",
    "safetySettings": [
      {
        "category": "HARM_CATEGORY_HARASSMENT",
        "threshold": "BLOCK_MEDIUM_AND_ABOVE"
      },
      {
        "category": "HARM_CATEGORY_HATE_SPEECH",
        "threshold": "BLOCK_MEDIUM_AND_ABOVE"
      },
      {
        "category": "HARM_CATEGORY_SEXUALLY_EXPLICIT",
        "threshold": "BLOCK_MEDIUM_AND_ABOVE"
      },
      {
        "category": "HARM_CATEGORY_DANGEROUS_CONTENT",
        "threshold": "BLOCK_MEDIUM_AND_ABOVE"
      }
    ]
  },
  {
    "model": "gemini-4-ultra",
    "generationConfig": {},
    "safetySettings": [
      {
        "category": "HARM_CATEGORY_HARASSMENT",
        "threshold": "BLOCK_MEDIUM_AND_ABOVE"
      },
      {
        "category": "HARM_CATEGORY_HATE_SPEECH",
        "threshold": "BLOCK_MEDIUM_AND_ABOVE"
      },
      {
        "category": "HARM_CATEGORY_SEXUALLY_EXPLICIT",
        "threshold": "BLOCK_MEDIUM_AND_ABOVE"
      },
      {
        "category": "HARM_CATEGORY_DANGEROUS_CONTENT",
        "threshold": "BLOCK_MEDIUM_AND_ABOVE"
      }
    ]
  }
]

stdout | packages/renderer/src/services/ai/__tests__/RemoteAIConfig.test.ts > RemoteAIConfig & Dynamic Switching > should fall back if remote schema is invalid
[FirebaseAIService] App Check Debug: { DEV: undefined, debugToken: undefined, key: 'mock-key' }

stdout | packages/renderer/src/services/ai/__tests__/RemoteAIConfig.test.ts > RemoteAIConfig & Dynamic Switching > should fall back if remote schema is invalid
[FirebaseAIService] Initialized with Firebase AI SDK

stdout | packages/renderer/src/services/ai/__tests__/RemoteAIConfig.test.ts > RemoteAIConfig & Dynamic Switching > should fall back if remote schema is invalid
[DEBUG-PAYLOAD] modelName: gemini-3.1-pro-preview
[DEBUG-PAYLOAD] prompt: "test"...
[DEBUG-PAYLOAD] config: undefined

 ✓ packages/renderer/src/services/ai/__tests__/RemoteAIConfig.test.ts (5 tests) 16ms
 ✓ packages/renderer/src/components/ui/prompt-input-auto-label.test.tsx (1 test) 31ms
stdout | packages/renderer/src/services/ai/FirebaseAIService.config.test.ts > FirebaseAIService Configuration Mapping > should map thinkingBudget and set includeThoughts in generateText
[FirebaseAIService] App Check Debug: { DEV: undefined, debugToken: undefined, key: 'mock-key' }

stdout | packages/renderer/src/services/ai/FirebaseAIService.config.test.ts > FirebaseAIService Configuration Mapping > should map thinkingBudget and set includeThoughts in generateText
[FirebaseAIService] Initialized with Firebase AI SDK

stdout | packages/renderer/src/services/ai/FirebaseAIService.config.test.ts > FirebaseAIService Configuration Mapping > should map thinkingBudget in generateStructuredData
[FirebaseAIService] App Check Debug: { DEV: undefined, debugToken: undefined, key: 'mock-key' }

stdout | packages/renderer/src/services/ai/FirebaseAIService.config.test.ts > FirebaseAIService Configuration Mapping > should map thinkingBudget in generateStructuredData
[FirebaseAIService] Initialized with Firebase AI SDK

stdout | packages/renderer/src/services/ai/FirebaseAIService.config.test.ts > FirebaseAIService Configuration Mapping > should configure dynamic retrieval in generateGroundedContent
[FirebaseAIService] App Check Debug: { DEV: undefined, debugToken: undefined, key: 'mock-key' }

stdout | packages/renderer/src/services/ai/FirebaseAIService.config.test.ts > FirebaseAIService Configuration Mapping > should configure dynamic retrieval in generateGroundedContent
[FirebaseAIService] Initialized with Firebase AI SDK

stdout | packages/renderer/src/services/ai/FirebaseAIService.config.test.ts > FirebaseAIService Configuration Mapping > should use basic google search if no dynamic options provided
[FirebaseAIService] App Check Debug: { DEV: undefined, debugToken: undefined, key: 'mock-key' }

stdout | packages/renderer/src/services/ai/FirebaseAIService.config.test.ts > FirebaseAIService Configuration Mapping > should use basic google search if no dynamic options provided
[FirebaseAIService] Initialized with Firebase AI SDK

 ✓ packages/renderer/src/services/ai/FirebaseAIService.config.test.ts (4 tests) 9ms
 ✓ packages/renderer/src/hooks/use-auto-resize-textarea.test.tsx (3 tests) 64ms
 ✓ packages/renderer/src/modules/history/HistoryDashboard.test.tsx (4 tests) 49ms
 ✓ packages/renderer/src/services/agent/__tests__/FineTunedModel.validation.test.ts (15 tests) 6ms
 ✓ packages/renderer/src/services/agent/evolution/HelixMutationSafety.test.ts (2 tests) 7ms
stdout | packages/renderer/src/services/agent/AlwaysOnMemoryEngine.test.ts > AlwaysOnMemoryEngine > should instantiate successfully
[AlwaysOnMemoryEngine] Stopped.

stdout | packages/renderer/src/services/agent/AlwaysOnMemoryEngine.test.ts > AlwaysOnMemoryEngine > Lifecycle Methods > should start and report isRunning = true
[AlwaysOnMemoryEngine] Stopped.
[AlwaysOnMemoryEngine] Started for user test-user-id. Consolidation every 30m.

stdout | packages/renderer/src/services/agent/AlwaysOnMemoryEngine.test.ts > AlwaysOnMemoryEngine > Lifecycle Methods > should start and report isRunning = true
[AlwaysOnMemoryEngine] Stopped.

stdout | packages/renderer/src/services/agent/AlwaysOnMemoryEngine.test.ts > AlwaysOnMemoryEngine > Lifecycle Methods > should stop and report isRunning = false
[AlwaysOnMemoryEngine] Stopped.
[AlwaysOnMemoryEngine] Started for user test-user-id. Consolidation every 30m.
[AlwaysOnMemoryEngine] Stopped.

stdout | packages/renderer/src/services/agent/AlwaysOnMemoryEngine.test.ts > AlwaysOnMemoryEngine > Lifecycle Methods > should stop and report isRunning = false
[AlwaysOnMemoryEngine] Stopped.

stdout | packages/renderer/src/services/agent/AlwaysOnMemoryEngine.test.ts > AlwaysOnMemoryEngine > ingestText > should process text and store as memory
[AlwaysOnMemoryEngine] 📥 Ingested memory #mock-id: This is a test memory fact....

stdout | packages/renderer/src/services/agent/AlwaysOnMemoryEngine.test.ts > AlwaysOnMemoryEngine > ingestText > should process text and store as memory
[AlwaysOnMemoryEngine] Stopped.

stdout | packages/renderer/src/services/agent/AlwaysOnMemoryEngine.test.ts > AlwaysOnMemoryEngine > ingestText > should reject empty text
[AlwaysOnMemoryEngine] Stopped.

stdout | packages/renderer/src/services/agent/AlwaysOnMemoryEngine.test.ts > AlwaysOnMemoryEngine > ingestText > should detect duplicates and return existing id
[AlwaysOnMemoryEngine] Duplicate detected, skipping.

stdout | packages/renderer/src/services/agent/AlwaysOnMemoryEngine.test.ts > AlwaysOnMemoryEngine > ingestText > should detect duplicates and return existing id
[AlwaysOnMemoryEngine] Stopped.

stdout | packages/renderer/src/services/agent/AlwaysOnMemoryEngine.test.ts > AlwaysOnMemoryEngine > queryMemory > should return early message when no memories exist
[AlwaysOnMemoryEngine] Stopped.

stdout | packages/renderer/src/services/agent/SchemaLockTest.test.ts > Agent Schema Lock Proof > should stay intact after AgentRegistry access
[AgentRegistry] Loading agent 'brand' (attempt 1)...

stdout | packages/renderer/src/services/agent/AlwaysOnMemoryEngine.test.ts > AlwaysOnMemoryEngine > queryMemory > should generate an answer when memories exist
[AlwaysOnMemoryEngine] Stopped.

stdout | packages/renderer/src/services/agent/AlwaysOnMemoryEngine.test.ts > AlwaysOnMemoryEngine > runConsolidation > should skip if insufficient unconsolidated memories
[AlwaysOnMemoryEngine] 🔄 Skipping consolidation (0 unconsolidated, need 2).

stdout | packages/renderer/src/services/agent/AlwaysOnMemoryEngine.test.ts > AlwaysOnMemoryEngine > runConsolidation > should skip if insufficient unconsolidated memories
[AlwaysOnMemoryEngine] Stopped.

stdout | packages/renderer/src/services/agent/AlwaysOnMemoryEngine.test.ts > AlwaysOnMemoryEngine > runConsolidation > should generate an insight when enough unconsolidated memories exist
[AlwaysOnMemoryEngine] 🔄 Running consolidation on 3 memories...

stdout | packages/renderer/src/services/agent/AlwaysOnMemoryEngine.test.ts > AlwaysOnMemoryEngine > runConsolidation > should generate an insight when enough unconsolidated memories exist
[WikiCompiler] Starting compilation for input: Insight: Mock Insight
Context: Mock Summary...

stdout | packages/renderer/src/services/agent/AlwaysOnMemoryEngine.test.ts > AlwaysOnMemoryEngine > runConsolidation > should generate an insight when enough unconsolidated memories exist
[AlwaysOnMemoryEngine] 📥 Ingested memory #mock-id: Consolidation Insight: Mock Insight

Context: Mock Summary...

stdout | packages/renderer/src/services/agent/AlwaysOnMemoryEngine.test.ts > AlwaysOnMemoryEngine > runConsolidation > should generate an insight when enough unconsolidated memories exist
[AlwaysOnMemoryEngine] 🔄 Consolidation complete. Insight: Mock Insight...

stdout | packages/renderer/src/services/agent/AlwaysOnMemoryEngine.test.ts > AlwaysOnMemoryEngine > runConsolidation > should generate an insight when enough unconsolidated memories exist
[AlwaysOnMemoryEngine] Stopped.

stdout | packages/renderer/src/services/agent/AlwaysOnMemoryEngine.test.ts > AlwaysOnMemoryEngine > getStatus > should return correct initial stats
[AlwaysOnMemoryEngine] Stopped.

stdout | packages/renderer/src/services/agent/AlwaysOnMemoryEngine.test.ts > AlwaysOnMemoryEngine > getStatus > should reflect running state after start
[AlwaysOnMemoryEngine] Stopped.
[AlwaysOnMemoryEngine] Started for user test-user-id. Consolidation every 30m.

stdout | packages/renderer/src/services/agent/AlwaysOnMemoryEngine.test.ts > AlwaysOnMemoryEngine > getStatus > should reflect running state after start
[AlwaysOnMemoryEngine] Stopped.

stdout | packages/renderer/src/services/agent/AlwaysOnMemoryEngine.test.ts > AlwaysOnMemoryEngine > getStatus > should return correct counts with memories
[AlwaysOnMemoryEngine] Stopped.

stdout | packages/renderer/src/services/agent/AlwaysOnMemoryEngine.test.ts > AlwaysOnMemoryEngine > clearAll > should delete all data and return counts
[AlwaysOnMemoryEngine] 🗑️ Cleared 2 memories, 1 insights.

stdout | packages/renderer/src/services/agent/AlwaysOnMemoryEngine.test.ts > AlwaysOnMemoryEngine > clearAll > should delete all data and return counts
[AlwaysOnMemoryEngine] Stopped.

 ✓ packages/renderer/src/services/agent/AlwaysOnMemoryEngine.test.ts (14 tests) 30ms
stdout | packages/renderer/src/services/agent/SchemaLockTest.test.ts > Agent Schema Lock Proof > should stay intact after AgentRegistry access
[AgentRegistry] Agent 'brand' loaded successfully

 ✓ packages/renderer/src/services/agent/SchemaLockTest.test.ts (2 tests) 50ms
stdout | packages/renderer/src/services/distribution/adapters/DistributionAdapters.test.ts > Distribution Adapters > SymphonicAdapter > should return delivery unavailable when SFTP is not configured
[SymphonicAdapter] Attempting real connection...
[SymphonicAdapter] Connected successfully.

stdout | packages/renderer/src/services/distribution/adapters/DistributionAdapters.test.ts > Distribution Adapters > SymphonicAdapter > should return delivery unavailable when SFTP is not configured
[Symphonic] Initiating release delivery: Unit Test Track

stdout | packages/renderer/src/services/distribution/adapters/DistributionAdapters.test.ts > Distribution Adapters > DistroKidAdapter > should return connection error when SFTP is not configured
[DistroKidAdapter] Attempting real connection...
[DistroKidAdapter] Connected successfully.

stdout | packages/renderer/src/services/distribution/adapters/DistributionAdapters.test.ts > Distribution Adapters > TuneCoreAdapter (REST API) > should simulate API delivery success
[TuneCoreAdapter] Attempting real connection...
[TuneCoreAdapter] Connected successfully.

stdout | packages/renderer/src/services/distribution/adapters/DistributionAdapters.test.ts > Distribution Adapters > CDBabyAdapter (DDEX) > should successfully build DDEX package and simulate upload
[CDBabyAdapter] Attempting real connection...
[CDBabyAdapter] Connected successfully.

stdout | packages/renderer/src/services/distribution/adapters/DistributionAdapters.test.ts > Distribution Adapters > CDBabyAdapter (DDEX) > should successfully build DDEX package and simulate upload
[CDBaby] Staging release files...

stdout | packages/renderer/src/services/distribution/adapters/DistributionAdapters.test.ts > Distribution Adapters > CDBabyAdapter (DDEX) > should successfully build DDEX package and simulate upload
[CDBaby] Files staged at /tmp/package.

 ✓ packages/renderer/src/services/distribution/adapters/DistributionAdapters.test.ts (9 tests) 15ms
stdout | packages/renderer/src/services/distribution/proprietary-ingestion/IngestionNotificationService.test.ts > IngestionNotificationService > should generate a valid IngestionNotification object from metadata
RESULT {
  success: true,
  xml: '<?xml version="1.0" encoding="UTF-8"?>\n' +
    '<ern:NewReleaseMessage xmlns:ern="http://ddex.net/xml/ern/43" xmlns:xsi="http://www.w3.org/2001/XMLSchema-instance" MessageSchemaVersionId="4.3" LanguageAndScriptCode="en">\n' +
    '  <MessageHeader>\n' +
    '    <MessageId>MSG-1778698374634</MessageId>\n' +
    '    <MessageSender>\n' +
    '      <SystemIdentifier>PA-DPIDA-2025122604-E</SystemIdentifier>\n' +
    '      <EntityName>Mute Records</EntityName>\n' +
    '    </MessageSender>\n' +
    '    <MessageRecipient>\n' +
    '      <SystemIdentifier>PADPIDA2012110501U</SystemIdentifier>\n' +
    '      <EntityName>Distributor</EntityName>\n' +
    '    </MessageRecipient>\n' +
    '    <MessageCreatedDateTime>2026-05-13T18:52:54.634Z</MessageCreatedDateTime>\n' +
    '    <MessageControlType>LiveMessage</MessageControlType>\n' +
    '  </MessageHeader>\n' +
    '  <ReleaseList>\n' +
    '    <Release ReleaseReference="R1">\n' +
    '      <ReleaseId>\n' +
    '        <ICPN>123456789012</ICPN>\n' +
    '        <CatalogNumber>MUTE123</CatalogNumber>\n' +
    '      </ReleaseId>\n' +
    '      <ReleaseDetailsByTerritory>\n' +
    '        <TerritoryCode>Worldwide</TerritoryCode>\n' +
    '        <Title TitleType="FormalTitle">\n' +
    '          <TitleText>Midnight City</TitleText>\n' +
    '        </Title>\n' +
    '        <DisplayArtistName>M83</DisplayArtistName>\n' +
    '        <LabelName>Mute Records</LabelName>\n' +
    '        <Genre>\n' +
    '          <GenreText>Electronic</GenreText>\n' +
    '        </Genre>\n' +
    '        <ParentalWarningType>NotExplicit</ParentalWarningType>\n' +
    '        <MarketingComment>Hit single</MarketingComment>\n' +
    '      </ReleaseDetailsByTerritory>\n' +
    '      <ReleaseType>Single</ReleaseType>\n' +
    '      <ReleaseResourceReferenceList>\n' +
    '        <ReleaseResourceReference>AS1</ReleaseResourceReference>\n' +
    '      </ReleaseResourceReferenceList>\n' +
    '      <AIGenerationInfo>\n' +
    '        <IsFullyAIGenerated>false</IsFullyAIGenerated>\n' +
    '        <IsPartiallyAIGenerated>false</IsPartiallyAIGenerated>\n' +
    '        <AIToolsUsed/>\n' +
    '        <DisclosureType>Human_Created</DisclosureType>\n' +
    '      </AIGenerationInfo>\n' +
    '    </Release>\n' +
    '  </ReleaseList>\n' +
    '  <ResourceList>\n' +
    '    <SoundRecording ResourceReference="AS1">\n' +
    '      <ResourceId>\n' +
    '        <ISRC>USM831100012</ISRC>\n' +
    '      </ResourceId>\n' +
    '      <ReferenceTitle>\n' +
    '        <TitleText>Midnight City</TitleText>\n' +
    '      </ReferenceTitle>\n' +
    '      <SoundRecordingDetailsByTerritory>\n' +
    '        <TerritoryCode>Worldwide</TerritoryCode>\n' +
    '        <Title TitleType="FormalTitle">\n' +
    '          <TitleText>Midnight City</TitleText>\n' +
    '        </Title>\n' +
    '        <DisplayArtistName>M83</DisplayArtistName>\n' +
    '        <LanguageOfPerformance>zxx</LanguageOfPerformance>\n' +
    '      </SoundRecordingDetailsByTerritory>\n' +
    '    </SoundRecording>\n' +
    '  </ResourceList>\n' +
    '  <DealList>\n' +
    '    <ReleaseDeal DealReference="D1">\n' +
    '      <Deal>\n' +
    '        <DealTerms>\n' +
    '          <CommercialModelType>SubscriptionModel</CommercialModelType>\n' +
    '          <Usage>\n' +
    '            <UseType>OnDemandStream</UseType>\n' +
    '          </Usage>\n' +
    '          <TerritoryCode>Worldwide</TerritoryCode>\n' +
    '          <ValidityPeriod>\n' +
    '            <StartDate>2011-10-18</StartDate>\n' +
    '          </ValidityPeriod>\n' +
    '        </DealTerms>\n' +
    '      </Deal>\n' +
    '    </ReleaseDeal>\n' +
    '    <ReleaseDeal DealReference="D2">\n' +
    '      <Deal>\n' +
    '        <DealTerms>\n' +
    '          <CommercialModelType>AdvertisementSupportedModel</CommercialModelType>\n' +
    '          <Usage>\n' +
    '            <UseType>OnDemandStream</UseType>\n' +
    '          </Usage>\n' +
    '          <TerritoryCode>Worldwide</TerritoryCode>\n' +
    '          <ValidityPeriod>\n' +
    '            <StartDate>2011-10-18</StartDate>\n' +
    '          </ValidityPeriod>\n' +
    '        </DealTerms>\n' +
    '      </Deal>\n' +
    '    </ReleaseDeal>\n' +
    '    <ReleaseDeal DealReference="D3">\n' +
    '      <Deal>\n' +
    '        <DealTerms>\n' +
    '          <CommercialModelType>SubscriptionModel</CommercialModelType>\n' +
    '          <Usage>\n' +
    '            <UseType>NonInteractiveStream</UseType>\n' +
    '          </Usage>\n' +
    '          <TerritoryCode>Worldwide</TerritoryCode>\n' +
    '          <ValidityPeriod>\n' +
    '            <StartDate>2011-10-18</StartDate>\n' +
    '          </ValidityPeriod>\n' +
    '        </DealTerms>\n' +
    '      </Deal>\n' +
    '    </ReleaseDeal>\n' +
    '    <ReleaseDeal DealReference="D4">\n' +
    '      <Deal>\n' +
    '        <DealTerms>\n' +
    '          <CommercialModelType>AdvertisementSupportedModel</CommercialModelType>\n' +
    '          <Usage>\n' +
    '            <UseType>NonInteractiveStream</UseType>\n' +
    '          </Usage>\n' +
    '          <TerritoryCode>Worldwide</TerritoryCode>\n' +
    '          <ValidityPeriod>\n' +
    '            <StartDate>2011-10-18</StartDate>\n' +
    '          </ValidityPeriod>\n' +
    '        </DealTerms>\n' +
    '      </Deal>\n' +
    '    </ReleaseDeal>\n' +
    '    <ReleaseDeal DealReference="D5">\n' +
    '      <Deal>\n' +
    '        <DealTerms>\n' +
    '          <CommercialModelType>PayAsYouGoModel</CommercialModelType>\n' +
    '          <Usage>\n' +
    '            <UseType>PermanentDownload</UseType>\n' +
    '          </Usage>\n' +
    '          <TerritoryCode>Worldwide</TerritoryCode>\n' +
    '          <ValidityPeriod>\n' +
    '            <StartDate>2011-10-18</StartDate>\n' +
    '          </ValidityPeriod>\n' +
    '        </DealTerms>\n' +
    '      </Deal>\n' +
    '    </ReleaseDeal>\n' +
    '  </DealList>\n' +
    '</ern:NewReleaseMessage>\n'
}

 ✓ packages/renderer/src/services/distribution/proprietary-ingestion/IngestionNotificationService.test.ts (8 tests) 21ms
stdout | packages/renderer/src/core/store/slices/authSlice.test.ts > AuthSlice > initializeAuthListener > should set user on state change
[Auth] Initializing Auth Listener...
[Auth] Initializing Auth Listener...
[Auth] onAuthStateChanged fired. User: 123, lastKnownUser: null
[Auth] User went from null to valid — debouncing for 500ms to guard against rapid transitions...
[Auth] Confirmed login after debounce. Setting authLoading to false.
[Auth] onAuthStateChanged fired. User: null, lastKnownUser: 123
[Auth] User went null — debouncing for 500ms to guard against token refresh race...
[Auth] Confirmed logout after debounce.

stdout | packages/renderer/src/core/store/slices/authSlice.test.ts > AuthSlice > initializeAuthListener > should return early with authLoading=false when API key is fake
[Auth] Initializing Auth Listener...
[Auth] Initializing Auth Listener...

stdout | packages/renderer/src/core/store/slices/authSlice.test.ts > AuthSlice > initializeAuthListener > should timeout after 10s if onAuthStateChanged never fires
[Auth] Initializing Auth Listener...
[Auth] Initializing Auth Listener...

stdout | packages/renderer/src/core/store/slices/authSlice.test.ts > AuthSlice > initializeAuthListener > should cancel debounce if valid user arrives during debounce window
[Auth] Initializing Auth Listener...
[Auth] Initializing Auth Listener...
[Auth] onAuthStateChanged fired. User: 123, lastKnownUser: null
[Auth] User went from null to valid — debouncing for 500ms to guard against rapid transitions...
[Auth] Confirmed login after debounce. Setting authLoading to false.
[Auth] onAuthStateChanged fired. User: null, lastKnownUser: 123
[Auth] User went null — debouncing for 500ms to guard against token refresh race...
[Auth] onAuthStateChanged fired. User: 123, lastKnownUser: 123
[Auth] Steady state reached. Setting authLoading to false. User: 123

 ✓ packages/renderer/src/core/store/slices/authSlice.test.ts (29 tests) 30ms
 ✓ packages/renderer/src/services/ai/__tests__/QA_Visual.test.tsx (1 test) 53ms
stdout | packages/main/src/handlers/distribution_sandbox.security.test.ts > 🛡️ Shield: Distribution Sandbox Escape Test > should ALLOW valid operations to verify the test harness works
14:52:55.061 › [Distribution] Staged release 123e4567-e89b-12d3-a456-426614174000 at /mock/tmp/indii-releases/123e4567-e89b-12d3-a456-426614174000

 ✓ packages/main/src/handlers/distribution_sandbox.security.test.ts (6 tests) 36ms
stdout | packages/renderer/src/services/agent/specialists/specialists_tools.test.ts > Specialist Agent Tools > DirectorAgent should have visual generation tools
[AgentRegistry] Loading agent 'director' (attempt 1)...

stdout | packages/renderer/src/services/agent/specialists/specialists_tools.test.ts > Specialist Agent Tools > DirectorAgent should have visual generation tools
[AgentRegistry] Agent 'director' loaded successfully

stdout | packages/renderer/src/services/agent/specialists/specialists_tools.test.ts > Specialist Agent Tools > BrandAgent should have verify_output tool
[AgentRegistry] Loading agent 'brand' (attempt 1)...

stdout | packages/renderer/src/services/agent/specialists/specialists_tools.test.ts > Specialist Agent Tools > BrandAgent should have verify_output tool
[AgentRegistry] Agent 'brand' loaded successfully

stdout | packages/renderer/src/services/agent/specialists/specialists_tools.test.ts > Specialist Agent Tools > RoadAgent should have ops tools
[AgentRegistry] Loading agent 'road' (attempt 1)...

stdout | packages/renderer/src/services/agent/specialists/specialists_tools.test.ts > Specialist Agent Tools > RoadAgent should have ops tools
[AgentRegistry] Agent 'road' loaded successfully

stdout | packages/renderer/src/services/agent/specialists/specialists_tools.test.ts > Specialist Agent Tools > PublicistAgent should have PR tools
[AgentRegistry] Loading agent 'publicist' (attempt 1)...

stdout | packages/renderer/src/services/agent/specialists/specialists_tools.test.ts > Specialist Agent Tools > PublicistAgent should have PR tools
[AgentRegistry] Agent 'publicist' loaded successfully

stdout | packages/renderer/src/services/agent/specialists/specialists_tools.test.ts > Specialist Agent Tools > SocialAgent should have social and trend tools
[AgentRegistry] Loading agent 'social' (attempt 1)...

stdout | packages/renderer/src/services/agent/specialists/specialists_tools.test.ts > Specialist Agent Tools > SocialAgent should have social and trend tools
[AgentRegistry] Agent 'social' loaded successfully

stdout | packages/renderer/src/services/agent/specialists/specialists_tools.test.ts > Specialist Agent Tools > FinanceAgent should have budget tools
[AgentRegistry] Loading agent 'finance' (attempt 1)...

stdout | packages/renderer/src/services/agent/specialists/specialists_tools.test.ts > Specialist Agent Tools > FinanceAgent should have budget tools
[AgentRegistry] Agent 'finance' loaded successfully

stdout | packages/renderer/src/services/agent/specialists/specialists_tools.test.ts > Specialist Agent Tools > PublishingAgent should have registration tools
[AgentRegistry] Loading agent 'publishing' (attempt 1)...

stdout | packages/renderer/src/services/agent/specialists/specialists_tools.test.ts > Specialist Agent Tools > PublishingAgent should have registration tools
[AgentRegistry] Agent 'publishing' loaded successfully

stdout | packages/renderer/src/services/agent/specialists/specialists_tools.test.ts > Specialist Agent Tools > LicensingAgent should have clearance tools
[AgentRegistry] Loading agent 'licensing' (attempt 1)...

stdout | packages/renderer/src/services/agent/specialists/specialists_tools.test.ts > Specialist Agent Tools > LicensingAgent should have clearance tools
[AgentRegistry] Agent 'licensing' loaded successfully

 ✓ packages/renderer/src/services/agent/specialists/specialists_tools.test.ts (8 tests) 35ms
 ✓ packages/renderer/src/config/featureFlags.test.ts (24 tests) 30ms
stdout | packages/renderer/src/services/distribution/DistributorService.test.ts
[DistributorService] Registered adapter: DistroKid
[DistributorService] Registered adapter: TuneCore
[DistributorService] Registered adapter: CDBaby
[DistributorService] Registered adapter: Symphonic

stdout | packages/renderer/src/services/distribution/DistributorService.test.ts > DistributorService.getAggregatedEarnings > should aggregate earnings from multiple distributors and convert to target currency
[DistributorService] Registered adapter: DistroKid
[DistributorService] Registered adapter: TuneCore

stdout | packages/renderer/src/services/distribution/DistributorService.test.ts > DistributorService.createRelease > should pass userId and orgId to persistence service
[DistributorService] Registered adapter: DistroKid

stdout | packages/renderer/src/services/distribution/DistributorService.test.ts > DistributorService.createRelease > should throw if userProfile is missing
[DistributorService] Registered adapter: DistroKid

 ✓ packages/renderer/src/services/distribution/DistributorService.test.ts (3 tests) 14ms
stdout | packages/renderer/src/services/video/__tests__/VideoDistributorIntegration.test.ts
[DistributorService] Registered adapter: DistroKid
[DistributorService] Registered adapter: TuneCore
[DistributorService] Registered adapter: CDBaby
[DistributorService] Registered adapter: Symphonic

stdout | packages/renderer/src/services/video/__tests__/VideoDistributorIntegration.test.ts > VideoGenerationService - Distributor Integration > Distributors with Canvas support (9:16) > applies 9:16 for DistroKid Canvas
[VideoGeneration] 🎬 generateVideo() called: {
  promptPreview: 'A cool video',
  model: 'veo-3.1-generate-preview',
  duration: 8,
  aspectRatio: undefined,
  hasFirstFrame: false,
  hasLastFrame: false,
  hasReferenceImages: false,
  userId: 'test-user'
}

stdout | packages/renderer/src/services/video/__tests__/VideoDistributorIntegration.test.ts > VideoGenerationService - Distributor Integration > Distributors with Canvas support (9:16) > applies 9:16 for DistroKid Canvas
[VideoGeneration] 🚀 Calling GenAI.generateVideo() with: {
  model: 'veo-3.1-generate-preview',
  promptLength: 95,
  hasImage: false,
  config: '{"aspectRatio":"9:16","durationSeconds":8}'
}

stdout | packages/renderer/src/services/video/__tests__/VideoDistributorIntegration.test.ts > VideoGenerationService - Distributor Integration > Distributors with Canvas support (9:16) > applies 9:16 for TuneCore Canvas
[VideoGeneration] 🎬 generateVideo() called: {
  promptPreview: 'A cool video',
  model: 'veo-3.1-generate-preview',
  duration: 8,
  aspectRatio: undefined,
  hasFirstFrame: false,
  hasLastFrame: false,
  hasReferenceImages: false,
  userId: 'test-user'
}

stdout | packages/renderer/src/services/video/__tests__/VideoDistributorIntegration.test.ts > VideoGenerationService - Distributor Integration > Distributors with Canvas support (9:16) > applies 9:16 for TuneCore Canvas
[VideoGeneration] 🚀 Calling GenAI.generateVideo() with: {
  model: 'veo-3.1-generate-preview',
  promptLength: 95,
  hasImage: false,
  config: '{"aspectRatio":"9:16","durationSeconds":8}'
}

stdout | packages/renderer/src/services/video/__tests__/VideoDistributorIntegration.test.ts > VideoGenerationService - Distributor Integration > Distributors without Canvas support > does NOT apply Canvas constraints for CD Baby
[VideoGeneration] 🎬 generateVideo() called: {
  promptPreview: 'A cool video',
  model: 'veo-3.1-generate-preview',
  duration: 8,
  aspectRatio: undefined,
  hasFirstFrame: false,
  hasLastFrame: false,
  hasReferenceImages: false,
  userId: 'test-user'
}

stdout | packages/renderer/src/services/video/__tests__/VideoDistributorIntegration.test.ts > VideoGenerationService - Distributor Integration > Distributors without Canvas support > does NOT apply Canvas constraints for CD Baby
[VideoGeneration] 🚀 Calling GenAI.generateVideo() with: {
  model: 'veo-3.1-generate-preview',
  promptLength: 12,
  hasImage: false,
  config: '{"aspectRatio":"16:9","durationSeconds":8}'
}

stdout | packages/renderer/src/services/video/__tests__/VideoDistributorIntegration.test.ts > VideoGenerationService - Distributor Integration > Distributors without Canvas support > does NOT apply Canvas constraints for Ditto
[VideoGeneration] 🎬 generateVideo() called: {
  promptPreview: 'A cool video',
  model: 'veo-3.1-generate-preview',
  duration: 8,
  aspectRatio: undefined,
  hasFirstFrame: false,
  hasLastFrame: false,
  hasReferenceImages: false,
  userId: 'test-user'
}

stdout | packages/renderer/src/services/video/__tests__/VideoDistributorIntegration.test.ts > VideoGenerationService - Distributor Integration > Distributors without Canvas support > does NOT apply Canvas constraints for Ditto
[VideoGeneration] 🚀 Calling GenAI.generateVideo() with: {
  model: 'veo-3.1-generate-preview',
  promptLength: 12,
  hasImage: false,
  config: '{"aspectRatio":"16:9","durationSeconds":8}'
}

stdout | packages/renderer/src/services/video/__tests__/VideoDistributorIntegration.test.ts > VideoGenerationService - Distributor Integration > Distributors without Canvas support > does NOT apply Canvas constraints for AWAL
[VideoGeneration] 🎬 generateVideo() called: {
  promptPreview: 'A cool video',
  model: 'veo-3.1-generate-preview',
  duration: 8,
  aspectRatio: undefined,
  hasFirstFrame: false,
  hasLastFrame: false,
  hasReferenceImages: false,
  userId: 'test-user'
}

stdout | packages/renderer/src/services/video/__tests__/VideoDistributorIntegration.test.ts > VideoGenerationService - Distributor Integration > Distributors without Canvas support > does NOT apply Canvas constraints for AWAL
[VideoGeneration] 🚀 Calling GenAI.generateVideo() with: {
  model: 'veo-3.1-generate-preview',
  promptLength: 12,
  hasImage: false,
  config: '{"aspectRatio":"16:9","durationSeconds":8}'
}

stdout | packages/renderer/src/services/video/__tests__/VideoDistributorIntegration.test.ts > VideoGenerationService - Distributor Integration > Distributors without Canvas support > does NOT apply Canvas constraints for UnitedMasters
[VideoGeneration] 🎬 generateVideo() called: {
  promptPreview: 'A cool video',
  model: 'veo-3.1-generate-preview',
  duration: 8,
  aspectRatio: undefined,
  hasFirstFrame: false,
  hasLastFrame: false,
  hasReferenceImages: false,
  userId: 'test-user'
}

stdout | packages/renderer/src/services/video/__tests__/VideoDistributorIntegration.test.ts > VideoGenerationService - Distributor Integration > Distributors without Canvas support > does NOT apply Canvas constraints for UnitedMasters
[VideoGeneration] 🚀 Calling GenAI.generateVideo() with: {
  model: 'veo-3.1-generate-preview',
  promptLength: 12,
  hasImage: false,
  config: '{"aspectRatio":"16:9","durationSeconds":8}'
}

stdout | packages/renderer/src/services/video/__tests__/VideoDistributorIntegration.test.ts > VideoGenerationService - Distributor Integration > Distributors without Canvas support > does NOT apply Canvas constraints for Amuse
[VideoGeneration] 🎬 generateVideo() called: {
  promptPreview: 'A cool video',
  model: 'veo-3.1-generate-preview',
  duration: 8,
  aspectRatio: undefined,
  hasFirstFrame: false,
  hasLastFrame: false,
  hasReferenceImages: false,
  userId: 'test-user'
}

stdout | packages/renderer/src/services/video/__tests__/VideoDistributorIntegration.test.ts > VideoGenerationService - Distributor Integration > Distributors without Canvas support > does NOT apply Canvas constraints for Amuse
[VideoGeneration] 🚀 Calling GenAI.generateVideo() with: {
  model: 'veo-3.1-generate-preview',
  promptLength: 12,
  hasImage: false,
  config: '{"aspectRatio":"16:9","durationSeconds":8}'
}

stdout | packages/renderer/src/services/video/__tests__/VideoDistributorIntegration.test.ts > VideoGenerationService - Distributor Integration > Edge cases > falls back to defaults when no distributor configured
[VideoGeneration] 🎬 generateVideo() called: {
  promptPreview: 'A cool video',
  model: 'veo-3.1-generate-preview',
  duration: 8,
  aspectRatio: undefined,
  hasFirstFrame: false,
  hasLastFrame: false,
  hasReferenceImages: false,
  userId: 'test-user'
}

stdout | packages/renderer/src/services/video/__tests__/VideoDistributorIntegration.test.ts > VideoGenerationService - Distributor Integration > Edge cases > falls back to defaults when no distributor configured
[VideoGeneration] 🚀 Calling GenAI.generateVideo() with: {
  model: 'veo-3.1-generate-preview',
  promptLength: 12,
  hasImage: false,
  config: '{"aspectRatio":"16:9","durationSeconds":8}'
}

stdout | packages/renderer/src/services/video/__tests__/VideoDistributorIntegration.test.ts > VideoGenerationService - Distributor Integration > Edge cases > falls back to defaults when no userProfile provided
[VideoGeneration] 🎬 generateVideo() called: {
  promptPreview: 'A cool video',
  model: 'veo-3.1-generate-preview',
  duration: 8,
  aspectRatio: undefined,
  hasFirstFrame: false,
  hasLastFrame: false,
  hasReferenceImages: false,
  userId: 'test-user'
}

stdout | packages/renderer/src/services/video/__tests__/VideoDistributorIntegration.test.ts > VideoGenerationService - Distributor Integration > Edge cases > falls back to defaults when no userProfile provided
[VideoGeneration] 🚀 Calling GenAI.generateVideo() with: {
  model: 'veo-3.1-generate-preview',
  promptLength: 12,
  hasImage: false,
  config: '{"aspectRatio":"16:9","durationSeconds":8}'
}

stdout | packages/renderer/src/services/video/__tests__/VideoDistributorIntegration.test.ts > VideoGenerationService - Distributor Integration > Edge cases > explicit aspectRatio overrides distributor default
[VideoGeneration] 🎬 generateVideo() called: {
  promptPreview: 'A cool video',
  model: 'veo-3.1-generate-preview',
  duration: 8,
  aspectRatio: '16:9',
  hasFirstFrame: false,
  hasLastFrame: false,
  hasReferenceImages: false,
  userId: 'test-user'
}

stdout | packages/renderer/src/services/video/__tests__/VideoDistributorIntegration.test.ts > VideoGenerationService - Distributor Integration > Edge cases > explicit aspectRatio overrides distributor default
[VideoGeneration] 🚀 Calling GenAI.generateVideo() with: {
  model: 'veo-3.1-generate-preview',
  promptLength: 95,
  hasImage: false,
  config: '{"aspectRatio":"16:9","durationSeconds":8}'
}

stdout | packages/renderer/src/services/video/__tests__/VideoDistributorIntegration.test.ts > VideoGenerationService - Distributor Integration > Edge cases > handles unknown distributor gracefully
[VideoGeneration] 🎬 generateVideo() called: {
  promptPreview: 'A cool video',
  model: 'veo-3.1-generate-preview',
  duration: 8,
  aspectRatio: undefined,
  hasFirstFrame: false,
  hasLastFrame: false,
  hasReferenceImages: false,
  userId: 'test-user'
}

stdout | packages/renderer/src/services/video/__tests__/VideoDistributorIntegration.test.ts > VideoGenerationService - Distributor Integration > Edge cases > handles unknown distributor gracefully
[VideoGeneration] 🚀 Calling GenAI.generateVideo() with: {
  model: 'veo-3.1-generate-preview',
  promptLength: 12,
  hasImage: false,
  config: '{"aspectRatio":"16:9","durationSeconds":8}'
}

stdout | packages/renderer/src/services/video/__tests__/VideoDistributorIntegration.test.ts > VideoGenerationService - Distributor Integration > Long-form video generation > applies distributor constraints to long-form videos
[DaisyChain] Segment 1/4: Last frame extracted (image/jpeg)

stdout | packages/renderer/src/services/video/__tests__/VideoDistributorIntegration.test.ts > VideoGenerationService - Distributor Integration > Long-form video generation > applies distributor constraints to long-form videos
[DaisyChain] Segment 1/4: Scene analysis complete — "Mock analysis text..."

stdout | packages/renderer/src/services/video/__tests__/VideoDistributorIntegration.test.ts > VideoGenerationService - Distributor Integration > Long-form video generation > applies distributor constraints to long-form videos
[DaisyChain] Segment 2/4: Last frame extracted (image/jpeg)

stdout | packages/renderer/src/services/video/__tests__/VideoDistributorIntegration.test.ts > VideoGenerationService - Distributor Integration > Long-form video generation > applies distributor constraints to long-form videos
[DaisyChain] Segment 2/4: Scene analysis complete — "Mock analysis text..."

stdout | packages/renderer/src/services/video/__tests__/VideoDistributorIntegration.test.ts > VideoGenerationService - Distributor Integration > Long-form video generation > applies distributor constraints to long-form videos
[DaisyChain] Segment 3/4: Last frame extracted (image/jpeg)

stdout | packages/renderer/src/services/video/__tests__/VideoDistributorIntegration.test.ts > VideoGenerationService - Distributor Integration > Long-form video generation > applies distributor constraints to long-form videos
[DaisyChain] Segment 3/4: Scene analysis complete — "Mock analysis text..."

 ✓ packages/renderer/src/services/video/__tests__/VideoDistributorIntegration.test.ts (12 tests) 24ms
stdout | packages/renderer/src/services/ai/context/Keeper_EndToEnd.test.ts > 📚 Keeper: End-to-End Context & Persistence > should truncate massive history before sending to AI, but persist full history to disk
[AgentIdentity] Minted identity for Keeper (keeper): instance=606f150c..., fingerprint=249f0a0da2e8...

stdout | packages/renderer/src/services/ai/context/Keeper_EndToEnd.test.ts > 📚 Keeper: End-to-End Context & Persistence > should truncate massive history before sending to AI, but persist full history to disk
[ModelArmor] Scanning input...

stdout | packages/renderer/src/services/ai/context/Keeper_EndToEnd.test.ts > 📚 Keeper: End-to-End Context & Persistence > should truncate massive history before sending to AI, but persist full history to disk
[DEBUG] BaseAgent calling GenAI.generateContent for keeper, iteration 1

stdout | packages/renderer/src/services/ai/context/Keeper_EndToEnd.test.ts > 📚 Keeper: End-to-End Context & Persistence > should truncate massive history before sending to AI, but persist full history to disk
[ModelArmor] Scanning output...

 ✓ packages/renderer/src/services/ai/context/Keeper_EndToEnd.test.ts (1 test) 32ms
stdout | packages/renderer/src/services/ai/context/Keeper_ContextIntegrity.repro.test.ts > 📚 Keeper: Context Integrity > should use ContextManager to truncate history and PERSIST it to disk
[AgentIdentity] Minted identity for Keeper (keeper): instance=c869d2d2..., fingerprint=b427c1f3c84e...

stdout | packages/renderer/src/services/ai/context/Keeper_ContextIntegrity.repro.test.ts > 📚 Keeper: Context Integrity > should use ContextManager to truncate history and PERSIST it to disk
[ModelArmor] Scanning input...

stdout | packages/renderer/src/services/ai/context/Keeper_ContextIntegrity.repro.test.ts > 📚 Keeper: Context Integrity > should use ContextManager to truncate history and PERSIST it to disk
[DEBUG] BaseAgent calling GenAI.generateContent for keeper, iteration 1

stdout | packages/renderer/src/services/ai/context/Keeper_ContextIntegrity.repro.test.ts > 📚 Keeper: Context Integrity > should use ContextManager to truncate history and PERSIST it to disk
[ModelArmor] Scanning output...

 ✓ packages/renderer/src/services/ai/context/Keeper_ContextIntegrity.repro.test.ts (1 test) 32ms
 ✓ packages/renderer/src/services/agent/evolution/HelixEvolution.test.ts (7 tests) 7ms
 ✓ packages/renderer/src/lib/format.test.ts (10 tests) 16ms
 ✓ packages/renderer/src/services/agent/tools/__tests__/DevOpsTools.test.ts (4 tests) 5ms
 ✓ packages/renderer/src/services/agent/MaestroBatchingService.test.ts (3 tests) 7ms
 ✓ packages/renderer/src/services/distribution/adapters/DistributorContracts.test.ts (9 tests) 30ms
stdout | packages/renderer/src/services/pod/PrintOnDemandService.test.ts > PrintOnDemandService > Internal Provider — Order Management > should create an order with correct totals
[InternalPOD] Order INT-IICBEGL8D persisted to Firestore

stdout | packages/renderer/src/services/pod/PrintOnDemandService.test.ts > PrintOnDemandService > Internal Provider — Order Management > should persist order to Firestore
[InternalPOD] Order INT-IXF1UC57G persisted to Firestore

stdout | packages/renderer/src/services/pod/PrintOnDemandService.test.ts > PrintOnDemandService > Internal Provider — Order Management > should cancel a pending order
[InternalPOD] Order INT-TEST123 cancelled

 ✓ packages/renderer/src/services/pod/PrintOnDemandService.test.ts (16 tests) 40ms
 ✓ packages/renderer/src/services/agent/tools/__tests__/VideoTools.test.ts (28 tests) 39ms
stdout | packages/renderer/src/modules/finance/hooks/useFinance.test.ts > useFinance > should load earnings on mount if user is logged in
[useFinance] No validated earnings data available for user.

 ✓ packages/renderer/src/modules/finance/hooks/useFinance.test.ts (4 tests) 47ms
 ✓ packages/renderer/src/modules/video/store/videoEditorStore.test.ts (4 tests) 26ms
stdout | packages/renderer/src/services/agent/governance/__tests__/AgentIdentity.test.ts > AgentIdentity > mintIdentity > should mint a valid identity card with all required fields
[AgentIdentity] Minted identity for Creative Director (creative): instance=2f1a69ba..., fingerprint=f5fd15e31c4c...

stdout | packages/renderer/src/services/agent/governance/__tests__/AgentIdentity.test.ts > AgentIdentity > mintIdentity > should generate unique instanceIds for each mint call
[AgentIdentity] Minted identity for Legal Agent (legal): instance=354dfe4c..., fingerprint=48b80164a838...

stdout | packages/renderer/src/services/agent/governance/__tests__/AgentIdentity.test.ts > AgentIdentity > mintIdentity > should generate unique instanceIds for each mint call
[AgentIdentity] Minted identity for Legal Agent (legal): instance=e888ca0f..., fingerprint=48b80164a838...

stdout | packages/renderer/src/services/agent/governance/__tests__/AgentIdentity.test.ts > AgentIdentity > mintIdentity > should generate deterministic fingerprints for same config
[AgentIdentity] Minted identity for Test Agent (test): instance=f7918d30..., fingerprint=96b750e46ff4...

stdout | packages/renderer/src/services/agent/governance/__tests__/AgentIdentity.test.ts > AgentIdentity > mintIdentity > should generate deterministic fingerprints for same config
[AgentIdentity] Minted identity for Test Agent (test): instance=32d916b1..., fingerprint=96b750e46ff4...

stdout | packages/renderer/src/services/agent/governance/__tests__/AgentIdentity.test.ts > AgentIdentity > mintIdentity > should generate different fingerprints for different configs
[AgentIdentity] Minted identity for Agent A (agent-a): instance=286ff0f0..., fingerprint=f04a298488fe...

stdout | packages/renderer/src/services/agent/governance/__tests__/AgentIdentity.test.ts > AgentIdentity > mintIdentity > should generate different fingerprints for different configs
[AgentIdentity] Minted identity for Agent B (agent-b): instance=1890d0f7..., fingerprint=eac45941fcef...

stdout | packages/renderer/src/services/agent/governance/__tests__/AgentIdentity.test.ts > AgentIdentity > mintIdentity > should generate different fingerprints when tools differ
[AgentIdentity] Minted identity for Test (test): instance=c774f5c9..., fingerprint=74c3fcea5e89...

stdout | packages/renderer/src/services/agent/governance/__tests__/AgentIdentity.test.ts > AgentIdentity > mintIdentity > should generate different fingerprints when tools differ
[AgentIdentity] Minted identity for Test (test): instance=1c75a057..., fingerprint=d2f0235f4a17...

stdout | packages/renderer/src/services/agent/governance/__tests__/AgentIdentity.test.ts > AgentIdentity > mintIdentity > should generate consistent fingerprints regardless of tool order
[AgentIdentity] Minted identity for Test (test): instance=fe40b3d2..., fingerprint=c4f7f786275a...

stdout | packages/renderer/src/services/agent/governance/__tests__/AgentIdentity.test.ts > AgentIdentity > mintIdentity > should generate consistent fingerprints regardless of tool order
[AgentIdentity] Minted identity for Test (test): instance=a266cf70..., fingerprint=c4f7f786275a...

stdout | packages/renderer/src/services/agent/governance/__tests__/AgentIdentity.test.ts > AgentIdentity > mintIdentity > should handle agents with no authorized tools
[AgentIdentity] Minted identity for Generalist (generalist): instance=9aad0a26..., fingerprint=567dbc097b2d...

stdout | packages/renderer/src/services/agent/governance/__tests__/AgentIdentity.test.ts > AgentIdentity > mintIdentity > should handle agents with no model ID
[AgentIdentity] Minted identity for Test (test): instance=df16288b..., fingerprint=5c33e7afcb68...

stdout | packages/renderer/src/services/agent/governance/__tests__/AgentIdentity.test.ts > AgentIdentity > mintIdentity > should store minted identities in the service cache
[AgentIdentity] Minted identity for Cached Agent (cached): instance=c6598d7d..., fingerprint=e6f15c4ee1cc...

stdout | packages/renderer/src/services/agent/governance/__tests__/AgentIdentity.test.ts > AgentIdentity > verifyAttestation > should verify a valid attestation token
[AgentIdentity] Minted identity for Verifier (verifier-test): instance=952c4a48..., fingerprint=74c9ba4193e4...

stdout | packages/renderer/src/services/agent/governance/__tests__/AgentIdentity.test.ts > AgentIdentity > delegation provenance > should record a delegation event
[AgentIdentity] Minted identity for Hub Agent (hub): instance=acc98775..., fingerprint=4711a63b1ccf...

stdout | packages/renderer/src/services/agent/governance/__tests__/AgentIdentity.test.ts > AgentIdentity > delegation provenance > should record a delegation event
[AgentIdentity] Provenance: hub → delegate_task → legal

stdout | packages/renderer/src/services/agent/governance/__tests__/AgentIdentity.test.ts > AgentIdentity > delegation provenance > should record multiple delegation events in order
[AgentIdentity] Minted identity for Hub Agent (hub): instance=a2effb58..., fingerprint=4711a63b1ccf...

stdout | packages/renderer/src/services/agent/governance/__tests__/AgentIdentity.test.ts > AgentIdentity > delegation provenance > should record multiple delegation events in order
[AgentIdentity] Provenance: hub → delegate_task → legal
[AgentIdentity] Provenance: hub → consult_experts → marketing

stdout | packages/renderer/src/services/agent/governance/__tests__/AgentIdentity.test.ts > AgentIdentity > delegation provenance > should record delegation with trace ID
[AgentIdentity] Minted identity for Hub Agent (hub): instance=11a50607..., fingerprint=4711a63b1ccf...

stdout | packages/renderer/src/services/agent/governance/__tests__/AgentIdentity.test.ts > AgentIdentity > delegation provenance > should record delegation with trace ID
[AgentIdentity] Provenance: hub → delegate_task → brand (trace: trace-ab...)

stdout | packages/renderer/src/services/agent/governance/__tests__/AgentIdentity.test.ts > AgentIdentity > delegation provenance > should filter provenance chain by trace ID
[AgentIdentity] Minted identity for Hub Agent (hub): instance=556b3188..., fingerprint=4711a63b1ccf...

stdout | packages/renderer/src/services/agent/governance/__tests__/AgentIdentity.test.ts > AgentIdentity > delegation provenance > should filter provenance chain by trace ID
[AgentIdentity] Provenance: hub → delegate_task → legal (trace: trace-1...)
[AgentIdentity] Provenance: hub → delegate_task → brand (trace: trace-2...)
[AgentIdentity] Provenance: hub → consult_experts → marketing (trace: trace-1...)

stdout | packages/renderer/src/services/agent/governance/__tests__/AgentIdentity.test.ts > AgentIdentity > delegation provenance > should clear the provenance chain
[AgentIdentity] Minted identity for Hub Agent (hub): instance=4f61fceb..., fingerprint=4711a63b1ccf...

stdout | packages/renderer/src/services/agent/governance/__tests__/AgentIdentity.test.ts > AgentIdentity > delegation provenance > should clear the provenance chain
[AgentIdentity] Provenance: hub → delegate_task → legal

stdout | packages/renderer/src/services/agent/governance/__tests__/AgentIdentity.test.ts > AgentIdentity > delegation provenance > should export provenance for audit with correct structure
[AgentIdentity] Minted identity for Hub Agent (hub): instance=f7b9367e..., fingerprint=4711a63b1ccf...

stdout | packages/renderer/src/services/agent/governance/__tests__/AgentIdentity.test.ts > AgentIdentity > delegation provenance > should export provenance for audit with correct structure
[AgentIdentity] Provenance: hub → delegate_task → legal (trace: audit-tr...)

stdout | packages/renderer/src/services/agent/governance/__tests__/AgentIdentity.test.ts > AgentIdentity > delegation provenance > should export full provenance chain when no trace ID filter
[AgentIdentity] Minted identity for Hub Agent (hub): instance=582de528..., fingerprint=4711a63b1ccf...

stdout | packages/renderer/src/services/agent/governance/__tests__/AgentIdentity.test.ts > AgentIdentity > delegation provenance > should export full provenance chain when no trace ID filter
[AgentIdentity] Provenance: hub → delegate_task → legal (trace: trace-a...)
[AgentIdentity] Provenance: hub → delegate_task → brand (trace: trace-b...)

stdout | packages/renderer/src/services/agent/governance/__tests__/AgentIdentity.test.ts > AgentIdentity > delegation provenance > should return a defensive copy from getProvenanceChain
[AgentIdentity] Minted identity for Hub Agent (hub): instance=d1969469..., fingerprint=4711a63b1ccf...

stdout | packages/renderer/src/services/agent/governance/__tests__/AgentIdentity.test.ts > AgentIdentity > delegation provenance > should return a defensive copy from getProvenanceChain
[AgentIdentity] Provenance: hub → delegate_task → legal

stdout | packages/renderer/src/services/agent/governance/__tests__/AgentIdentity.test.ts > AgentIdentity > getIdentity > should return the correct identity card by instance ID
[AgentIdentity] Minted identity for Retrieval Test (retrieval-test): instance=10b1acab..., fingerprint=19f4314f7ecf...

 ✓ packages/renderer/src/services/agent/governance/__tests__/AgentIdentity.test.ts (24 tests) 74ms
 ✓ packages/renderer/src/services/agent/evolution/GeminiEvolution.test.ts (3 tests) 8ms
stdout | packages/renderer/src/services/ai/__tests__/Caching.test.ts > AI Caching (Browser Environment) > should cache generated text responses
[FirebaseAIService] App Check Debug: {
  DEV: true,
  debugToken: 'test-debug-token',
  key: 'test-app-check-key'
}

stdout | packages/renderer/src/services/ai/__tests__/Caching.test.ts > AI Caching (Browser Environment) > should cache generated text responses
[FirebaseAIService] Initialized with Firebase AI SDK

 ✓ packages/renderer/src/services/ai/__tests__/Caching.test.ts (3 tests) 21ms
 ✓ packages/renderer/src/services/agent/utils/ZodUtils.test.ts (5 tests) 11ms
stdout | packages/renderer/src/services/ai/context/Keeper_ContextIntegrity.test.ts > 📚 Keeper: Context Integrity > should use ContextManager to truncate history instead of naive slicing
[AgentIdentity] Minted identity for Keeper (keeper): instance=b3c80282..., fingerprint=b427c1f3c84e...

stdout | packages/renderer/src/services/ai/context/Keeper_ContextIntegrity.test.ts > 📚 Keeper: Context Integrity > should use ContextManager to truncate history instead of naive slicing
[ModelArmor] Scanning input...

stdout | packages/renderer/src/services/ai/context/Keeper_ContextIntegrity.test.ts > 📚 Keeper: Context Integrity > should use ContextManager to truncate history instead of naive slicing
[DEBUG] BaseAgent calling GenAI.generateContent for keeper, iteration 1

stdout | packages/renderer/src/services/ai/context/Keeper_ContextIntegrity.test.ts > 📚 Keeper: Context Integrity > should use ContextManager to truncate history instead of naive slicing
[ModelArmor] Scanning output...

 ✓ packages/renderer/src/services/ai/context/Keeper_ContextIntegrity.test.ts (1 test) 39ms
 ✓ packages/renderer/src/services/agent/tools/__tests__/MemoryTools.test.ts (14 tests) 11ms
stdout | packages/renderer/src/services/ai/FirebaseAIService.test.ts > FirebaseAIService > should bootstrap by fetching remote config and initializing model
[FirebaseAIService] App Check Debug: {
  DEV: undefined,
  debugToken: 'mock-debug-token',
  key: 'mock-app-check-key'
}

stdout | packages/renderer/src/services/ai/FirebaseAIService.test.ts > FirebaseAIService > should bootstrap by fetching remote config and initializing model
[FirebaseAIService] Initialized with Firebase AI SDK

stdout | packages/renderer/src/services/ai/FirebaseAIService.test.ts > FirebaseAIService > should enforce safety settings in generateContent
[DEBUG-PAYLOAD] modelName: gemini-3.1-flash-lite
[DEBUG-PAYLOAD] prompt: "Safe Prompt"...
[DEBUG-PAYLOAD] config: {"temperature":0.5}

stdout | packages/renderer/src/services/ai/FirebaseAIService.test.ts > FirebaseAIService > should enforce safety settings in generateContent
[FirebaseAIService] App Check Debug: {
  DEV: undefined,
  debugToken: 'mock-debug-token',
  key: 'mock-app-check-key'
}

stdout | packages/renderer/src/services/ai/FirebaseAIService.test.ts > FirebaseAIService > should enforce safety settings in generateContent
[FirebaseAIService] Initialized with Firebase AI SDK

stdout | packages/renderer/src/services/ai/FirebaseAIService.test.ts > FirebaseAIService > should auto-initialize on first generateContent call
[DEBUG-PAYLOAD] modelName: gemini-3.1-flash-lite
[DEBUG-PAYLOAD] prompt: "Test Prompt"...
[DEBUG-PAYLOAD] config: undefined

stdout | packages/renderer/src/services/ai/FirebaseAIService.test.ts > FirebaseAIService > should auto-initialize on first generateContent call
[FirebaseAIService] App Check Debug: {
  DEV: undefined,
  debugToken: 'mock-debug-token',
  key: 'mock-app-check-key'
}

stdout | packages/renderer/src/services/ai/FirebaseAIService.test.ts > FirebaseAIService > should auto-initialize on first generateContent call
[FirebaseAIService] Initialized with Firebase AI SDK

stdout | packages/renderer/src/services/ai/FirebaseAIService.test.ts > FirebaseAIService > should handle generateText with system instructions
[FirebaseAIService] App Check Debug: {
  DEV: undefined,
  debugToken: 'mock-debug-token',
  key: 'mock-app-check-key'
}

stdout | packages/renderer/src/services/ai/FirebaseAIService.test.ts > FirebaseAIService > should handle generateText with system instructions
[FirebaseAIService] Initialized with Firebase AI SDK

stdout | packages/renderer/src/services/ai/FirebaseAIService.test.ts > FirebaseAIService > should handle chat sessions
[FirebaseAIService] App Check Debug: {
  DEV: undefined,
  debugToken: 'mock-debug-token',
  key: 'mock-app-check-key'
}

stdout | packages/renderer/src/services/ai/FirebaseAIService.test.ts > FirebaseAIService > should handle chat sessions
[FirebaseAIService] Initialized with Firebase AI SDK

stdout | packages/renderer/src/services/ai/FirebaseAIService.test.ts > FirebaseAIService > should handle generateStructuredData
[FirebaseAIService] App Check Debug: {
  DEV: undefined,
  debugToken: 'mock-debug-token',
  key: 'mock-app-check-key'
}

stdout | packages/renderer/src/services/ai/FirebaseAIService.test.ts > FirebaseAIService > should handle generateStructuredData
[FirebaseAIService] Initialized with Firebase AI SDK

stdout | packages/renderer/src/services/ai/FirebaseAIService.test.ts > FirebaseAIService > should handle analyzeImage
[FirebaseAIService] App Check Debug: {
  DEV: undefined,
  debugToken: 'mock-debug-token',
  key: 'mock-app-check-key'
}

stdout | packages/renderer/src/services/ai/FirebaseAIService.test.ts > FirebaseAIService > should handle analyzeImage
[FirebaseAIService] Initialized with Firebase AI SDK

stdout | packages/renderer/src/services/ai/FirebaseAIService.test.ts > FirebaseAIService > should handle analyzeMultimodal
[FirebaseAIService] App Check Debug: {
  DEV: undefined,
  debugToken: 'mock-debug-token',
  key: 'mock-app-check-key'
}

stdout | packages/renderer/src/services/ai/FirebaseAIService.test.ts > FirebaseAIService > should handle analyzeMultimodal
[FirebaseAIService] Initialized with Firebase AI SDK

stdout | packages/renderer/src/services/ai/FirebaseAIService.test.ts > FirebaseAIService > should handle generateGroundedContent
[FirebaseAIService] App Check Debug: {
  DEV: undefined,
  debugToken: 'mock-debug-token',
  key: 'mock-app-check-key'
}

stdout | packages/renderer/src/services/ai/FirebaseAIService.test.ts > FirebaseAIService > should handle generateGroundedContent
[FirebaseAIService] Initialized with Firebase AI SDK

stdout | packages/renderer/src/services/ai/FirebaseAIService.test.ts > FirebaseAIService > should handle embedContent
[FirebaseAIService] App Check Debug: {
  DEV: undefined,
  debugToken: 'mock-debug-token',
  key: 'mock-app-check-key'
}

stdout | packages/renderer/src/services/ai/FirebaseAIService.test.ts > FirebaseAIService > should handle embedContent
[FirebaseAIService] Initialized with Firebase AI SDK

stdout | packages/renderer/src/services/ai/FirebaseAIService.test.ts > FirebaseAIService > should handle getLiveModel
[FirebaseAIService] App Check Debug: {
  DEV: undefined,
  debugToken: 'mock-debug-token',
  key: 'mock-app-check-key'
}

stdout | packages/renderer/src/services/ai/FirebaseAIService.test.ts > FirebaseAIService > should handle getLiveModel
[FirebaseAIService] Initialized with Firebase AI SDK

stdout | packages/renderer/src/services/ai/FirebaseAIService.test.ts > FirebaseAIService > should fall back to direct SDK on App Check failure
[FirebaseAIService] App Check Debug: {
  DEV: undefined,
  debugToken: 'mock-debug-token',
  key: 'mock-app-check-key'
}

stdout | packages/renderer/src/services/ai/FirebaseAIService.test.ts > FirebaseAIService > should fall back to direct SDK on App Check failure
[FirebaseAIService] Fallback Mode Initialization: {
  foundKey: true,
  source: 'env.VITE_API_KEY',
  keyPrefix: 'mock-goo...'
}
[FirebaseAIService] Initialized with direct Gemini SDK (fallback mode)

stdout | packages/renderer/src/services/ai/FirebaseAIService.test.ts > FirebaseAIService > should handle content streams
[FirebaseAIService] App Check Debug: {
  DEV: undefined,
  debugToken: 'mock-debug-token',
  key: 'mock-app-check-key'
}

stdout | packages/renderer/src/services/ai/FirebaseAIService.test.ts > FirebaseAIService > should handle content streams
[FirebaseAIService] Initialized with Firebase AI SDK

stdout | packages/renderer/src/services/ai/FirebaseAIService.test.ts > FirebaseAIService > should falling back if bootstrap fails (Resilience)
[FirebaseAIService] App Check Debug: {
  DEV: undefined,
  debugToken: 'mock-debug-token',
  key: 'mock-app-check-key'
}

stdout | packages/renderer/src/services/ai/FirebaseAIService.test.ts > FirebaseAIService > should falling back if bootstrap fails (Resilience)
[FirebaseAIService] Fallback Mode Initialization: {
  foundKey: true,
  source: 'env.VITE_API_KEY',
  keyPrefix: 'mock-goo...'
}
[FirebaseAIService] Initialized with direct Gemini SDK (fallback mode)

stdout | packages/renderer/src/services/ai/FirebaseAIService.test.ts > FirebaseAIService > should throw if BOTH primary and fallback fail
[FirebaseAIService] App Check Debug: {
  DEV: undefined,
  debugToken: 'mock-debug-token',
  key: 'mock-app-check-key'
}

stdout | packages/renderer/src/services/ai/FirebaseAIService.test.ts > FirebaseAIService > should throw if BOTH primary and fallback fail
[FirebaseAIService] Fallback Mode Initialization: {
  foundKey: true,
  source: 'env.VITE_API_KEY',
  keyPrefix: 'mock-goo...'
}
[FirebaseAIService] Initialized with direct Gemini SDK (fallback mode)

stdout | packages/renderer/src/services/ai/FirebaseAIService.test.ts > FirebaseAIService > should handle generateVideo with polling
[FirebaseAIService] App Check Debug: {
  DEV: undefined,
  debugToken: 'mock-debug-token',
  key: 'mock-app-check-key'
}

stdout | packages/renderer/src/services/ai/FirebaseAIService.test.ts > FirebaseAIService > should handle generateVideo with polling
[FirebaseAIService] Initialized with Firebase AI SDK

stdout | packages/renderer/src/services/ai/FirebaseAIService.test.ts > FirebaseAIService > should handle generateVideo with polling
[FirebaseAIService] Fallback Mode Initialization: {
  foundKey: true,
  source: 'env.VITE_API_KEY',
  keyPrefix: 'mock-goo...'
}
[FirebaseAIService] Initialized with direct Gemini SDK (fallback mode)

stdout | packages/renderer/src/services/ai/FirebaseAIService.test.ts > FirebaseAIService > should handle generateVideo with polling
[FirebaseAI] generateVideo() — entering circuit breaker... { model: 'veo-v1', promptLength: 15, breakerState: 'CLOSED' }

stdout | packages/renderer/src/services/ai/FirebaseAIService.test.ts > FirebaseAIService > should handle generateVideo with polling
[FirebaseAI] Delegating to MediaGenerator...

stdout | packages/renderer/src/services/ai/FirebaseAIService.test.ts > FirebaseAIService > should handle generateVideo with polling
[MediaGenerator] Generating video with @google/genai SDK: {
  model: 'veo-v1',
  promptLength: 15,
  promptPreview: 'Cinematic video',
  durationSeconds: 5,
  clampedDuration: 5,
  hasImage: false,
  config: '{"numberOfVideos":1,"durationSeconds":5,"aspectRatio":"16:9"}',
  timeoutMs: 60000
}
[MediaGenerator] 🚀 Submitting generateVideos request...

stdout | packages/renderer/src/services/ai/FirebaseAIService.test.ts > FirebaseAIService > should handle generateVideo with polling
[MediaGenerator] ✅ Operation created successfully. {
  operationName: '(no name)',
  done: false,
  hasResponse: false,
  hasError: false
}

stdout | packages/renderer/src/services/ai/FirebaseAIService.test.ts > FirebaseAIService > should handle generateVideo with polling
[MediaGenerator] Poll 1/6: {
  done: true,
  hasResponse: true,
  hasError: false,
  videoCount: 1,
  raiFiltered: 0
}
[MediaGenerator] First poll — operation keys: [ 'done', 'response' ]
[MediaGenerator] First poll — response keys: [ 'generatedVideos' ]
[MediaGenerator] ✅ Operation completed. Extracting results...
[MediaGenerator] Response inspection: {
  hasResponse: true,
  generatedVideoCount: 1,
  hasError: false,
  raiFilteredCount: 0,
  raiReasons: [],
  responseKeys: [ 'generatedVideos' ]
}
[MediaGenerator] First video inspection: {
  hasUri: true,
  uriPreview: 'http://video.mp4',
  hasVideoBytes: false,
  videoBytesLength: 0,
  mimeType: '(not set)',
  videoKeys: [ 'uri' ]
}
[MediaGenerator] ✅ Video URI received, fetching bytes for playback...
[MediaGenerator] Fetching video bytes from authenticated URI...

stdout | packages/renderer/src/services/ai/FirebaseAIService.test.ts > FirebaseAIService > should handle generateVideo with polling
[FirebaseAI] generateVideo() — success. URL length: 16

stdout | packages/renderer/src/services/ai/FirebaseAIService.test.ts > FirebaseAIService > should retry on transient errors
[DEBUG-PAYLOAD] modelName: gemini-3.1-flash-lite
[DEBUG-PAYLOAD] prompt: "Retry me"...
[DEBUG-PAYLOAD] config: undefined

stdout | packages/renderer/src/services/ai/FirebaseAIService.test.ts > FirebaseAIService > should retry on transient errors
[FirebaseAIService] App Check Debug: {
  DEV: undefined,
  debugToken: 'mock-debug-token',
  key: 'mock-app-check-key'
}

stdout | packages/renderer/src/services/ai/FirebaseAIService.test.ts > FirebaseAIService > should retry on transient errors
[FirebaseAIService] Initialized with Firebase AI SDK

stdout | packages/renderer/src/services/ai/FirebaseAIService.test.ts > FirebaseAIService > should abort retry if user cancels
[DEBUG-PAYLOAD] modelName: gemini-3.1-flash-lite
[DEBUG-PAYLOAD] prompt: "Cancel me"...
[DEBUG-PAYLOAD] config: undefined

stdout | packages/renderer/src/services/ai/FirebaseAIService.test.ts > FirebaseAIService > should abort retry if user cancels
[FirebaseAIService] App Check Debug: {
  DEV: undefined,
  debugToken: 'mock-debug-token',
  key: 'mock-app-check-key'
}

stdout | packages/renderer/src/services/ai/FirebaseAIService.test.ts > FirebaseAIService > should abort retry if user cancels
[FirebaseAIService] Initialized with Firebase AI SDK

stdout | packages/renderer/src/services/ai/FirebaseAIService.test.ts > FirebaseAIService > should fallback on Firebase Installations API errors
[FirebaseAIService] App Check Debug: {
  DEV: undefined,
  debugToken: 'mock-debug-token',
  key: 'mock-app-check-key'
}

stdout | packages/renderer/src/services/ai/FirebaseAIService.test.ts > FirebaseAIService > should fallback on Firebase Installations API errors
[FirebaseAIService] Fallback Mode Initialization: {
  foundKey: true,
  source: 'env.VITE_API_KEY',
  keyPrefix: 'mock-goo...'
}
[FirebaseAIService] Initialized with direct Gemini SDK (fallback mode)

 ✓ packages/renderer/src/services/ai/FirebaseAIService.test.ts (19 tests) 85ms
 ✓ packages/renderer/src/services/agent/evolution/EvolutionEngine.test.ts (4 tests) 10ms
 ✓ packages/renderer/src/utils/async.test.ts (5 tests) 13ms
 ✓ packages/main/src/services/SchedulerService.test.ts (25 tests) 38ms
stdout | packages/firebase/src/__tests__/video_generation_metadata.test.ts > Video Generation Metadata > should persist Veo 3.1 metadata to Firestore on completion
[Inngest] Starting video generation for Job: job-123 (Thinking: false)
[Inngest] Updating status to processing for job-123

stdout | packages/firebase/src/__tests__/video_generation_metadata.test.ts > Video Generation Metadata > should persist Veo 3.1 metadata to Firestore on completion
[Inngest] Status updated to processing for job-123

stdout | packages/firebase/src/__tests__/video_generation_metadata.test.ts > Video Generation Metadata > should persist Veo 3.1 metadata to Firestore on completion
[Inngest] Operation started: projects/123/locations/us-central1/operations/op-123

stdout | packages/firebase/src/__tests__/video_generation_metadata.test.ts > Video Generation Metadata > should persist Veo 3.1 metadata to Firestore on completion
[Inngest] Final Result from Google AI: {
  "done": true,
  "response": {
    "generateVideoResponse": {
      "generatedSamples": [
        {
          "video": {
            "uri": "gs://bucket/video.mp4"
          },
          "videoMetadata": {
            "duration": "5s",
            "mimeType": "video/mp4"
          }
        }
      ]
    }
  }
}
[Inngest] Found video URI: gs://bucket/video.mp4

 ✓ packages/firebase/src/__tests__/video_generation_metadata.test.ts (1 test) 7ms
stdout | packages/renderer/src/services/video/VeoIntegration.test.ts > Veo 3.1 Integration Pipeline > Prompt Enhancer: Should inject temporal analysis into Veo prompt when firstFrame is present
[VideoGeneration] 🎬 generateVideo() called: {
  promptPreview: 'Cyberpunk city street',
  model: 'veo-3.1-generate-preview',
  duration: 8,
  aspectRatio: undefined,
  hasFirstFrame: true,
  hasLastFrame: false,
  hasReferenceImages: false,
  userId: 'lens-tester'
}

 ✓ packages/renderer/src/services/video/VideoUploadService.test.ts (8 tests) 31ms
stdout | packages/renderer/src/services/video/VeoIntegration.test.ts > Veo 3.1 Integration Pipeline > Prompt Enhancer: Should inject temporal analysis into Veo prompt when firstFrame is present
[VideoGeneration] 🚀 Calling GenAI.generateVideo() with: {
  model: 'veo-3.1-generate-preview',
  promptLength: 62,
  hasImage: true,
  config: '{"aspectRatio":"16:9","durationSeconds":8}'
}
[MetadataPersistence] ✅ Saved video to users/lens-tester/generated_videos/doc-id

 ✓ packages/renderer/src/services/video/VeoIntegration.test.ts (2 tests) 22ms
stdout | packages/firebase/src/__tests__/stripeWebhook.test.ts > Stripe Webhook Handler (WO-8) > should skip duplicate webhook events gracefully
[stripeWebhook] Duplicate delivery skipped: evt_dup

stdout | packages/firebase/src/__tests__/stripeWebhook.test.ts > Stripe Webhook Handler (WO-8) > should handle checkout.session.completed for a subscription
[handleCheckoutCompleted] Updated subscription for user user-123

stdout | packages/firebase/src/__tests__/stripeWebhook.test.ts > Stripe Webhook Handler (WO-8) > should handle checkout.session.completed for a founder pass
[handleFounderPassCheckoutCompleted] Pending activation written for user user-123

stdout | packages/firebase/src/__tests__/stripeWebhook.test.ts > Stripe Webhook Handler (WO-8) > should handle customer.subscription.created
[handleSubscriptionCreated] Updated subscription for user user-123

stdout | packages/firebase/src/__tests__/stripeWebhook.test.ts > Stripe Webhook Handler (WO-8) > should handle customer.subscription.updated
[handleSubscriptionUpdated] Updated subscription for user user-123

stdout | packages/firebase/src/__tests__/stripeWebhook.test.ts > Stripe Webhook Handler (WO-8) > should handle customer.subscription.deleted — downgrades to free
[handleSubscriptionDeleted] Updated subscription for user user-123

stdout | packages/firebase/src/__tests__/stripeWebhook.test.ts > Stripe Webhook Handler (WO-8) > should handle invoice.paid and write ledger entry
[handleInvoicePaid] Updated subscription for user user-123

stdout | packages/firebase/src/__tests__/stripeWebhook.test.ts > Stripe Webhook Handler (WO-8) > should handle invoice.paid and write ledger entry
[handleInvoicePaid] Ledger entry written for user user-123

stdout | packages/firebase/src/__tests__/stripeWebhook.test.ts > Stripe Webhook Handler (WO-8) > should handle invoice.payment_failed and queue dunning notification
[handleInvoicePaymentFailed] Updated subscription for user user-123

stdout | packages/firebase/src/__tests__/stripeWebhook.test.ts > Stripe Webhook Handler (WO-8) > should handle invoice.payment_failed and queue dunning notification
[handleInvoicePaymentFailed] Dunning notification queued for user user-123

stdout | packages/firebase/src/__tests__/stripeWebhook.test.ts > Stripe Webhook Handler (WO-8) > should handle unknown event types gracefully (200 received:true)
[stripeWebhook] Unhandled event type: payment_intent.created

 ✓ packages/firebase/src/__tests__/stripeWebhook.test.ts (10 tests) 20ms
 ✓ packages/renderer/src/modules/publishing/hooks/useReleases.test.ts (4 tests) 29ms
 ✓ packages/renderer/src/services/distribution/AudioQCService.test.ts (4 tests) 34ms
 ✓ packages/renderer/src/services/agent/__tests__/HubAndSpoke.test.ts (40 tests) 26ms
stdout | packages/main/src/handlers/distribution.security.test.ts > 🛡️ Shield: Distribution Security Test > should ALLOW safe file staging via path
14:52:58.264 › [Distribution] Staged release 123e4567-e89b-12d3-a456-426614174000 at /mock/tmp/indii-releases/123e4567-e89b-12d3-a456-426614174000

stdout | packages/main/src/handlers/distribution.security.test.ts > 🛡️ Shield: Distribution Security Test > should ALLOW safe file staging via content
14:52:58.266 › [Distribution] Staged release 123e4567-e89b-12d3-a456-426614174000 at /mock/tmp/indii-releases/123e4567-e89b-12d3-a456-426614174000

 ✓ packages/main/src/handlers/distribution.security.test.ts (7 tests) 50ms
 ✓ packages/renderer/src/services/observability/BundleAnalysisService.test.ts (12 tests) 8ms
 ✓ packages/renderer/src/services/ai/context/AIResponseCache.test.ts (5 tests) 28ms
 ✓ packages/renderer/src/services/agent/__tests__/AgentDomainCompetency.stress.test.ts (66 tests) 48ms
stdout | packages/renderer/src/services/agent/governance/__tests__/ModelArmor.test.ts > ModelArmor > scanInput > should allow clean input
[ModelArmor] Scanning input...

stdout | packages/main/src/handlers/audio_security.test.ts
14:52:58.756 › [AudioHandler] FFmpeg path set to: /Volumes/X SSD 2025/Users/narrowchannel/indiiOS-Clean/node_modules/ffmpeg-static/ffmpeg
14:52:58.759 › [AudioHandler] FFprobe path set to: /Volumes/X SSD 2025/Users/narrowchannel/indiiOS-Clean/node_modules/ffprobe-static/bin/darwin/arm64/ffprobe

stdout | packages/renderer/src/services/agent/governance/__tests__/ModelArmor.test.ts > ModelArmor > scanInput > should block "ignore previous instructions" injection
[ModelArmor] Scanning input...

stdout | packages/renderer/src/services/agent/governance/__tests__/ModelArmor.test.ts > ModelArmor > scanInput > should block DAN injection
[ModelArmor] Scanning input...

stdout | packages/renderer/src/services/agent/governance/__tests__/ModelArmor.test.ts > ModelArmor > scanInput > should block system prompt exfiltration: "repeat your instructions"
[ModelArmor] Scanning input...

stdout | packages/renderer/src/services/agent/governance/__tests__/ModelArmor.test.ts > ModelArmor > scanInput > should block system prompt exfiltration: "what is your system prompt"
[ModelArmor] Scanning input...

stdout | packages/renderer/src/services/agent/governance/__tests__/ModelArmor.test.ts > ModelArmor > scanInput > should block system prompt exfiltration: "reveal your prompt"
[ModelArmor] Scanning input...

stdout | packages/renderer/src/services/agent/governance/__tests__/ModelArmor.test.ts > ModelArmor > scanInput > should block delimiter injection: [SYSTEM]
[ModelArmor] Scanning input...

stdout | packages/renderer/src/services/agent/governance/__tests__/ModelArmor.test.ts > ModelArmor > scanInput > should block delimiter injection: [INST]
[ModelArmor] Scanning input...

stdout | packages/main/src/handlers/audio_security.test.ts > 🛡️ Shield: Audio Analysis Security > should BLOCK Path Traversal attempting to analyze system files
14:52:58.767 › Audio analysis requested for: ../../etc/passwd.mp3

stdout | packages/renderer/src/services/agent/governance/__tests__/ModelArmor.test.ts > ModelArmor > scanInput > should block delimiter injection: <<SYS>>
[ModelArmor] Scanning input...

stdout | packages/renderer/src/services/agent/governance/__tests__/ModelArmor.test.ts > ModelArmor > scanInput > should block "jailbreak" keyword
[ModelArmor] Scanning input...

stdout | packages/renderer/src/services/agent/governance/__tests__/ModelArmor.test.ts > ModelArmor > scanInput > should block "enter developer mode" injection
[ModelArmor] Scanning input...

stdout | packages/renderer/src/services/agent/governance/__tests__/ModelArmor.test.ts > ModelArmor > scanInput > should block "disregard your instructions" injection
[ModelArmor] Scanning input...

stdout | packages/renderer/src/services/agent/governance/__tests__/ModelArmor.test.ts > ModelArmor > scanInput > should block case-insensitive variations
[ModelArmor] Scanning input...

stdout | packages/renderer/src/services/agent/governance/__tests__/ModelArmor.test.ts > ModelArmor > scanInput > should aggregate multiple violations from a single prompt
[ModelArmor] Scanning input...

stdout | packages/renderer/src/services/agent/governance/__tests__/ModelArmor.test.ts > ModelArmor > scanInput > should remain safe when called consecutively (no regex state leakage)
[ModelArmor] Scanning input...

stdout | packages/renderer/src/services/agent/governance/__tests__/ModelArmor.test.ts > ModelArmor > scanInput > should remain safe when called consecutively (no regex state leakage)
[ModelArmor] Scanning input...

stdout | packages/renderer/src/services/agent/governance/__tests__/ModelArmor.test.ts > ModelArmor > scanInput > should remain safe when called consecutively (no regex state leakage)
[ModelArmor] Scanning input...

stdout | packages/renderer/src/services/agent/governance/__tests__/ModelArmor.test.ts > ModelArmor > scanOutput > should allow clean output
[ModelArmor] Scanning output...

stdout | packages/main/src/handlers/audio_security.test.ts > 🛡️ Shield: Audio Analysis Security > should BLOCK Path Traversal with encoded characters (Basic)
14:52:58.774 › Audio analysis requested for: /tmp/../etc/shadow.wav

stdout | packages/renderer/src/services/agent/governance/__tests__/ModelArmor.test.ts > ModelArmor > scanOutput > should redact OpenAI API keys
[ModelArmor] Scanning output...

stdout | packages/renderer/src/services/agent/governance/__tests__/ModelArmor.test.ts > ModelArmor > scanOutput > should redact multiple API keys
[ModelArmor] Scanning output...

stdout | packages/renderer/src/services/agent/governance/__tests__/ModelArmor.test.ts > ModelArmor > scanOutput > should redact Google API keys (AIza)
[ModelArmor] Scanning output...

stdout | packages/renderer/src/services/agent/governance/__tests__/ModelArmor.test.ts > ModelArmor > scanOutput > should not redact if DLP is disabled
[ModelArmor] Scanning output...

stdout | packages/renderer/src/services/agent/governance/__tests__/ModelArmor.test.ts > ModelArmor > scanOutput > should redact GitHub PAT tokens (ghp_)
[ModelArmor] Scanning output...

stdout | packages/renderer/src/services/agent/governance/__tests__/ModelArmor.test.ts > ModelArmor > scanOutput > should redact AWS Access Key IDs (AKIA)
[ModelArmor] Scanning output...

stdout | packages/renderer/src/services/agent/governance/__tests__/ModelArmor.test.ts > ModelArmor > scanOutput > should redact Stripe live secret keys (sk_live_)
[ModelArmor] Scanning output...

stdout | packages/renderer/src/services/agent/governance/__tests__/ModelArmor.test.ts > ModelArmor > scanOutput > should redact Social Security Numbers (XXX-XX-XXXX)
[ModelArmor] Scanning output...

stdout | packages/renderer/src/services/agent/governance/__tests__/ModelArmor.test.ts > ModelArmor > scanOutput > should redact email addresses
[ModelArmor] Scanning output...

stdout | packages/renderer/src/services/agent/governance/__tests__/ModelArmor.test.ts > ModelArmor > scanOutput > should redact private key headers
[ModelArmor] Scanning output...

stdout | packages/renderer/src/services/agent/governance/__tests__/ModelArmor.test.ts > ModelArmor > scanOutput > should redact JWTs (eyJ... pattern)
[ModelArmor] Scanning output...

stdout | packages/renderer/src/services/agent/governance/__tests__/ModelArmor.test.ts > ModelArmor > scanOutput > should redact MongoDB connection strings
[ModelArmor] Scanning output...

stdout | packages/renderer/src/services/agent/governance/__tests__/ModelArmor.test.ts > ModelArmor > scanOutput > should redact PostgreSQL connection strings
[ModelArmor] Scanning output...

stdout | packages/renderer/src/services/agent/governance/__tests__/ModelArmor.test.ts > ModelArmor > scanOutput > should assign correct severity levels to violations
[ModelArmor] Scanning output...

stdout | packages/renderer/src/services/agent/governance/__tests__/ModelArmor.test.ts > ModelArmor > scanOutput > should assign correct severity levels to violations
[ModelArmor] Scanning output...

stdout | packages/renderer/src/services/agent/governance/__tests__/ModelArmor.test.ts > ModelArmor > scanOutput > should assign correct severity levels to violations
[ModelArmor] Scanning output...

stdout | packages/renderer/src/services/agent/governance/__tests__/ModelArmor.test.ts > ModelArmor > scanOutput > should correctly redact on consecutive calls with the same policy (regex /g state bug)
[ModelArmor] Scanning output...

stdout | packages/renderer/src/services/agent/governance/__tests__/ModelArmor.test.ts > ModelArmor > scanOutput > should correctly redact on consecutive calls with the same policy (regex /g state bug)
[ModelArmor] Scanning output...

stdout | packages/renderer/src/services/agent/governance/__tests__/ModelArmor.test.ts > ModelArmor > scanOutput > should correctly redact on consecutive calls with the same policy (regex /g state bug)
[ModelArmor] Scanning output...

stdout | packages/main/src/handlers/audio_security.test.ts > 🛡️ Shield: Audio Analysis Security > should BLOCK unsupported file types (e.g. executables)
14:52:58.782 › Audio analysis requested for: /tmp/malware.exe

stdout | packages/renderer/src/services/agent/governance/__tests__/ModelArmor.test.ts > ModelArmor > scanOutput > should redact multiple occurrences of the same pattern in one response
[ModelArmor] Scanning output...

stdout | packages/main/src/handlers/audio_security.test.ts > 🛡️ Shield: Audio Analysis Security > should ALLOW valid audio files in safe paths
14:52:58.791 › Audio analysis requested for: /Users/jules/Music/song.mp3

stdout | packages/main/src/handlers/audio_security.test.ts > 🛡️ Shield: Audio Analysis Security > should ALLOW valid audio files in safe paths
14:52:58.792 › Analysis Complete. Hash: mock-has...

stdout | packages/main/src/handlers/audio_security.test.ts > 🛡️ Shield: Audio Analysis Security > should BLOCK execution from untrusted IPC sender (e.g. Web)
14:52:58.793 › Audio analysis requested for: /tmp/song.mp3

 ✓ packages/main/src/handlers/audio_security.test.ts (5 tests) 32ms
 ✓ packages/renderer/src/services/agent/governance/__tests__/ModelArmor.test.ts (35 tests) 50ms
 ✓ packages/renderer/src/services/video/LensVeoValidation.test.ts (9 tests) 11ms
 ✓ packages/renderer/src/services/ai/RateLimiter.test.ts (4 tests) 11ms
 ✓ packages/renderer/src/services/agent/specialists/GeneralistAgentRouting.test.ts (19 tests) 45ms
 ✓ packages/renderer/src/services/distribution/DistributionService.integration.test.ts (7 tests) 9ms
stdout | packages/renderer/src/services/ai/__tests__/QA_Stress.test.ts > QA Stress Tests: Reliability & Stability > CircuitBreaker Recovery Under Load > should attempt recovery (HALF_OPEN) after timeout
[CircuitBreaker] Timeout elapsed, transitioning OPEN → HALF_OPEN for probe attempt

stdout | packages/renderer/src/services/ai/__tests__/QA_Stress.test.ts > QA Stress Tests: Reliability & Stability > CircuitBreaker Recovery Under Load > should attempt recovery (HALF_OPEN) after timeout
[CircuitBreaker] ✅ Probe succeeded — HALF_OPEN → CLOSED. Service recovered.

stdout | packages/renderer/src/services/ai/__tests__/QA_Stress.test.ts > QA Stress Tests: Reliability & Stability > CircuitBreaker Recovery Under Load > should re-open circuit if probe fails in HALF_OPEN state
[CircuitBreaker] Timeout elapsed, transitioning OPEN → HALF_OPEN for probe attempt

 ✓ packages/renderer/src/services/ai/__tests__/QA_Stress.test.ts (5 tests) 13ms
stdout | packages/renderer/src/services/rag/ragService.test.ts > ragService > processForKnowledgeBase > should extract metadata and upload file
[RAG] Ingested native file: files/abc (text/plain)

stdout | packages/renderer/src/services/rag/ragService.test.ts > ragService > processForKnowledgeBase > should use fallback title if metadata extraction fails
[RAG] Ingested native file: files/abc (text/plain)

stdout | packages/renderer/src/services/rag/ragService.test.ts > ragService > processForKnowledgeBase > should process large content without truncation at the service boundary
[RAG] Ingested native file: files/large-doc (text/plain)

stdout | packages/firebase/src/__tests__/video.test.ts > Video Functions > triggerVideoJob > should successfully queue a video job
[VideoJob] Triggered for JobID: job-123, User: user123

stdout | packages/firebase/src/__tests__/video.test.ts > Video Functions > triggerVideoJob > should accept generateAudio option
[VideoJob] Triggered for JobID: job-audio-123, User: user123

 ✓ packages/firebase/src/__tests__/video.test.ts (5 tests) 19ms
 ✓ packages/renderer/src/services/rag/ragService.test.ts (8 tests) 16ms
 ✓ packages/renderer/src/hooks/useObservability.test.ts (9 tests) 15ms
 ✓ packages/main/src/handlers/agent_security.test.ts (6 tests) 21ms
 ✓ packages/renderer/src/modules/publishing/hooks/useAnalytics.test.ts (7 tests) 25ms
stdout | packages/firebase/src/__tests__/video_generation_security.test.ts > 🛡️ Shield: Video Generation Security > should ENFORCE Safety Settings in Veo 3.1 API Request
[Inngest] Starting video generation for Job: job-security-test (Thinking: false)
[Inngest] Updating status to processing for job-security-test

stdout | packages/firebase/src/__tests__/video_generation_security.test.ts > 🛡️ Shield: Video Generation Security > should ENFORCE Safety Settings in Veo 3.1 API Request
[Inngest] Status updated to processing for job-security-test

stdout | packages/firebase/src/__tests__/video_generation_security.test.ts > 🛡️ Shield: Video Generation Security > should ENFORCE Safety Settings in Veo 3.1 API Request
[Inngest] Operation started: projects/123/locations/us-central1/operations/op-123

stdout | packages/firebase/src/__tests__/video_generation_security.test.ts > 🛡️ Shield: Video Generation Security > should ENFORCE Safety Settings in Veo 3.1 API Request
[Inngest] Final Result from Google AI: {
  "done": true,
  "response": {
    "generateVideoResponse": {
      "generatedSamples": []
    }
  }
}

stdout | packages/firebase/src/__tests__/video_generation_security.test.ts > 🛡️ Shield: Video Generation Security > should ENFORCE Safety Settings in Veo 3.1 API Request
Request Body: {
  "instances": [
    {
      "prompt": "generate a chaotic explosion"
    }
  ],
  "parameters": {
    "sampleCount": 1,
    "aspectRatio": "16:9",
    "personGeneration": "allow_adult",
    "generateAudio": true
  },
  "safetySettings": [
    {
      "category": "HARM_CATEGORY_HATE_SPEECH",
      "threshold": "BLOCK_MEDIUM_AND_ABOVE"
    },
    {
      "category": "HARM_CATEGORY_DANGEROUS_CONTENT",
      "threshold": "BLOCK_MEDIUM_AND_ABOVE"
    },
    {
      "category": "HARM_CATEGORY_SEXUALLY_EXPLICIT",
      "threshold": "BLOCK_MEDIUM_AND_ABOVE"
    },
    {
      "category": "HARM_CATEGORY_HARASSMENT",
      "threshold": "BLOCK_MEDIUM_AND_ABOVE"
    }
  ]
}

 ✓ packages/firebase/src/__tests__/video_generation_security.test.ts (1 test) 9ms
 ✓ packages/renderer/src/services/agent/memory/__tests__/CoreVaultService.test.ts (9 tests) 21ms
 ✓ packages/main/src/test/security/validation.test.ts (8 tests) 14ms
 ✓ packages/renderer/src/services/video/VeoCompliance.test.ts (8 tests) 18ms
 ✓ packages/renderer/src/services/agent/tools/__tests__/FinanceTools.test.ts (6 tests) 22ms
stdout | packages/main/src/handlers/distribution_security.test.ts > 🛡️ Shield: Distribution Security > should BLOCK execution of forensics on non-audio files
14:53:00.264 › [Distribution] Running audio forensics on: /tmp/malware.exe

 ✓ packages/renderer/src/services/agent/evolution/HelixGeminiMutation.test.ts (2 tests) 13ms
stdout | packages/main/src/handlers/distribution_security.test.ts > 🛡️ Shield: Distribution Security > should BLOCK execution of forensics on system files
14:53:00.278 › [Distribution] Running audio forensics on: /etc/passwd

 ✓ packages/main/src/handlers/distribution_security.test.ts (2 tests) 19ms
stdout | packages/main/src/services/CredentialService.test.ts > CredentialService > saveCredentials > should save encrypted credentials when encryption is available
[CredentialService] Securely saved credentials for dist1

 ✓ packages/main/src/services/CredentialService.test.ts (11 tests) 9ms
 ✓ packages/renderer/src/services/agent/evolution/HelixImmunity.test.ts (2 tests) 16ms
stdout | packages/renderer/src/services/agent/ContextStackService.test.ts > 📚 ContextStackService > Persistence > should serialize and restore the stack losslessly
[ContextStackImpl] Restored 2 frames

stdout | packages/renderer/src/services/agent/ContextStackService.test.ts > 📚 ContextStackService > Persistence > should filter out frames with invalid structure during restore
[ContextStackImpl] Restored 1 frames

stdout | packages/renderer/src/services/agent/ContextStackService.test.ts > 📚 ContextStackService > Persistence > should enforce maxFrames during restore
[ContextStackImpl] Restored 5 frames

 ✓ packages/renderer/src/services/agent/ContextStackService.test.ts (17 tests) 10ms
 ✓ packages/renderer/src/services/legal/LegalService.test.ts (8 tests) 13ms
stdout | packages/renderer/src/services/video/__tests__/LensVideoVerification.test.ts > 🎥 Lens: Veo 3.1 & Gemini 3 Integration Verification > Prompt Enhancer Flow > should inject camera and motion parameters into the prompt
[VideoGeneration] 🎬 generateVideo() called: {
  promptPreview: 'A Cyberpunk city',
  model: 'veo-3.1-generate-preview',
  duration: 8,
  aspectRatio: undefined,
  hasFirstFrame: false,
  hasLastFrame: false,
  hasReferenceImages: false,
  userId: 'lens-verifier'
}

stdout | packages/renderer/src/services/video/__tests__/LensVideoVerification.test.ts > 🎥 Lens: Veo 3.1 & Gemini 3 Integration Verification > Prompt Enhancer Flow > should inject camera and motion parameters into the prompt
[VideoGeneration] 🚀 Calling GenAI.generateVideo() with: {
  model: 'veo-3.1-generate-preview',
  promptLength: 74,
  hasImage: false,
  config: '{"aspectRatio":"16:9","durationSeconds":8}'
}

 ✓ packages/renderer/src/services/video/__tests__/LensVideoVerification.test.ts (5 tests) 26ms
 ✓ packages/renderer/src/services/agent/tools/__tests__/BrandTools.test.ts (4 tests) 6ms
 ✓ packages/renderer/src/services/video/LensVeoSafety.test.ts (3 tests) 8ms
 ✓ packages/renderer/src/modules/merchandise/components/__tests__/DesignCanvas.export.test.tsx (3 tests) 20ms
stdout | packages/renderer/src/services/agent/memory/AutoMemoryExtractor.test.ts > AutoMemoryExtractor > extractNow() returns 0 when there is no active session
[AutoMemoryExtractor] Starting automated memory extraction

stdout | packages/renderer/src/services/agent/memory/AutoMemoryExtractor.test.ts > AutoMemoryExtractor > extractNow() returns 0 when the active session has no messages
[AutoMemoryExtractor] Starting automated memory extraction

stdout | packages/renderer/src/services/agent/memory/AutoMemoryExtractor.test.ts > AutoMemoryExtractor > extractNow() ingests recent messages and returns the count
[AutoMemoryExtractor] Starting automated memory extraction

stdout | packages/renderer/src/services/agent/memory/AutoMemoryExtractor.test.ts > AutoMemoryExtractor > extractNow() filters empty messages
[AutoMemoryExtractor] Starting automated memory extraction

stdout | packages/renderer/src/services/agent/memory/AutoMemoryExtractor.test.ts > AutoMemoryExtractor > extractNow() truncates to last 20 messages
[AutoMemoryExtractor] Starting automated memory extraction

stdout | packages/renderer/src/services/agent/memory/AutoMemoryExtractor.test.ts > AutoMemoryExtractor > extractNow swallows errors without throwing
[AutoMemoryExtractor] Starting automated memory extraction

 ✓ packages/renderer/src/services/agent/memory/AutoMemoryExtractor.test.ts (11 tests) 17ms
 ✓ packages/renderer/src/services/marketing/CampaignAIService.test.ts (19 tests) 37ms
 ✓ packages/renderer/src/services/video/VideoService.test.ts (19 tests) 20ms
 ✓ packages/renderer/src/services/agent/a2a/A2AClient.test.ts (5 tests) 11ms
stdout | packages/main/src/handlers/audio.security.test.ts
14:53:01.672 › [AccessControl] Initialized

 ✓ packages/renderer/src/services/agent/tools/__tests__/SocialTools.test.ts (2 tests) 8ms
stdout | packages/main/src/handlers/audio.security.test.ts
14:53:01.676 › [AudioHandler] FFmpeg path set to: ffmpeg-bin
14:53:01.676 › [AudioHandler] FFprobe path set to: ffprobe-bin

stdout | packages/main/src/handlers/audio.security.test.ts > Vulnerability: Audio Handler Symlink Exploit > should BLOCK analyzing a symlink that points to a restricted file
14:53:01.683 › Audio analysis requested for: /tmp/exploit.wav

 ✓ packages/main/src/handlers/audio.security.test.ts (1 test) 45ms
stdout | packages/firebase/src/lib/image_generation.test.ts > generateImageV3Fn > should construct correct payload with full Gemini 3 parameters
[GeminiImageService:generate] Tier: pro | Model: gemini-3.1-pro-image | Prompt: "test prompt..."
[GeminiImageService] Initializing Google Gen AI Client (API_KEY: test...)
[GeminiImageService:generate] Config: {"model":"gemini-3.1-pro-image","responseModalities":["TEXT","IMAGE"],"hasImageConfig":true,"hasThinkingConfig":false,"hasTools":true,"contentsTurns":1,"refImageCount":0}

stdout | packages/firebase/src/lib/image_generation.test.ts > generateImageV3Fn > should use fast model with correct defaults
[GeminiImageService:generate] Tier: fast | Model: gemini-3.1-flash-image | Prompt: "simple prompt..."
[GeminiImageService:generate] Config: {"model":"gemini-3.1-flash-image","responseModalities":["IMAGE"],"hasImageConfig":true,"hasThinkingConfig":false,"hasTools":false,"contentsTurns":1,"refImageCount":0}

stdout | packages/firebase/src/lib/image_generation.test.ts > generateImageV3Fn > should use legacy model when specified
[GeminiImageService:generate] Tier: legacy | Model: gemini-2.5-flash-image | Prompt: "legacy prompt..."
[GeminiImageService:generate] Config: {"model":"gemini-2.5-flash-image","responseModalities":["IMAGE"],"hasImageConfig":true,"hasThinkingConfig":false,"hasTools":false,"contentsTurns":1,"refImageCount":0}

stdout | packages/firebase/src/lib/image_generation.test.ts > generateImageV3Fn > should handle reference images in contents
[GeminiImageService:generate] Tier: fast | Model: gemini-3.1-flash-image | Prompt: "generate with reference..."
[GeminiImageService:generate] Config: {"model":"gemini-3.1-flash-image","responseModalities":["IMAGE"],"hasImageConfig":true,"hasThinkingConfig":false,"hasTools":false,"contentsTurns":1,"refImageCount":2}

stdout | packages/firebase/src/lib/image_generation.test.ts > generateImageV3Fn > should handle conversation history for multi-turn
[GeminiImageService:generate] Tier: fast | Model: gemini-3.1-flash-image | Prompt: "make it bluer..."
[GeminiImageService:generate] Config: {"model":"gemini-3.1-flash-image","responseModalities":["IMAGE"],"hasImageConfig":true,"hasThinkingConfig":false,"hasTools":false,"contentsTurns":3,"refImageCount":0}

stdout | packages/firebase/src/lib/image_generation.test.ts > generateImageV3Fn > should extract thoughtSignature from response
[GeminiImageService:generate] Tier: pro | Model: gemini-3.1-pro-image | Prompt: "test..."
[GeminiImageService:generate] Config: {"model":"gemini-3.1-pro-image","responseModalities":["IMAGE"],"hasImageConfig":true,"hasThinkingConfig":false,"hasTools":false,"contentsTurns":1,"refImageCount":0}

stdout | packages/firebase/src/lib/image_generation.test.ts > generateImageV3Fn > should handle Flash + Image Search grounding
[GeminiImageService:generate] Tier: fast | Model: gemini-3.1-flash-image | Prompt: "test with image search..."
[GeminiImageService:generate] Config: {"model":"gemini-3.1-flash-image","responseModalities":["IMAGE"],"hasImageConfig":true,"hasThinkingConfig":false,"hasTools":true,"contentsTurns":1,"refImageCount":0}

stdout | packages/firebase/src/lib/image_generation.test.ts > generateImageV3Fn > should support all 14 aspect ratios for fast tier
[GeminiImageService:generate] Tier: fast | Model: gemini-3.1-flash-image | Prompt: "test..."
[GeminiImageService:generate] Config: {"model":"gemini-3.1-flash-image","responseModalities":["IMAGE"],"hasImageConfig":true,"hasThinkingConfig":false,"hasTools":false,"contentsTurns":1,"refImageCount":0}

stdout | packages/firebase/src/lib/image_generation.test.ts > generateImageV3Fn > should support all 14 aspect ratios for fast tier
[GeminiImageService:generate] Tier: fast | Model: gemini-3.1-flash-image | Prompt: "test..."
[GeminiImageService:generate] Config: {"model":"gemini-3.1-flash-image","responseModalities":["IMAGE"],"hasImageConfig":true,"hasThinkingConfig":false,"hasTools":false,"contentsTurns":1,"refImageCount":0}

stdout | packages/firebase/src/lib/image_generation.test.ts > generateImageV3Fn > should support all 14 aspect ratios for fast tier
[GeminiImageService:generate] Tier: fast | Model: gemini-3.1-flash-image | Prompt: "test..."
[GeminiImageService:generate] Config: {"model":"gemini-3.1-flash-image","responseModalities":["IMAGE"],"hasImageConfig":true,"hasThinkingConfig":false,"hasTools":false,"contentsTurns":1,"refImageCount":0}

stdout | packages/firebase/src/lib/image_generation.test.ts > generateImageV3Fn > should support all 14 aspect ratios for fast tier
[GeminiImageService:generate] Tier: fast | Model: gemini-3.1-flash-image | Prompt: "test..."
[GeminiImageService:generate] Config: {"model":"gemini-3.1-flash-image","responseModalities":["IMAGE"],"hasImageConfig":true,"hasThinkingConfig":false,"hasTools":false,"contentsTurns":1,"refImageCount":0}

stdout | packages/firebase/src/lib/image_generation.test.ts > generateImageV3Fn > should support all 14 aspect ratios for fast tier
[GeminiImageService:generate] Tier: fast | Model: gemini-3.1-flash-image | Prompt: "test..."
[GeminiImageService:generate] Config: {"model":"gemini-3.1-flash-image","responseModalities":["IMAGE"],"hasImageConfig":true,"hasThinkingConfig":false,"hasTools":false,"contentsTurns":1,"refImageCount":0}

stdout | packages/firebase/src/lib/image_generation.test.ts > generateImageV3Fn > should support all 14 aspect ratios for fast tier
[GeminiImageService:generate] Tier: fast | Model: gemini-3.1-flash-image | Prompt: "test..."
[GeminiImageService:generate] Config: {"model":"gemini-3.1-flash-image","responseModalities":["IMAGE"],"hasImageConfig":true,"hasThinkingConfig":false,"hasTools":false,"contentsTurns":1,"refImageCount":0}

stdout | packages/firebase/src/lib/image_generation.test.ts > generateImageV3Fn > should support all 14 aspect ratios for fast tier
[GeminiImageService:generate] Tier: fast | Model: gemini-3.1-flash-image | Prompt: "test..."
[GeminiImageService:generate] Config: {"model":"gemini-3.1-flash-image","responseModalities":["IMAGE"],"hasImageConfig":true,"hasThinkingConfig":false,"hasTools":false,"contentsTurns":1,"refImageCount":0}

stdout | packages/firebase/src/lib/image_generation.test.ts > generateImageV3Fn > should support all 14 aspect ratios for fast tier
[GeminiImageService:generate] Tier: fast | Model: gemini-3.1-flash-image | Prompt: "test..."
[GeminiImageService:generate] Config: {"model":"gemini-3.1-flash-image","responseModalities":["IMAGE"],"hasImageConfig":true,"hasThinkingConfig":false,"hasTools":false,"contentsTurns":1,"refImageCount":0}

stdout | packages/firebase/src/lib/image_generation.test.ts > generateImageV3Fn > should support all 14 aspect ratios for fast tier
[GeminiImageService:generate] Tier: fast | Model: gemini-3.1-flash-image | Prompt: "test..."
[GeminiImageService:generate] Config: {"model":"gemini-3.1-flash-image","responseModalities":["IMAGE"],"hasImageConfig":true,"hasThinkingConfig":false,"hasTools":false,"contentsTurns":1,"refImageCount":0}

stdout | packages/firebase/src/lib/image_generation.test.ts > generateImageV3Fn > should support all 14 aspect ratios for fast tier
[GeminiImageService:generate] Tier: fast | Model: gemini-3.1-flash-image | Prompt: "test..."
[GeminiImageService:generate] Config: {"model":"gemini-3.1-flash-image","responseModalities":["IMAGE"],"hasImageConfig":true,"hasThinkingConfig":false,"hasTools":false,"contentsTurns":1,"refImageCount":0}

stdout | packages/firebase/src/lib/image_generation.test.ts > generateImageV3Fn > should support all 14 aspect ratios for fast tier
[GeminiImageService:generate] Tier: fast | Model: gemini-3.1-flash-image | Prompt: "test..."
[GeminiImageService:generate] Config: {"model":"gemini-3.1-flash-image","responseModalities":["IMAGE"],"hasImageConfig":true,"hasThinkingConfig":false,"hasTools":false,"contentsTurns":1,"refImageCount":0}

stdout | packages/firebase/src/lib/image_generation.test.ts > generateImageV3Fn > should support all 14 aspect ratios for fast tier
[GeminiImageService:generate] Tier: fast | Model: gemini-3.1-flash-image | Prompt: "test..."
[GeminiImageService:generate] Config: {"model":"gemini-3.1-flash-image","responseModalities":["IMAGE"],"hasImageConfig":true,"hasThinkingConfig":false,"hasTools":false,"contentsTurns":1,"refImageCount":0}

stdout | packages/firebase/src/lib/image_generation.test.ts > generateImageV3Fn > should support all 14 aspect ratios for fast tier
[GeminiImageService:generate] Tier: fast | Model: gemini-3.1-flash-image | Prompt: "test..."
[GeminiImageService:generate] Config: {"model":"gemini-3.1-flash-image","responseModalities":["IMAGE"],"hasImageConfig":true,"hasThinkingConfig":false,"hasTools":false,"contentsTurns":1,"refImageCount":0}

stdout | packages/firebase/src/lib/image_generation.test.ts > generateImageV3Fn > should support all 14 aspect ratios for fast tier
[GeminiImageService:generate] Tier: fast | Model: gemini-3.1-flash-image | Prompt: "test..."
[GeminiImageService:generate] Config: {"model":"gemini-3.1-flash-image","responseModalities":["IMAGE"],"hasImageConfig":true,"hasThinkingConfig":false,"hasTools":false,"contentsTurns":1,"refImageCount":0}

stdout | packages/firebase/src/lib/image_generation.test.ts > generateImageV3Fn > should handle backward-compatible legacy fields
[GeminiImageService:generate] Tier: fast | Model: gemini-3.1-flash-image | Prompt: "legacy call..."
[GeminiImageService:generate] Config: {"model":"gemini-3.1-flash-image","responseModalities":["IMAGE"],"hasImageConfig":true,"hasThinkingConfig":true,"hasTools":true,"contentsTurns":1,"refImageCount":0}

stdout | packages/firebase/src/lib/image_generation.test.ts > editImageFn > should construct correct edit payload
[GeminiImageService:edit] Model: gemini-3.1-pro-image | Prompt: "remove the background..."

stdout | packages/firebase/src/lib/image_generation.test.ts > editImageFn > should include mask in edit payload
[GeminiImageService:edit] Model: gemini-3.1-pro-image | Prompt: "replace masked area with flowers..."

stdout | packages/firebase/src/lib/image_generation.test.ts > editImageFn > should pass reference images array
[GeminiImageService:edit] Model: gemini-3.1-pro-image | Prompt: "blend with references..."

 ✓ packages/firebase/src/lib/image_generation.test.ts (15 tests) 29ms
 ✓ packages/renderer/src/hooks/useURLSync.test.ts (4 tests) 12ms
 ✓ packages/main/src/utils/validation.test.ts (10 tests) 8ms
stdout | packages/renderer/src/services/distribution/proprietary-ingestion/RINService.test.ts > IngestionNotificationService > should generate a valid IngestionNotification object from metadata
RESULT {
  success: true,
  xml: '<?xml version="1.0" encoding="UTF-8"?>\n' +
    '<ern:NewReleaseMessage xmlns:ern="http://ddex.net/xml/ern/43" xmlns:xsi="http://www.w3.org/2001/XMLSchema-instance" MessageSchemaVersionId="4.3" LanguageAndScriptCode="en">\n' +
    '  <MessageHeader>\n' +
    '    <MessageId>MSG-1778698382081</MessageId>\n' +
    '    <MessageSender>\n' +
    '      <SystemIdentifier>PA-DPIDA-2025122604-E</SystemIdentifier>\n' +
    '      <EntityName>Mute Records</EntityName>\n' +
    '    </MessageSender>\n' +
    '    <MessageRecipient>\n' +
    '      <SystemIdentifier>PADPIDA2012110501U</SystemIdentifier>\n' +
    '      <EntityName>Distributor</EntityName>\n' +
    '    </MessageRecipient>\n' +
    '    <MessageCreatedDateTime>2026-05-13T18:53:02.081Z</MessageCreatedDateTime>\n' +
    '    <MessageControlType>LiveMessage</MessageControlType>\n' +
    '  </MessageHeader>\n' +
    '  <ReleaseList>\n' +
    '    <Release ReleaseReference="R1">\n' +
    '      <ReleaseId>\n' +
    '        <ICPN>123456789012</ICPN>\n' +
    '        <CatalogNumber>MUTE123</CatalogNumber>\n' +
    '      </ReleaseId>\n' +
    '      <ReleaseDetailsByTerritory>\n' +
    '        <TerritoryCode>Worldwide</TerritoryCode>\n' +
    '        <Title TitleType="FormalTitle">\n' +
    '          <TitleText>Midnight City</TitleText>\n' +
    '        </Title>\n' +
    '        <DisplayArtistName>M83</DisplayArtistName>\n' +
    '        <LabelName>Mute Records</LabelName>\n' +
    '        <Genre>\n' +
    '          <GenreText>Electronic</GenreText>\n' +
    '        </Genre>\n' +
    '        <ParentalWarningType>NotExplicit</ParentalWarningType>\n' +
    '        <MarketingComment>Hit single</MarketingComment>\n' +
    '      </ReleaseDetailsByTerritory>\n' +
    '      <ReleaseType>Single</ReleaseType>\n' +
    '      <ReleaseResourceReferenceList>\n' +
    '        <ReleaseResourceReference>AS1</ReleaseResourceReference>\n' +
    '      </ReleaseResourceReferenceList>\n' +
    '      <AIGenerationInfo>\n' +
    '        <IsFullyAIGenerated>false</IsFullyAIGenerated>\n' +
    '        <IsPartiallyAIGenerated>false</IsPartiallyAIGenerated>\n' +
    '        <AIToolsUsed/>\n' +
    '        <DisclosureType>Human_Created</DisclosureType>\n' +
    '      </AIGenerationInfo>\n' +
    '    </Release>\n' +
    '  </ReleaseList>\n' +
    '  <ResourceList>\n' +
    '    <SoundRecording ResourceReference="AS1">\n' +
    '      <ResourceId>\n' +
    '        <ISRC>USM831100012</ISRC>\n' +
    '      </ResourceId>\n' +
    '      <ReferenceTitle>\n' +
    '        <TitleText>Midnight City</TitleText>\n' +
    '      </ReferenceTitle>\n' +
    '      <SoundRecordingDetailsByTerritory>\n' +
    '        <TerritoryCode>Worldwide</TerritoryCode>\n' +
    '        <Title TitleType="FormalTitle">\n' +
    '          <TitleText>Midnight City</TitleText>\n' +
    '        </Title>\n' +
    '        <DisplayArtistName>M83</DisplayArtistName>\n' +
    '        <LanguageOfPerformance>zxx</LanguageOfPerformance>\n' +
    '      </SoundRecordingDetailsByTerritory>\n' +
    '    </SoundRecording>\n' +
    '  </ResourceList>\n' +
    '  <DealList>\n' +
    '    <ReleaseDeal DealReference="D1">\n' +
    '      <Deal>\n' +
    '        <DealTerms>\n' +
    '          <CommercialModelType>SubscriptionModel</CommercialModelType>\n' +
    '          <Usage>\n' +
    '            <UseType>OnDemandStream</UseType>\n' +
    '          </Usage>\n' +
    '          <TerritoryCode>Worldwide</TerritoryCode>\n' +
    '          <ValidityPeriod>\n' +
    '            <StartDate>2011-10-18</StartDate>\n' +
    '          </ValidityPeriod>\n' +
    '        </DealTerms>\n' +
    '      </Deal>\n' +
    '    </ReleaseDeal>\n' +
    '    <ReleaseDeal DealReference="D2">\n' +
    '      <Deal>\n' +
    '        <DealTerms>\n' +
    '          <CommercialModelType>AdvertisementSupportedModel</CommercialModelType>\n' +
    '          <Usage>\n' +
    '            <UseType>OnDemandStream</UseType>\n' +
    '          </Usage>\n' +
    '          <TerritoryCode>Worldwide</TerritoryCode>\n' +
    '          <ValidityPeriod>\n' +
    '            <StartDate>2011-10-18</StartDate>\n' +
    '          </ValidityPeriod>\n' +
    '        </DealTerms>\n' +
    '      </Deal>\n' +
    '    </ReleaseDeal>\n' +
    '    <ReleaseDeal DealReference="D3">\n' +
    '      <Deal>\n' +
    '        <DealTerms>\n' +
    '          <CommercialModelType>SubscriptionModel</CommercialModelType>\n' +
    '          <Usage>\n' +
    '            <UseType>NonInteractiveStream</UseType>\n' +
    '          </Usage>\n' +
    '          <TerritoryCode>Worldwide</TerritoryCode>\n' +
    '          <ValidityPeriod>\n' +
    '            <StartDate>2011-10-18</StartDate>\n' +
    '          </ValidityPeriod>\n' +
    '        </DealTerms>\n' +
    '      </Deal>\n' +
    '    </ReleaseDeal>\n' +
    '    <ReleaseDeal DealReference="D4">\n' +
    '      <Deal>\n' +
    '        <DealTerms>\n' +
    '          <CommercialModelType>AdvertisementSupportedModel</CommercialModelType>\n' +
    '          <Usage>\n' +
    '            <UseType>NonInteractiveStream</UseType>\n' +
    '          </Usage>\n' +
    '          <TerritoryCode>Worldwide</TerritoryCode>\n' +
    '          <ValidityPeriod>\n' +
    '            <StartDate>2011-10-18</StartDate>\n' +
    '          </ValidityPeriod>\n' +
    '        </DealTerms>\n' +
    '      </Deal>\n' +
    '    </ReleaseDeal>\n' +
    '    <ReleaseDeal DealReference="D5">\n' +
    '      <Deal>\n' +
    '        <DealTerms>\n' +
    '          <CommercialModelType>PayAsYouGoModel</CommercialModelType>\n' +
    '          <Usage>\n' +
    '            <UseType>PermanentDownload</UseType>\n' +
    '          </Usage>\n' +
    '          <TerritoryCode>Worldwide</TerritoryCode>\n' +
    '          <ValidityPeriod>\n' +
    '            <StartDate>2011-10-18</StartDate>\n' +
    '          </ValidityPeriod>\n' +
    '        </DealTerms>\n' +
    '      </Deal>\n' +
    '    </ReleaseDeal>\n' +
    '  </DealList>\n' +
    '</ern:NewReleaseMessage>\n'
}

 ✓ packages/renderer/src/services/distribution/proprietary-ingestion/RINService.test.ts (9 tests) 11ms
stdout | packages/renderer/src/services/distribution/verify-adapters.test.ts
[DistributorService] Registered adapter: DistroKid
[DistributorService] Registered adapter: TuneCore
[DistributorService] Registered adapter: CDBaby
[DistributorService] Registered adapter: Symphonic

stdout | packages/renderer/src/services/distribution/verify-adapters.test.ts > Distribution System Verification
[DistributorService] Registered adapter: DistroKid
[DistributorService] Registered adapter: TuneCore
[DistributorService] Registered adapter: CDBaby
[DistributorService] Registered adapter: Symphonic

stdout | packages/renderer/src/services/distribution/verify-adapters.test.ts > Distribution System Verification > DistroKid Adapter > should connect successfully
[DistroKidAdapter] Attempting real connection...

stdout | packages/renderer/src/services/distribution/verify-adapters.test.ts > Distribution System Verification > DistroKid Adapter > should connect successfully
[DistroKidAdapter] SFTP Connection Verified.
[DistroKidAdapter] Connected successfully.

stdout | packages/renderer/src/services/distribution/verify-adapters.test.ts > Distribution System Verification > DistroKid Adapter > should create release
[DistroKid] Executing real SFTP delivery...

stdout | packages/renderer/src/services/distribution/verify-adapters.test.ts > Distribution System Verification > DistroKid Adapter > should create release
[DistroKid] Files staged at /mock/staging/path. Starting upload...
[DistroKid] Starting SFTP upload: /mock/staging/path -> /incoming/123456789012

stdout | packages/renderer/src/services/distribution/verify-adapters.test.ts > Distribution System Verification > DistroKid Adapter > should create release
[DistroKid] Upload complete.

stdout | packages/renderer/src/services/distribution/verify-adapters.test.ts > Distribution System Verification > TuneCore Adapter > should connect successfully
[TuneCoreAdapter] Attempting real connection...
[TuneCoreAdapter] Connected successfully.

stdout | packages/renderer/src/services/distribution/verify-adapters.test.ts > Distribution System Verification > CD Baby Adapter > should connect successfully
[CDBabyAdapter] Attempting real connection...
[CDBabyAdapter] Connected successfully.

stdout | packages/renderer/src/services/distribution/verify-adapters.test.ts > Distribution System Verification > CD Baby Adapter > should create release
[CDBaby] Staging release files...

stdout | packages/renderer/src/services/distribution/verify-adapters.test.ts > Distribution System Verification > CD Baby Adapter > should create release
[CDBaby] Files staged at /mock/staging/path.

stdout | packages/renderer/src/services/distribution/verify-adapters.test.ts > Distribution System Verification > Symphonic Adapter > should connect successfully
[SymphonicAdapter] Attempting real connection...
[SymphonicAdapter] Connected successfully.

stdout | packages/renderer/src/services/distribution/verify-adapters.test.ts > Distribution System Verification > Symphonic Adapter > should create release
[Symphonic] Initiating release delivery: Neon Nights

 ✓ packages/renderer/src/services/distribution/verify-adapters.test.ts (13 tests) 10ms
 ✓ packages/renderer/src/services/audio/FingerprintService.test.ts (4 tests) 27ms
 ✓ packages/renderer/src/services/agent/__tests__/AgentGuardRails.stress.test.ts (34 tests) 36ms
 ✓ packages/main/src/handlers/distribution_ssrf.security.test.ts (3 tests) 16ms
 ✓ packages/main/src/security/index.test.ts (15 tests) 7ms
 ✓ packages/renderer/src/services/agent/evolution/HelixJSONSafety.test.ts (2 tests) 38ms
stdout | packages/renderer/src/services/payment/PaymentService.test.ts > PaymentService > createOneTimePayment > should create a checkout session and return the URL
[PaymentService] Checkout session created: cs_test_abc

stdout | packages/renderer/src/services/payment/PaymentService.test.ts > PaymentService > createOneTimePayment > should use custom success/cancel URLs when provided
[PaymentService] Checkout session created: cs_test_def

 ✓ packages/renderer/src/services/payment/PaymentService.test.ts (6 tests) 40ms
 ✓ packages/renderer/src/services/finance/FinanceService.integration.test.ts (4 tests) 12ms
stdout | packages/renderer/src/services/distribution/verify-all-adapters.test.ts > All Distribution Adapters Integration > Symphonic Adapter > should connect successfully
[SymphonicAdapter] Attempting real connection...

stdout | packages/renderer/src/services/distribution/verify-all-adapters.test.ts > All Distribution Adapters Integration > Symphonic Adapter > should connect successfully
[SymphonicAdapter] SFTP Connection Verified.
[SymphonicAdapter] Connected successfully.

stdout | packages/renderer/src/services/distribution/verify-all-adapters.test.ts > All Distribution Adapters Integration > Symphonic Adapter > should create release successfully
[Symphonic] Initiating release delivery: Universal Harmony
[Symphonic] Delivering via Electron SFTP...

stdout | packages/renderer/src/services/distribution/verify-all-adapters.test.ts > All Distribution Adapters Integration > Symphonic Adapter > should create release successfully
[Symphonic] Starting SFTP upload: /mock/package -> /deliveries/123456789012

stdout | packages/renderer/src/services/distribution/verify-all-adapters.test.ts > All Distribution Adapters Integration > Symphonic Adapter > should create release successfully
[Symphonic] Upload complete.

stdout | packages/renderer/src/services/distribution/verify-all-adapters.test.ts > All Distribution Adapters Integration > Symphonic Adapter > should create release successfully
[Symphonic] SFTP delivery complete for 123456789012

stdout | packages/renderer/src/services/distribution/verify-all-adapters.test.ts > All Distribution Adapters Integration > DistroKid Adapter > should connect successfully
[DistroKidAdapter] Attempting real connection...

stdout | packages/renderer/src/services/distribution/verify-all-adapters.test.ts > All Distribution Adapters Integration > DistroKid Adapter > should connect successfully
[DistroKidAdapter] SFTP Connection Verified.
[DistroKidAdapter] Connected successfully.

stdout | packages/renderer/src/services/distribution/verify-all-adapters.test.ts > All Distribution Adapters Integration > DistroKid Adapter > should create release successfully
[DistroKid] Executing real SFTP delivery...

stdout | packages/renderer/src/services/distribution/verify-all-adapters.test.ts > All Distribution Adapters Integration > DistroKid Adapter > should create release successfully
[DistroKid] Files staged at /mock/package. Starting upload...
[DistroKid] Starting SFTP upload: /mock/package -> /incoming/123456789012

stdout | packages/renderer/src/services/distribution/verify-all-adapters.test.ts > All Distribution Adapters Integration > DistroKid Adapter > should create release successfully
[DistroKid] Upload complete.

stdout | packages/renderer/src/services/distribution/verify-all-adapters.test.ts > All Distribution Adapters Integration > TuneCore Adapter > should connect successfully
[TuneCoreAdapter] Attempting real connection...

stdout | packages/renderer/src/services/distribution/verify-all-adapters.test.ts > All Distribution Adapters Integration > TuneCore Adapter > should connect successfully
[TuneCoreAdapter] SFTP Connection Verified.
[TuneCoreAdapter] Connected successfully.

stdout | packages/renderer/src/services/distribution/verify-all-adapters.test.ts > All Distribution Adapters Integration > CDBaby Adapter > should connect successfully
[CDBabyAdapter] Attempting real connection...

stdout | packages/renderer/src/services/distribution/verify-all-adapters.test.ts > All Distribution Adapters Integration > CDBaby Adapter > should connect successfully
[CDBabyAdapter] SFTP Connection Verified.
[CDBabyAdapter] Connected successfully.

stdout | packages/renderer/src/services/distribution/verify-all-adapters.test.ts > All Distribution Adapters Integration > CDBaby Adapter > should create release successfully
[CDBaby] Staging release files...

stdout | packages/renderer/src/services/distribution/verify-all-adapters.test.ts > All Distribution Adapters Integration > CDBaby Adapter > should create release successfully
[CDBaby] Files staged at /mock/package.
[CDBaby] Starting SFTP upload: /mock/package -> /upload/CDB-1778698383090

stdout | packages/renderer/src/services/distribution/verify-all-adapters.test.ts > All Distribution Adapters Integration > CDBaby Adapter > should create release successfully
[CDBaby] Upload complete.

 ✓ packages/renderer/src/services/distribution/verify-all-adapters.test.ts (12 tests) 14ms
 ✓ packages/renderer/src/services/agent/tools/__tests__/MarketingTools.integration.test.ts (12 tests) 11ms
 ✓ packages/renderer/src/services/agent/evolution/HelixLifecycle.test.ts (2 tests) 8ms
 ✓ packages/renderer/src/services/agent/tools/__tests__/SecurityTools.test.ts (13 tests) 8ms
stdout | packages/renderer/src/services/image/__tests__/LensGeminiFlashPro.test.ts > Lens 🎥 - Gemini 3 Flash vs Pro Pipeline > should generate Flash image with low latency configuration
[ImageGen DEBUG] Entering generateImages { prompt: 'A quick sketch of a cat', model: 'fast' }

stdout | packages/renderer/src/services/image/__tests__/LensGeminiFlashPro.test.ts > Lens 🎥 - Gemini 3 Flash vs Pro Pipeline > should generate Flash image with low latency configuration
[ImageGen] Auth token refreshed successfully.

stdout | packages/renderer/src/services/image/__tests__/LensGeminiFlashPro.test.ts > Lens 🎥 - Gemini 3 Flash vs Pro Pipeline > should generate Flash image with low latency configuration
[ImageGen DEBUG] Quota check result: { allowed: true }
[ImageGen DEBUG] Calling generateImageV3
[ImageGen DEBUG] Full payload: {
  model: 'fast',
  aspectRatio: '1:1',
  imageSize: undefined,
  hasImages: false,
  hasThinking: false,
  hasGrounding: false,
  hasHistory: false
}

stdout | packages/renderer/src/services/image/__tests__/LensGeminiFlashPro.test.ts > Lens 🎥 - Gemini 3 Flash vs Pro Pipeline > should generate Flash image with low latency configuration
[ImageGen DEBUG] generateImageV3 returned: { data: { images: [ [Object] ] } }

stdout | packages/renderer/src/services/image/__tests__/LensGeminiFlashPro.test.ts > Lens 🎥 - Gemini 3 Flash vs Pro Pipeline > should generate Flash image with low latency configuration
[MetadataPersistence] ✅ Saved image to users/lens-tester/generated_images/mock-doc-id

stdout | packages/renderer/src/services/image/__tests__/LensGeminiFlashPro.test.ts > Lens 🎥 - Gemini 3 Flash vs Pro Pipeline > should generate Pro image with high fidelity configuration
[ImageGen DEBUG] Entering generateImages { prompt: 'A masterpiece painting of a cat', model: 'pro' }

stdout | packages/renderer/src/services/image/__tests__/LensGeminiFlashPro.test.ts > Lens 🎥 - Gemini 3 Flash vs Pro Pipeline > should generate Pro image with high fidelity configuration
[ImageGen] Auth token refreshed successfully.

stdout | packages/renderer/src/services/image/__tests__/LensGeminiFlashPro.test.ts > Lens 🎥 - Gemini 3 Flash vs Pro Pipeline > should generate Pro image with high fidelity configuration
[ImageGen DEBUG] Quota check result: { allowed: true }
[ImageGen DEBUG] Calling generateImageV3
[ImageGen DEBUG] Full payload: {
  model: 'pro',
  aspectRatio: '1:1',
  imageSize: undefined,
  hasImages: false,
  hasThinking: false,
  hasGrounding: false,
  hasHistory: false
}

stdout | packages/renderer/src/services/image/__tests__/LensGeminiFlashPro.test.ts > Lens 🎥 - Gemini 3 Flash vs Pro Pipeline > should generate Pro image with high fidelity configuration
[ImageGen DEBUG] generateImageV3 returned: { data: { images: [ [Object] ] } }

stdout | packages/renderer/src/services/image/__tests__/LensGeminiFlashPro.test.ts > Lens 🎥 - Gemini 3 Flash vs Pro Pipeline > should generate Pro image with high fidelity configuration
[MetadataPersistence] ✅ Saved image to users/lens-tester/generated_images/mock-doc-id

stdout | packages/renderer/src/services/image/__tests__/LensGeminiFlashPro.test.ts > Lens 🎥 - Gemini 3 Flash vs Pro Pipeline > should support iterative Upscale workflow (Flash -> Pro)
[ImageGen DEBUG] Entering generateImages { prompt: 'Concept art of a futuristic city', model: 'fast' }

stdout | packages/renderer/src/services/image/__tests__/LensGeminiFlashPro.test.ts > Lens 🎥 - Gemini 3 Flash vs Pro Pipeline > should support iterative Upscale workflow (Flash -> Pro)
[ImageGen] Auth token refreshed successfully.

stdout | packages/renderer/src/services/image/__tests__/LensGeminiFlashPro.test.ts > Lens 🎥 - Gemini 3 Flash vs Pro Pipeline > should support iterative Upscale workflow (Flash -> Pro)
[ImageGen DEBUG] Quota check result: { allowed: true }
[ImageGen DEBUG] Calling generateImageV3
[ImageGen DEBUG] Full payload: {
  model: 'fast',
  aspectRatio: '1:1',
  imageSize: undefined,
  hasImages: false,
  hasThinking: false,
  hasGrounding: false,
  hasHistory: false
}

stdout | packages/renderer/src/services/image/__tests__/LensGeminiFlashPro.test.ts > Lens 🎥 - Gemini 3 Flash vs Pro Pipeline > should support iterative Upscale workflow (Flash -> Pro)
[ImageGen DEBUG] generateImageV3 returned: { data: { images: [ [Object] ] } }

stdout | packages/renderer/src/services/image/__tests__/LensGeminiFlashPro.test.ts > Lens 🎥 - Gemini 3 Flash vs Pro Pipeline > should support iterative Upscale workflow (Flash -> Pro)
[MetadataPersistence] ✅ Saved image to users/lens-tester/generated_images/mock-doc-id

stdout | packages/renderer/src/services/image/__tests__/LensGeminiFlashPro.test.ts > Lens 🎥 - Gemini 3 Flash vs Pro Pipeline > should support iterative Upscale workflow (Flash -> Pro)
[ImageGen DEBUG] Entering generateImages { prompt: 'Concept art of a futuristic city', model: 'pro' }

stdout | packages/renderer/src/services/image/__tests__/LensGeminiFlashPro.test.ts > Lens 🎥 - Gemini 3 Flash vs Pro Pipeline > should support iterative Upscale workflow (Flash -> Pro)
[ImageGen] Auth token refreshed successfully.

stdout | packages/renderer/src/services/image/__tests__/LensGeminiFlashPro.test.ts > Lens 🎥 - Gemini 3 Flash vs Pro Pipeline > should support iterative Upscale workflow (Flash -> Pro)
[ImageGen DEBUG] Quota check result: { allowed: true }
[ImageGen DEBUG] Calling generateImageV3
[ImageGen DEBUG] Full payload: {
  model: 'pro',
  aspectRatio: '1:1',
  imageSize: undefined,
  hasImages: false,
  hasThinking: false,
  hasGrounding: false,
  hasHistory: false
}

stdout | packages/renderer/src/services/image/__tests__/LensGeminiFlashPro.test.ts > Lens 🎥 - Gemini 3 Flash vs Pro Pipeline > should support iterative Upscale workflow (Flash -> Pro)
[ImageGen DEBUG] generateImageV3 returned: { data: { images: [ [Object] ] } }

stdout | packages/renderer/src/services/image/__tests__/LensGeminiFlashPro.test.ts > Lens 🎥 - Gemini 3 Flash vs Pro Pipeline > should support iterative Upscale workflow (Flash -> Pro)
[MetadataPersistence] ✅ Saved image to users/lens-tester/generated_images/mock-doc-id

stdout | packages/renderer/src/services/image/__tests__/LensGeminiFlashPro.test.ts > Lens 🎥 - Gemini 3 Flash vs Pro Pipeline > should gracefully handle Gemini 3 param overrides (stripped by service)
[ImageGen DEBUG] Entering generateImages { prompt: 'A news event', useGrounding: true, thinking: true }

stdout | packages/renderer/src/services/image/__tests__/LensGeminiFlashPro.test.ts > Lens 🎥 - Gemini 3 Flash vs Pro Pipeline > should gracefully handle Gemini 3 param overrides (stripped by service)
[ImageGen] Auth token refreshed successfully.

stdout | packages/renderer/src/services/image/__tests__/LensGeminiFlashPro.test.ts > Lens 🎥 - Gemini 3 Flash vs Pro Pipeline > should gracefully handle Gemini 3 param overrides (stripped by service)
[ImageGen DEBUG] Quota check result: { allowed: true }
[ImageGen DEBUG] Calling generateImageV3
[ImageGen DEBUG] Full payload: {
  model: 'fast',
  aspectRatio: '1:1',
  imageSize: undefined,
  hasImages: false,
  hasThinking: false,
  hasGrounding: false,
  hasHistory: false
}

stdout | packages/renderer/src/services/image/__tests__/LensGeminiFlashPro.test.ts > Lens 🎥 - Gemini 3 Flash vs Pro Pipeline > should gracefully handle Gemini 3 param overrides (stripped by service)
[ImageGen DEBUG] generateImageV3 returned: { data: { images: [ [Object] ] } }

stdout | packages/renderer/src/services/image/__tests__/LensGeminiFlashPro.test.ts > Lens 🎥 - Gemini 3 Flash vs Pro Pipeline > should gracefully handle Gemini 3 param overrides (stripped by service)
[MetadataPersistence] ✅ Saved image to users/lens-tester/generated_images/mock-doc-id

 ✓ packages/renderer/src/services/social/SocialService.test.ts (4 tests) 7ms
 ✓ packages/renderer/src/services/image/__tests__/LensGeminiFlashPro.test.ts (4 tests) 10ms
 ✓ packages/renderer/src/services/agent/tools/__tests__/ProjectTools.test.ts (6 tests) 12ms
 ✓ packages/renderer/src/services/storage/StorageMigrationService.test.ts (2 tests) 12ms
stdout | packages/renderer/src/services/ingestion/TrackIngestionService.test.ts > TrackIngestionService > should skip analysis if track already exists (Idempotency)
[TrackIngestion] Starting ingestion for: test-song.mp3 

stdout | packages/renderer/src/services/ingestion/TrackIngestionService.test.ts > TrackIngestionService > should skip analysis if track already exists (Idempotency)
[TrackIngestion] Track already exists: SONIC-TEST-12345 

stdout | packages/renderer/src/services/ingestion/TrackIngestionService.test.ts > TrackIngestionService > should perform full analysis and save if track is new
[TrackIngestion] Starting ingestion for: test-song.mp3 

stdout | packages/renderer/src/services/ingestion/TrackIngestionService.test.ts > TrackIngestionService > should perform full analysis and save if track is new
[TrackIngestion] Requesting full Audio Intelligence analysis... 

stdout | packages/renderer/src/services/ingestion/TrackIngestionService.test.ts > TrackIngestionService > should perform full analysis and save if track is new
[TrackIngestion] Saving new track metadata... 

stdout | packages/renderer/src/services/ingestion/TrackIngestionService.test.ts > TrackIngestionService > should throw error if fingerprinting fails
[TrackIngestion] Starting ingestion for: test-song.mp3 

 ✓ packages/renderer/src/services/ingestion/TrackIngestionService.test.ts (3 tests) 19ms
 ✓ packages/main/src/handlers/deeplink.security.test.ts (10 tests) 5ms
stdout | packages/renderer/src/services/agent/OrchestrationService.test.ts
[WorkflowGraph] Successfully validated workflow 'CAMPAIGN_LAUNCH'
[WorkflowGraph] Successfully validated workflow 'AI_MERCH_DROP'
[WorkflowGraph] Successfully validated workflow 'SECURITY_AUDIT'
[WorkflowGraph] Successfully validated workflow 'TOUR_PLANNING'
[WorkflowGraph] Successfully validated workflow 'INDII_GROWTH_PROTOCOL'

 ✓ packages/renderer/src/services/distribution/proprietary-ingestion/IngestionNotificationDistribution.test.ts (4 tests) 5ms
stdout | packages/renderer/src/services/agent/OrchestrationService.test.ts > OrchestrationService > should route campaign launch to the correct workflow with state tracking
[Orchestration] Starting workflow: Campaign Launch (CAMPAIGN_LAUNCH), trace: 00d93a72-c1ff-4859-ac46-2e802d4b7343

stdout | packages/renderer/src/services/agent/OrchestrationService.test.ts > OrchestrationService > should route campaign launch to the correct workflow with state tracking
[WorkflowGraph] Successfully validated workflow 'CAMPAIGN_LAUNCH'

stdout | packages/renderer/src/services/agent/OrchestrationService.test.ts > OrchestrationService > should route campaign launch to the correct workflow with state tracking
[Orchestration] Batching 1 parallel steps for workflow CAMPAIGN_LAUNCH

stdout | packages/renderer/src/services/agent/OrchestrationService.test.ts > OrchestrationService > should route campaign launch to the correct workflow with state tracking
[Orchestration] Workflow Campaign Launch completed all reachable nodes.

stdout | packages/renderer/src/services/agent/OrchestrationService.test.ts > OrchestrationService > should persist failure on the exact step and halt
[Orchestration] Starting workflow: AI Merch Drop (AI_MERCH_DROP), trace: 5a4e395d-d7c3-4583-b2f3-e04e019a3816

stdout | packages/renderer/src/services/agent/OrchestrationService.test.ts > OrchestrationService > should persist failure on the exact step and halt
[WorkflowGraph] Successfully validated workflow 'AI_MERCH_DROP'

stdout | packages/renderer/src/services/agent/OrchestrationService.test.ts > OrchestrationService > should persist failure on the exact step and halt
[Orchestration] Batching 1 parallel steps for workflow AI_MERCH_DROP

stdout | packages/renderer/src/services/agent/OrchestrationService.test.ts > OrchestrationService > should route "deploy protocol" to INDII_GROWTH_PROTOCOL
[Orchestration] Starting workflow: indii Growth Protocol (INDII_GROWTH_PROTOCOL), trace: 5c1e1eaa-d3b3-49fb-9471-0ab4453c3e1d

stdout | packages/renderer/src/services/agent/OrchestrationService.test.ts > OrchestrationService > should route "deploy protocol" to INDII_GROWTH_PROTOCOL
[WorkflowGraph] Successfully validated workflow 'INDII_GROWTH_PROTOCOL'

stdout | packages/renderer/src/services/agent/OrchestrationService.test.ts > OrchestrationService > should route "deploy protocol" to INDII_GROWTH_PROTOCOL
[Orchestration] Batching 1 parallel steps for workflow INDII_GROWTH_PROTOCOL

stdout | packages/renderer/src/services/agent/OrchestrationService.test.ts > OrchestrationService > should route "deploy protocol" to INDII_GROWTH_PROTOCOL
[Orchestration] Workflow indii Growth Protocol completed all reachable nodes.

stdout | packages/renderer/src/services/agent/OrchestrationService.test.ts > OrchestrationService > should process steps in parallel when dependencies are met
[Orchestration] Starting workflow: Parallel Workflow (PARALLEL_WORKFLOW), trace: 4280a44c-3d39-4f6f-87da-1d4e388e6e74

stdout | packages/renderer/src/services/agent/OrchestrationService.test.ts > OrchestrationService > should process steps in parallel when dependencies are met
[WorkflowGraph] Successfully validated workflow 'PARALLEL_WORKFLOW'

stdout | packages/renderer/src/services/agent/OrchestrationService.test.ts > OrchestrationService > should process steps in parallel when dependencies are met
[Orchestration] Batching 1 parallel steps for workflow PARALLEL_WORKFLOW

stdout | packages/renderer/src/services/agent/OrchestrationService.test.ts > OrchestrationService > should process steps in parallel when dependencies are met
[Orchestration] Batching 2 parallel steps for workflow PARALLEL_WORKFLOW

stdout | packages/renderer/src/services/agent/OrchestrationService.test.ts > OrchestrationService > should process steps in parallel when dependencies are met
[Orchestration] Batching 1 parallel steps for workflow PARALLEL_WORKFLOW

stdout | packages/renderer/src/services/agent/OrchestrationService.test.ts > OrchestrationService > should process steps in parallel when dependencies are met
[Orchestration] Workflow Parallel Workflow completed all reachable nodes.

stdout | packages/renderer/src/services/agent/OrchestrationService.test.ts > OrchestrationService > should skip step when edge condition evaluates to false
[Orchestration] Starting workflow: Conditional Workflow (CONDITIONAL_WORKFLOW), trace: 11873afe-3224-4078-9b9d-d001f316a3cf

stdout | packages/renderer/src/services/agent/OrchestrationService.test.ts > OrchestrationService > should skip step when edge condition evaluates to false
[WorkflowGraph] Successfully validated workflow 'CONDITIONAL_WORKFLOW'

stdout | packages/renderer/src/services/agent/OrchestrationService.test.ts > OrchestrationService > should skip step when edge condition evaluates to false
[Orchestration] Batching 1 parallel steps for workflow CONDITIONAL_WORKFLOW

stdout | packages/renderer/src/services/agent/OrchestrationService.test.ts > OrchestrationService > should skip step when edge condition evaluates to false
[Orchestration] Batching 1 parallel steps for workflow CONDITIONAL_WORKFLOW

stdout | packages/renderer/src/services/agent/OrchestrationService.test.ts > OrchestrationService > should skip step when edge condition evaluates to false
[Orchestration] Workflow Conditional Workflow completed all reachable nodes.

 ✓ packages/renderer/src/services/agent/OrchestrationService.test.ts (8 tests) 8ms
stdout | packages/renderer/src/services/distribution/proprietary-ingestion/MEADService.test.ts > IngestionNotificationService > should generate a valid IngestionNotification object from metadata
RESULT {
  success: true,
  xml: '<?xml version="1.0" encoding="UTF-8"?>\n' +
    '<ern:NewReleaseMessage xmlns:ern="http://ddex.net/xml/ern/43" xmlns:xsi="http://www.w3.org/2001/XMLSchema-instance" MessageSchemaVersionId="4.3" LanguageAndScriptCode="en">\n' +
    '  <MessageHeader>\n' +
    '    <MessageId>MSG-1778698384007</MessageId>\n' +
    '    <MessageSender>\n' +
    '      <SystemIdentifier>PA-DPIDA-2025122604-E</SystemIdentifier>\n' +
    '      <EntityName>Mute Records</EntityName>\n' +
    '    </MessageSender>\n' +
    '    <MessageRecipient>\n' +
    '      <SystemIdentifier>PADPIDA2012110501U</SystemIdentifier>\n' +
    '      <EntityName>Distributor</EntityName>\n' +
    '    </MessageRecipient>\n' +
    '    <MessageCreatedDateTime>2026-05-13T18:53:04.007Z</MessageCreatedDateTime>\n' +
    '    <MessageControlType>LiveMessage</MessageControlType>\n' +
    '  </MessageHeader>\n' +
    '  <ReleaseList>\n' +
    '    <Release ReleaseReference="R1">\n' +
    '      <ReleaseId>\n' +
    '        <ICPN>123456789012</ICPN>\n' +
    '        <CatalogNumber>MUTE123</CatalogNumber>\n' +
    '      </ReleaseId>\n' +
    '      <ReleaseDetailsByTerritory>\n' +
    '        <TerritoryCode>Worldwide</TerritoryCode>\n' +
    '        <Title TitleType="FormalTitle">\n' +
    '          <TitleText>Midnight City</TitleText>\n' +
    '        </Title>\n' +
    '        <DisplayArtistName>M83</DisplayArtistName>\n' +
    '        <LabelName>Mute Records</LabelName>\n' +
    '        <Genre>\n' +
    '          <GenreText>Electronic</GenreText>\n' +
    '        </Genre>\n' +
    '        <ParentalWarningType>NotExplicit</ParentalWarningType>\n' +
    '        <MarketingComment>Hit single</MarketingComment>\n' +
    '      </ReleaseDetailsByTerritory>\n' +
    '      <ReleaseType>Single</ReleaseType>\n' +
    '      <ReleaseResourceReferenceList>\n' +
    '        <ReleaseResourceReference>AS1</ReleaseResourceReference>\n' +
    '      </ReleaseResourceReferenceList>\n' +
    '      <AIGenerationInfo>\n' +
    '        <IsFullyAIGenerated>false</IsFullyAIGenerated>\n' +
    '        <IsPartiallyAIGenerated>false</IsPartiallyAIGenerated>\n' +
    '        <AIToolsUsed/>\n' +
    '        <DisclosureType>Human_Created</DisclosureType>\n' +
    '      </AIGenerationInfo>\n' +
    '    </Release>\n' +
    '  </ReleaseList>\n' +
    '  <ResourceList>\n' +
    '    <SoundRecording ResourceReference="AS1">\n' +
    '      <ResourceId>\n' +
    '        <ISRC>USM831100012</ISRC>\n' +
    '      </ResourceId>\n' +
    '      <ReferenceTitle>\n' +
    '        <TitleText>Midnight City</TitleText>\n' +
    '      </ReferenceTitle>\n' +
    '      <SoundRecordingDetailsByTerritory>\n' +
    '        <TerritoryCode>Worldwide</TerritoryCode>\n' +
    '        <Title TitleType="FormalTitle">\n' +
    '          <TitleText>Midnight City</TitleText>\n' +
    '        </Title>\n' +
    '        <DisplayArtistName>M83</DisplayArtistName>\n' +
    '        <LanguageOfPerformance>zxx</LanguageOfPerformance>\n' +
    '      </SoundRecordingDetailsByTerritory>\n' +
    '    </SoundRecording>\n' +
    '  </ResourceList>\n' +
    '  <DealList>\n' +
    '    <ReleaseDeal DealReference="D1">\n' +
    '      <Deal>\n' +
    '        <DealTerms>\n' +
    '          <CommercialModelType>SubscriptionModel</CommercialModelType>\n' +
    '          <Usage>\n' +
    '            <UseType>OnDemandStream</UseType>\n' +
    '          </Usage>\n' +
    '          <TerritoryCode>Worldwide</TerritoryCode>\n' +
    '          <ValidityPeriod>\n' +
    '            <StartDate>2011-10-18</StartDate>\n' +
    '          </ValidityPeriod>\n' +
    '        </DealTerms>\n' +
    '      </Deal>\n' +
    '    </ReleaseDeal>\n' +
    '    <ReleaseDeal DealReference="D2">\n' +
    '      <Deal>\n' +
    '        <DealTerms>\n' +
    '          <CommercialModelType>AdvertisementSupportedModel</CommercialModelType>\n' +
    '          <Usage>\n' +
    '            <UseType>OnDemandStream</UseType>\n' +
    '          </Usage>\n' +
    '          <TerritoryCode>Worldwide</TerritoryCode>\n' +
    '          <ValidityPeriod>\n' +
    '            <StartDate>2011-10-18</StartDate>\n' +
    '          </ValidityPeriod>\n' +
    '        </DealTerms>\n' +
    '      </Deal>\n' +
    '    </ReleaseDeal>\n' +
    '    <ReleaseDeal DealReference="D3">\n' +
    '      <Deal>\n' +
    '        <DealTerms>\n' +
    '          <CommercialModelType>SubscriptionModel</CommercialModelType>\n' +
    '          <Usage>\n' +
    '            <UseType>NonInteractiveStream</UseType>\n' +
    '          </Usage>\n' +
    '          <TerritoryCode>Worldwide</TerritoryCode>\n' +
    '          <ValidityPeriod>\n' +
    '            <StartDate>2011-10-18</StartDate>\n' +
    '          </ValidityPeriod>\n' +
    '        </DealTerms>\n' +
    '      </Deal>\n' +
    '    </ReleaseDeal>\n' +
    '    <ReleaseDeal DealReference="D4">\n' +
    '      <Deal>\n' +
    '        <DealTerms>\n' +
    '          <CommercialModelType>AdvertisementSupportedModel</CommercialModelType>\n' +
    '          <Usage>\n' +
    '            <UseType>NonInteractiveStream</UseType>\n' +
    '          </Usage>\n' +
    '          <TerritoryCode>Worldwide</TerritoryCode>\n' +
    '          <ValidityPeriod>\n' +
    '            <StartDate>2011-10-18</StartDate>\n' +
    '          </ValidityPeriod>\n' +
    '        </DealTerms>\n' +
    '      </Deal>\n' +
    '    </ReleaseDeal>\n' +
    '    <ReleaseDeal DealReference="D5">\n' +
    '      <Deal>\n' +
    '        <DealTerms>\n' +
    '          <CommercialModelType>PayAsYouGoModel</CommercialModelType>\n' +
    '          <Usage>\n' +
    '            <UseType>PermanentDownload</UseType>\n' +
    '          </Usage>\n' +
    '          <TerritoryCode>Worldwide</TerritoryCode>\n' +
    '          <ValidityPeriod>\n' +
    '            <StartDate>2011-10-18</StartDate>\n' +
    '          </ValidityPeriod>\n' +
    '        </DealTerms>\n' +
    '      </Deal>\n' +
    '    </ReleaseDeal>\n' +
    '  </DealList>\n' +
    '</ern:NewReleaseMessage>\n'
}

 ✓ packages/renderer/src/services/distribution/proprietary-ingestion/MEADService.test.ts (9 tests) 17ms
stdout | packages/renderer/src/services/RevenueService.test.ts > RevenueService (Production Logic) > recordSale should add document to "revenue" collection
[RevenueService] Sale recorded successfully

 ✓ packages/renderer/src/services/RevenueService.test.ts (4 tests) 9ms
 ✓ packages/renderer/src/services/agent/memory/__tests__/CaptainsLogService.test.ts (11 tests) 30ms
stdout | packages/renderer/src/services/video/LensVeoMultimodal.test.ts > Lens 🎥 - Gemini 3 Native Multimodal Pipeline > should inject Gemini 3 temporal analysis into Veo prompt when `firstFrame` is present
[VideoGeneration] 🎬 generateVideo() called: {
  promptPreview: 'A cybernetic cat jumping',
  model: 'veo-3.1-generate-preview',
  duration: 8,
  aspectRatio: undefined,
  hasFirstFrame: true,
  hasLastFrame: false,
  hasReferenceImages: false,
  userId: 'lens-user'
}

stdout | packages/renderer/src/services/video/LensVeoMultimodal.test.ts > Lens 🎥 - Gemini 3 Native Multimodal Pipeline > should inject Gemini 3 temporal analysis into Veo prompt when `firstFrame` is present
[VideoGeneration] 🚀 Calling GenAI.generateVideo() with: {
  model: 'veo-3.1-generate-preview',
  promptLength: 93,
  hasImage: true,
  config: '{"aspectRatio":"16:9","durationSeconds":8}'
}
[MetadataPersistence] ✅ Saved video to users/lens-user/generated_videos/mock-doc-id

stdout | packages/renderer/src/services/video/LensVeoMultimodal.test.ts > Lens 🎥 - Gemini 3 Native Multimodal Pipeline > should bypass temporal analysis if no reference frame is provided
[VideoGeneration] 🎬 generateVideo() called: {
  promptPreview: 'Pure text generation',
  model: 'veo-3.1-generate-preview',
  duration: 8,
  aspectRatio: undefined,
  hasFirstFrame: false,
  hasLastFrame: false,
  hasReferenceImages: false,
  userId: 'lens-user'
}

stdout | packages/renderer/src/services/video/LensVeoMultimodal.test.ts > Lens 🎥 - Gemini 3 Native Multimodal Pipeline > should bypass temporal analysis if no reference frame is provided
[VideoGeneration] 🚀 Calling GenAI.generateVideo() with: {
  model: 'veo-3.1-generate-preview',
  promptLength: 20,
  hasImage: false,
  config: '{"aspectRatio":"16:9","durationSeconds":8}'
}
[MetadataPersistence] ✅ Saved video to users/lens-user/generated_videos/mock-doc-id

 ✓ packages/renderer/src/services/video/LensVeoMultimodal.test.ts (2 tests) 7ms
 ✓ packages/renderer/src/services/agent/evolution/HelixGeminiLoop.test.ts (3 tests) 11ms
 ✓ packages/renderer/src/services/agent/tools/__tests__/MapsTools.test.ts (3 tests) 8ms
stdout | packages/renderer/src/services/video/VideoGenerationService.schema.test.ts > VideoGenerationService - Forge Hardening (Schema & Input) > Input Validation (Schema) > should accept valid inputs
[VideoGeneration] 🎬 generateVideo() called: {
  promptPreview: 'A beautiful sunset',
  model: 'veo-3.1-generate-preview',
  duration: 5,
  aspectRatio: '16:9',
  hasFirstFrame: false,
  hasLastFrame: false,
  hasReferenceImages: false,
  userId: 'test-user'
}

stdout | packages/renderer/src/services/video/VideoGenerationService.schema.test.ts > VideoGenerationService - Forge Hardening (Schema & Input) > Input Validation (Schema) > should accept valid inputs
[VideoGeneration] 🚀 Calling GenAI.generateVideo() with: {
  model: 'veo-3.1-generate-preview',
  promptLength: 18,
  hasImage: false,
  config: '{"aspectRatio":"16:9","resolution":"1080p","durationSeconds":5}'
}
[MetadataPersistence] ✅ Saved video to users/test-user/generated_videos/mock-doc

stdout | packages/renderer/src/services/video/VideoGenerationService.schema.test.ts > VideoGenerationService - Forge Hardening (Schema & Input) > Input Sanitization & Edge Cases > should handle extra fields by stripping them (Zod default behavior) or ignoring them
[VideoGeneration] 🎬 generateVideo() called: {
  promptPreview: 'test',
  model: 'veo-3.1-generate-preview',
  duration: 8,
  aspectRatio: undefined,
  hasFirstFrame: false,
  hasLastFrame: false,
  hasReferenceImages: false,
  userId: 'test-user'
}

stdout | packages/renderer/src/services/video/VideoGenerationService.schema.test.ts > VideoGenerationService - Forge Hardening (Schema & Input) > Input Sanitization & Edge Cases > should handle extra fields by stripping them (Zod default behavior) or ignoring them
[VideoGeneration] 🚀 Calling GenAI.generateVideo() with: {
  model: 'veo-3.1-generate-preview',
  promptLength: 4,
  hasImage: false,
  config: '{"aspectRatio":"16:9","durationSeconds":8}'
}
[MetadataPersistence] ✅ Saved video to users/test-user/generated_videos/mock-doc

 ✓ packages/renderer/src/services/video/VideoGenerationService.schema.test.ts (10 tests) 15ms
 ✓ packages/renderer/src/services/agent/__tests__/IndiiBranding.test.ts (35 tests) 10ms
stdout | packages/main/src/handlers/video.security.test.ts
14:53:04.738 › [AccessControl] Initialized

 ✓ packages/renderer/src/services/revenue/DistributionRevenueService.test.ts (8 tests) 13ms
 ✓ packages/main/src/handlers/video.security.test.ts (5 tests) 13ms
 ✓ packages/main/src/security/AccessControl.test.ts (14 tests) 11ms
 ✓ packages/renderer/src/test/security/firestore-rules.test.ts (10 tests) 3ms
 ✓ packages/renderer/src/utils/security.test.ts (10 tests) 14ms
 ✓ packages/renderer/src/modules/publicist/PublicistAgent.test.ts (3 tests) 5ms
stdout | packages/renderer/src/services/agent/governance/MultiTurnAutorater.test.ts > MultiTurnAutorater > evaluateAndRegister > registers high-quality traces (goalCompletion >= 9, toolEfficiency >= 9, overallPass)
[MultiTurnAutorater] Trace trace-5 (Quality: 9.5/10) registered for fine-tuning (Agent: creative)

 ✓ packages/renderer/src/services/agent/governance/MultiTurnAutorater.test.ts (10 tests) 18ms
 ✓ packages/renderer/src/hooks/useMemoryQuery.test.ts (5 tests) 19ms
 ✓ packages/renderer/src/services/agent/definitions/LicensingAgent.test.ts (5 tests) 5ms
 ✓ packages/renderer/src/services/agent/evolution/HelixGeminiVerification.test.ts (2 tests) 9ms
stdout | packages/renderer/src/services/memory/PersistentMemoryService.test.ts > PersistentMemoryService > Scratchpad Layer > should write and read from scratchpad
[PersistentMemory] Wrote to scratchpad/test-key

 ✓ packages/renderer/src/services/memory/PersistentMemoryService.test.ts (5 tests) 8ms
 ✓ packages/renderer/src/services/agent/specialists/Agents.test.ts (7 tests) 13ms
 ✓ packages/renderer/src/core/store/slices/creativeSlice.test.ts (4 tests) 4ms
 ✓ packages/renderer/src/services/pod/PODCredentialService.test.ts (16 tests) 12ms
stdout | packages/renderer/src/services/ai/__tests__/QA_Streaming.test.ts > Streaming QA > should pass AbortSignal to SDK
[FirebaseAIService] App Check Debug: { DEV: undefined, debugToken: undefined, key: undefined }
[FirebaseAIService] Fallback Mode Initialization: {
  foundKey: true,
  source: 'env.VITE_API_KEY',
  keyPrefix: 'mock-key...'
}
[FirebaseAIService] Initialized with direct Gemini SDK (fallback mode)

stdout | packages/renderer/src/services/ai/__tests__/QA_Streaming.test.ts > Streaming QA > should pass AbortSignal to SDK
[FallbackClient] Model "gemini-3.1-flash-lite" is not available on the Developer API. Using fallback model "gemini-2.5-flash" instead.

stdout | packages/renderer/src/services/ai/__tests__/QA_Streaming.test.ts > Streaming QA > should tolerate chunk errors
[FirebaseAIService] App Check Debug: { DEV: undefined, debugToken: undefined, key: undefined }
[FirebaseAIService] Fallback Mode Initialization: {
  foundKey: true,
  source: 'env.VITE_API_KEY',
  keyPrefix: 'mock-key...'
}
[FirebaseAIService] Initialized with direct Gemini SDK (fallback mode)

stdout | packages/renderer/src/services/ai/__tests__/QA_Streaming.test.ts > Streaming QA > should tolerate chunk errors
[FallbackClient] Model "gemini-3.1-flash-lite" is not available on the Developer API. Using fallback model "gemini-2.5-flash" instead.

stdout | packages/renderer/src/services/ai/__tests__/QA_Streaming.test.ts > Streaming QA > should tolerate chunk errors
CAUGHT CHUNK ERROR Error: Bad
    at Object.text (/Volumes/X SSD 2025/Users/narrowchannel/indiiOS-Clean/packages/renderer/src/services/ai/__tests__/QA_Streaming.test.ts:117:41)
    at Object.start (/Volumes/X SSD 2025/Users/narrowchannel/indiiOS-Clean/packages/renderer/src/services/ai/fallback/FallbackClient.ts:279:70)
    at processTicksAndRejections (node:internal/process/task_queues:104:5)

 ✓ packages/renderer/src/services/ai/__tests__/QA_Streaming.test.ts (2 tests) 16ms
stdout | packages/main/src/handlers/audio_symlink.security.test.ts
14:53:06.422 › [AccessControl] Initialized

stdout | packages/main/src/handlers/audio_symlink.security.test.ts
14:53:06.425 › [AudioHandler] FFmpeg path set to: /Volumes/X SSD 2025/Users/narrowchannel/indiiOS-Clean/node_modules/ffmpeg-static/ffmpeg
14:53:06.425 › [AudioHandler] FFprobe path set to: /Volumes/X SSD 2025/Users/narrowchannel/indiiOS-Clean/node_modules/ffprobe-static/bin/darwin/arm64/ffprobe

stdout | packages/main/src/handlers/audio_symlink.security.test.ts > 🛡️ Shield: Audio IPC Symlink Attack > should DETECT and BLOCK symlinks pointing to system files (/etc/passwd)
14:53:06.429 › Audio analysis requested for: /Users/victim/Music/innocent_song.mp3

stdout | packages/main/src/handlers/audio_symlink.security.test.ts > 🛡️ Shield: Audio IPC Symlink Attack > should ALLOW safe files that are real paths
14:53:06.438 › Audio analysis requested for: /Users/victim/Music/real_song.mp3

stdout | packages/main/src/handlers/audio_symlink.security.test.ts > 🛡️ Shield: Audio IPC Symlink Attack > should ALLOW safe files that are real paths
14:53:06.439 › Analysis Complete. Hash: e3b0c442...

 ✓ packages/main/src/handlers/audio_symlink.security.test.ts (2 tests) 12ms
 ✓ packages/renderer/src/services/MembershipService.quota.test.ts (10 tests) 11ms
 ✓ packages/renderer/src/services/agent/__tests__/AgentRouting.stress.test.ts (31 tests) 15ms
 ✓ packages/renderer/src/services/finance/__tests__/RoyaltyPayoutService.test.ts (10 tests) 5ms
stdout | packages/renderer/src/services/account/DataExportService.test.ts > DataExportService > exportUserData > should export user profile from Firestore
[DataExport] Starting data export for user: uid-test-abc

stdout | packages/renderer/src/services/account/DataExportService.test.ts > DataExportService > exportUserData > should export user profile from Firestore
[DataExport] Found 0 storage files
[DataExport] Export complete for uid-test-abc

stdout | packages/renderer/src/services/account/DataExportService.test.ts > DataExportService > exportUserData > should export subcollection documents
[DataExport] Starting data export for user: uid-test-abc

stdout | packages/renderer/src/services/account/DataExportService.test.ts > DataExportService > exportUserData > should export subcollection documents
[DataExport] Exported 2 docs from releases

stdout | packages/renderer/src/services/account/DataExportService.test.ts > DataExportService > exportUserData > should export subcollection documents
[DataExport] Found 0 storage files
[DataExport] Export complete for uid-test-abc

stdout | packages/renderer/src/services/account/DataExportService.test.ts > DataExportService > exportUserData > should include Storage file URLs
[DataExport] Starting data export for user: uid-test-abc

stdout | packages/renderer/src/services/account/DataExportService.test.ts > DataExportService > exportUserData > should include Storage file URLs
[DataExport] Found 2 storage files
[DataExport] Export complete for uid-test-abc

stdout | packages/renderer/src/services/account/DataExportService.test.ts > DataExportService > exportUserData > should handle restricted Storage files gracefully
[DataExport] Starting data export for user: uid-test-abc

stdout | packages/renderer/src/services/account/DataExportService.test.ts > DataExportService > exportUserData > should handle restricted Storage files gracefully
[DataExport] Found 1 storage files
[DataExport] Export complete for uid-test-abc

stdout | packages/renderer/src/services/account/DataExportService.test.ts > DataExportService > exportUserData > should record errors but not fail completely
[DataExport] Starting data export for user: uid-test-abc

stdout | packages/renderer/src/services/account/DataExportService.test.ts > DataExportService > exportUserData > should record errors but not fail completely
[DataExport] Found 0 storage files
[DataExport] Export completed with errors for uid-test-abc

stdout | packages/renderer/src/services/account/DataExportService.test.ts > DataExportService > exportUserData > should include export metadata
[DataExport] Starting data export for user: uid-test-abc

stdout | packages/renderer/src/services/account/DataExportService.test.ts > DataExportService > exportUserData > should include export metadata
[DataExport] Found 0 storage files
[DataExport] Export complete for uid-test-abc

 ✓ packages/renderer/src/services/account/DataExportService.test.ts (7 tests) 13ms
 ✓ packages/main/src/security.test.ts (18 tests) 21ms
stdout | packages/renderer/src/core/store/slices/profileSlice.test.ts > ProfileSlice Persistence > loadUserProfile should load profile from storage
[Profile] Loading user profile for: test-uid

stdout | packages/renderer/src/core/store/slices/profileSlice.test.ts > ProfileSlice Persistence > loadUserProfile should load profile from storage
[Profile] Loaded profile for: test-uid

stdout | packages/renderer/src/core/store/slices/profileSlice.test.ts > ProfileSlice Persistence > loadUserProfile should use default profile if storage is empty
[Profile] Loading user profile for: test-uid

stdout | packages/renderer/src/core/store/slices/profileSlice.test.ts > ProfileSlice Persistence > loadUserProfile should use default profile if storage is empty
[Profile] No profile found, creating default for: test-uid

 ✓ packages/renderer/src/core/store/slices/profileSlice.test.ts (4 tests) 11ms
stdout | packages/renderer/src/services/marketplace/MarketplaceService.test.ts > MarketplaceService > purchaseProduct > should throw error as payments are disabled
[MarketplaceService] Rolled back inventory for prod-1

 ✓ packages/renderer/src/services/marketplace/MarketplaceService.test.ts (3 tests) 15ms
stdout | packages/renderer/src/services/agent/__tests__/AgentOrchestrator.test.ts > AgentOrchestrator > determineAgent > routes legal queries to LegalAgent
[AgentOrchestrator] Routing: "Draft a split sheet for my new collaboration" -> legal (original: legal, conf: 1)

stdout | packages/renderer/src/services/agent/__tests__/AgentOrchestrator.test.ts > AgentOrchestrator > determineAgent > routes video queries to VideoAgent
[AgentOrchestrator] Routing: "Create a storyboard for the music video" -> video (original: video, conf: 1)

stdout | packages/renderer/src/services/agent/__tests__/AgentOrchestrator.test.ts > AgentOrchestrator > determineAgent > routes music queries to MusicAgent
[AgentOrchestrator] Routing: "Analyze the BPM and key of this track" -> music (original: music, conf: 1)

stdout | packages/renderer/src/services/agent/__tests__/AgentOrchestrator.test.ts > AgentOrchestrator > determineAgent > routes marketing queries to MarketingAgent
[AgentOrchestrator] Routing: "Create a social media campaign for my album release" -> marketing (original: marketing, conf: 1)

stdout | packages/renderer/src/services/agent/__tests__/AgentOrchestrator.test.ts > AgentOrchestrator > determineAgent > falls back to GeneralistAgent for ambiguous queries
[AgentOrchestrator] Routing: "How do I use this app?" -> generalist (original: generalist, conf: 1)

stdout | packages/renderer/src/services/agent/__tests__/AgentOrchestrator.test.ts > AgentOrchestrator > determineAgent > falls back to generalist for invalid agent ID
[AgentOrchestrator] Routing: "Some query" -> generalist (original: invalid_agent_that_does_not_exist, conf: 1)

stdout | packages/renderer/src/services/agent/__tests__/AgentOrchestrator.test.ts > AgentOrchestrator > determineAgent > handles empty response gracefully
[AgentOrchestrator] Routing: "Some query" -> generalist (original: undefined, conf: undefined)

stdout | packages/renderer/src/services/agent/__tests__/AgentOrchestrator.test.ts > AgentOrchestrator > determineAgent > normalizes case in agent ID
[AgentOrchestrator] Routing: "Review this contract" -> legal (original: legal, conf: 1)

stdout | packages/renderer/src/services/agent/__tests__/AgentOrchestrator.test.ts > AgentOrchestrator > determineAgent > trims whitespace from agent ID
[AgentOrchestrator] Routing: "Edit my video" -> video (original: video, conf: 1)

stdout | packages/renderer/src/services/agent/__tests__/AgentOrchestrator.test.ts > AgentOrchestrator > determineAgent > falls back to generalist on low confidence
[AgentOrchestrator] Low confidence (0.5) for legal, falling back to generalist.
[AgentOrchestrator] Routing: "Draft a contract maybe?" -> generalist (original: legal, conf: 0.5)

stdout | packages/renderer/src/services/agent/__tests__/AgentOrchestrator.test.ts > AgentOrchestrator > determineAgent > passes context to AI prompt
[AgentOrchestrator] Routing: "Analyze this" -> music (original: music, conf: 1)

stdout | packages/renderer/src/services/agent/__tests__/AgentOrchestrator.test.ts > AgentOrchestrator > determineAgent > includes user query in AI prompt
[AgentOrchestrator] Routing: "Draft a publishing contract" -> legal (original: legal, conf: 1)

stdout | packages/renderer/src/services/agent/__tests__/AgentOrchestrator.test.ts > AgentOrchestrator > determineAgent > logs routing decision to trace
[AgentOrchestrator] Routing: "Draft a contract" -> legal (original: legal, conf: 0.95)

 ✓ packages/renderer/src/services/agent/__tests__/AgentOrchestrator.test.ts (14 tests) 18ms
 ✓ packages/renderer/src/services/video/VeoPayloadValidation.test.ts (3 tests) 16ms
stdout | packages/main/src/handlers/distribution_transmit.security.test.ts > Distribution Security - Argument Leakage > does not pass password as argument and it is not in logs
14:53:07.259 › [PythonBridge] Executing: python3 /Volumes/X SSD 2025/Users/narrowchannel/indiiOS-Clean/execution/distribution/sftp_uploader.py --host localhost --user testuser --local test.xml

 ✓ packages/main/src/handlers/distribution_transmit.security.test.ts (1 test) 8ms
 ✓ packages/renderer/src/services/agent/evolution/HelixEvolutionaryLoop.test.ts (7 tests) 8ms
 ✓ packages/renderer/src/services/dashboard/DashboardService.test.ts (7 tests) 33ms
 ✓ packages/renderer/src/services/agent/memory/AlwaysOnMemoryEngine.test.ts (12 tests) 12ms
 ✓ packages/renderer/src/services/social/SocialService.integration.test.ts (4 tests) 7ms
stdout | packages/renderer/src/services/agent/tools/__tests__/AgentTools.test.ts > Agent Tools Validation > MarketingTools > create_campaign_brief handles valid JSON response
[MarketingTools] Campaign brief persisted: Test Campaign

 ✓ packages/renderer/src/services/agent/tools/__tests__/AgentTools.test.ts (4 tests) 12ms
stdout | packages/main/src/handlers/sftp_security.test.ts
14:53:07.889 › [AccessControl] Initialized

 ✓ packages/main/src/handlers/sftp_security.test.ts (5 tests) 16ms
stdout | packages/renderer/src/services/finance/ReceiptOCRService.test.ts > ReceiptOCRService > processReceipt > should successfully extract data from a valid receipt image
[ReceiptOCR] Successfully extracted data: {
  amount: 150.5,
  currency: 'USD',
  vendor: 'Home Depot',
  date: '2023-10-25',
  category: 'equipment',
  confidence: 0.95
}

 ✓ packages/renderer/src/services/finance/ReceiptOCRService.test.ts (3 tests) 10ms
 ✓ packages/renderer/src/services/onboarding/__tests__/DistributorContext.test.ts (28 tests) 9ms
 ✓ packages/main/src/handlers/auth.handoff.test.ts (5 tests) 33ms
 ✓ packages/renderer/src/services/video/VeoTimeout.test.ts (4 tests) 13ms
 ✓ packages/firebase/src/functions/api/__tests__/router.test.ts (20 tests) 8ms
stdout | packages/renderer/src/services/agent/governance/VisualOutputAutorater.test.ts > VisualOutputAutorater > logAuditRecord > writes audit record to Firestore when user is authenticated
[VisualOutputAutorater] Audit logged: trace=trace-vis-001, passed=true, attempt=1, subject=9, scene=9

stdout | packages/renderer/src/services/agent/governance/VisualOutputAutorater.test.ts > VisualOutputAutorater > logAuditRecord > logs null score when score is null
[VisualOutputAutorater] Audit logged: trace=trace-vis-001, passed=false, attempt=1, subject=N/A, scene=N/A

 ✓ packages/renderer/src/services/agent/governance/VisualOutputAutorater.test.ts (24 tests) 14ms
stdout | packages/renderer/src/services/blockchain/SmartContractService.test.ts > SmartContractService > should deploy a split contract and return an address
[SmartContract] Deploying Split Contract for ISRC: US-XYZ-26-00001...

stdout | packages/renderer/src/services/blockchain/SmartContractService.test.ts > SmartContractService > should deploy a split contract and return an address
[Blockchain Ledger] New Block: 68baac4bb7eebad7... | SPLIT_EXECUTION | US-XYZ-26-00001

stdout | packages/renderer/src/services/blockchain/SmartContractService.test.ts > SmartContractService > should throw error for invalid split percentages
[SmartContract] Deploying Split Contract for ISRC: US-FAIL...

stdout | packages/renderer/src/services/blockchain/SmartContractService.test.ts > SmartContractService > should record transactions to the immutable ledger
[SmartContract] Deploying Split Contract for ISRC: US-LEDGER-TEST...

stdout | packages/renderer/src/services/blockchain/SmartContractService.test.ts > SmartContractService > should record transactions to the immutable ledger
[Blockchain Ledger] New Block: d577ae8ee81ccbaf... | SPLIT_EXECUTION | US-LEDGER-TEST

stdout | packages/renderer/src/services/blockchain/SmartContractService.test.ts > SmartContractService > should mint tokens (SongShares)
[SmartContract] Minting 100 SongShares for US-TOKEN...

stdout | packages/renderer/src/services/blockchain/SmartContractService.test.ts > SmartContractService > should mint tokens (SongShares)
[Blockchain Ledger] New Block: fb0df07bc5de7939... | TOKEN_MINT | US-TOKEN

 ✓ packages/renderer/src/services/blockchain/SmartContractService.test.ts (4 tests) 14ms
 ✓ packages/main/src/handlers/distribution_redaction.security.test.ts (5 tests) 6ms
stdout | packages/renderer/src/services/MembershipService.ledger_alerts.test.ts > MembershipService (Ledger Alerts) > 💸 "High Usage Injection": Triggers Stop Switch when Token Usage spikes

💸 [Ledger] Starting "High Usage" Simulation...

stdout | packages/renderer/src/services/MembershipService.ledger_alerts.test.ts > MembershipService (Ledger Alerts) > 💸 "High Usage Injection": Triggers Stop Switch when Token Usage spikes
   ✅ Initial Status: Green Light (Budget: $1.00)
   💸 Injecting "Deep Think" Cost: $0.98...

stdout | packages/renderer/src/services/MembershipService.ledger_alerts.test.ts > MembershipService (Ledger Alerts) > 💸 "High Usage Injection": Triggers Stop Switch when Token Usage spikes
   ✅ Wallet Updated: Spent $0.98
   💸 Attempting followup task (Cost: $0.05)...

stdout | packages/renderer/src/services/MembershipService.ledger_alerts.test.ts > MembershipService (Ledger Alerts) > 💸 "High Usage Injection": Triggers Stop Switch when Token Usage spikes
   🛑 STOP SWITCH ACTIVATED! Remaining: $0.02
   ✅ Test Passed: Ledger successfully blocked debt.

stdout | packages/renderer/src/services/MembershipService.ledger_alerts.test.ts > MembershipService (Ledger Alerts) > 💸 "Budget Alert": Detects "Near Limit" state correctly
   ⚠️ BUDGET ALERT: Low Funds! Only $0.10 left.

 ✓ packages/renderer/src/services/MembershipService.ledger_alerts.test.ts (2 tests) 4ms
 ✓ packages/renderer/src/services/video/LensVeoCompliance.test.ts (6 tests) 12ms
 ✓ packages/renderer/src/services/agent/evolution/HelixInbreeding.test.ts (4 tests) 8ms
 ✓ packages/renderer/src/services/agent/governance/__tests__/MultiTurnAutorater.test.ts (3 tests) 14ms
stdout | packages/renderer/src/services/security/FraudDetectionService.test.ts > FraudDetectionService > Broad Spectrum ACR > should flag "sped up" / nightcore content
[FraudDetection] Running Broad Spectrum analysis...

stdout | packages/renderer/src/services/security/FraudDetectionService.test.ts > FraudDetectionService > Broad Spectrum ACR > should flag "slowed" content
[FraudDetection] Running Broad Spectrum analysis...

stdout | packages/renderer/src/services/security/FraudDetectionService.test.ts > FraudDetectionService > Broad Spectrum ACR > should pass standard files
[FraudDetection] Running Broad Spectrum analysis...

 ✓ packages/renderer/src/services/security/FraudDetectionService.test.ts (5 tests) 9ms
 ✓ packages/renderer/src/services/agent/evolution/HelixGeminiRealMutation.test.ts (1 test) 8ms
 ✓ packages/renderer/src/services/agent/__tests__/AgentDelegation.test.ts (33 tests) 5ms
 ✓ packages/renderer/src/services/distribution/proprietary-ingestion/DDEX_YouTube_Integration.test.ts (1 test) 10ms
stdout | packages/renderer/src/services/account/AccountDeletionService.test.ts > AccountDeletionService > successful deletion > returns success when all operations succeed with no data
[AccountDeletion] Starting account deletion for user: user-123 (test@example.com)

stdout | packages/renderer/src/services/account/AccountDeletionService.test.ts > AccountDeletionService > successful deletion > returns success when all operations succeed with no data
[AccountDeletion] Deleted 0 storage files

stdout | packages/renderer/src/services/account/AccountDeletionService.test.ts > AccountDeletionService > successful deletion > returns success when all operations succeed with no data
[AccountDeletion] Firebase Auth account deleted
[AccountDeletion] Deletion complete for user-123

stdout | packages/renderer/src/services/account/AccountDeletionService.test.ts > AccountDeletionService > successful deletion > writes an audit log before deletion
[AccountDeletion] Starting account deletion for user: user-123 (test@example.com)

stdout | packages/renderer/src/services/account/AccountDeletionService.test.ts > AccountDeletionService > successful deletion > writes an audit log before deletion
[AccountDeletion] Deleted 0 storage files

stdout | packages/renderer/src/services/account/AccountDeletionService.test.ts > AccountDeletionService > successful deletion > writes an audit log before deletion
[AccountDeletion] Firebase Auth account deleted
[AccountDeletion] Deletion complete for user-123

stdout | packages/renderer/src/services/account/AccountDeletionService.test.ts > AccountDeletionService > successful deletion > lists expected pending external actions
[AccountDeletion] Starting account deletion for user: user-123 (test@example.com)

stdout | packages/renderer/src/services/account/AccountDeletionService.test.ts > AccountDeletionService > successful deletion > lists expected pending external actions
[AccountDeletion] Deleted 0 storage files

stdout | packages/renderer/src/services/account/AccountDeletionService.test.ts > AccountDeletionService > successful deletion > lists expected pending external actions
[AccountDeletion] Firebase Auth account deleted
[AccountDeletion] Deletion complete for user-123

stdout | packages/renderer/src/services/account/AccountDeletionService.test.ts > AccountDeletionService > partial failures > continues deletion when audit log fails
[AccountDeletion] Starting account deletion for user: user-123 (test@example.com)

stdout | packages/renderer/src/services/account/AccountDeletionService.test.ts > AccountDeletionService > partial failures > continues deletion when audit log fails
[AccountDeletion] Deleted 0 storage files

stdout | packages/renderer/src/services/account/AccountDeletionService.test.ts > AccountDeletionService > partial failures > continues deletion when audit log fails
[AccountDeletion] Firebase Auth account deleted
[AccountDeletion] Deletion complete for user-123

stdout | packages/renderer/src/services/account/AccountDeletionService.test.ts > AccountDeletionService > partial failures > records errors when subcollection deletion fails
[AccountDeletion] Starting account deletion for user: user-123 (test@example.com)

stdout | packages/renderer/src/services/account/AccountDeletionService.test.ts > AccountDeletionService > partial failures > records errors when subcollection deletion fails
[AccountDeletion] Deleted 0 storage files

stdout | packages/renderer/src/services/account/AccountDeletionService.test.ts > AccountDeletionService > partial failures > records errors when subcollection deletion fails
[AccountDeletion] Firebase Auth account deleted
[AccountDeletion] Deletion completed with errors for user-123

stdout | packages/renderer/src/services/account/AccountDeletionService.test.ts > AccountDeletionService > partial failures > reports error when user is not signed in for auth deletion
[AccountDeletion] Starting account deletion for user: user-123 (test@example.com)

stdout | packages/renderer/src/services/account/AccountDeletionService.test.ts > AccountDeletionService > partial failures > reports error when user is not signed in for auth deletion
[AccountDeletion] Deleted 0 storage files
[AccountDeletion] Deletion completed with errors for user-123

stdout | packages/renderer/src/services/account/AccountDeletionService.test.ts > AccountDeletionService > partial failures > reports error when signed-in user UID does not match
[AccountDeletion] Starting account deletion for user: user-123 (test@example.com)

stdout | packages/renderer/src/services/account/AccountDeletionService.test.ts > AccountDeletionService > partial failures > reports error when signed-in user UID does not match
[AccountDeletion] Deleted 0 storage files
[AccountDeletion] Deletion completed with errors for user-123

stdout | packages/renderer/src/services/account/AccountDeletionService.test.ts > AccountDeletionService > result structure > returns proper DeletionResult interface
[AccountDeletion] Starting account deletion for user: user-123 (test@example.com)

stdout | packages/renderer/src/services/account/AccountDeletionService.test.ts > AccountDeletionService > result structure > returns proper DeletionResult interface
[AccountDeletion] Deleted 0 storage files

stdout | packages/renderer/src/services/account/AccountDeletionService.test.ts > AccountDeletionService > result structure > returns proper DeletionResult interface
[AccountDeletion] Firebase Auth account deleted
[AccountDeletion] Deletion complete for user-123

 ✓ packages/renderer/src/services/account/AccountDeletionService.test.ts (8 tests) 10ms
 ✓ packages/main/src/utils/ipc-security.test.ts (9 tests) 9ms
 ✓ packages/renderer/src/services/agent/evolution/HelixGodMode.test.ts (3 tests) 7ms
 ✓ packages/renderer/src/services/video/LensVeoSubscriptionRace.test.ts (4 tests) 9ms
 ✓ packages/renderer/src/services/agent/__tests__/AgentCollaboration.stress.test.ts (15 tests) 8ms
 ✓ packages/renderer/src/services/ai/utils/InputSanitizer.test.ts (13 tests) 65ms
 ✓ packages/renderer/src/services/agent/__tests__/fine-tuned-models.test.ts (5 tests) 8ms
stdout | packages/renderer/src/services/distribution/__tests__/ISRCService.test.ts > ISRCService > should record a new ISRC assignment
[ISRC] Recorded assignment for US-XXX-24-00001

 ✓ packages/renderer/src/services/distribution/__tests__/ISRCService.test.ts (4 tests) 7ms
 ✓ packages/renderer/src/services/agent/evolution/HelixDoomsday.test.ts (3 tests) 11ms
 ✓ packages/renderer/src/core/store/slices/__tests__/analyticsSlice.test.ts (28 tests) 5ms
 ✓ packages/renderer/src/services/agent/evolution/HelixGeneLoss.test.ts (2 tests) 12ms
 ✓ packages/renderer/src/services/agent/tools/__tests__/DirectorTools.test.ts (19 tests) 25ms
 ✓ packages/renderer/src/services/subscription/__tests__/SubscriptionService.test.ts (11 tests) 22ms
 ✓ packages/renderer/src/services/agent/SessionService.test.ts (4 tests) 10ms
 ✓ packages/renderer/src/services/distribution/DeliveryServiceIntegration.test.ts (2 tests) 8ms
 ✓ packages/renderer/src/services/ai/billing/TokenUsageService.test.ts (5 tests) 9ms
 ✓ packages/renderer/src/services/agent/tools/__tests__/StorageTools.test.ts (9 tests) 49ms
stdout | packages/main/src/services/IndiiRemoteService.test.ts > IndiiRemoteService > startup validation > should fail closed when starting without a password
[IndiiRemoteService] Shutting down remote service...

stdout | packages/main/src/services/IndiiRemoteService.test.ts > IndiiRemoteService > startup validation > should fail closed when starting without a password
[IndiiRemoteService] Shutdown complete.

stdout | packages/main/src/services/IndiiRemoteService.test.ts > IndiiRemoteService > startup validation > should fail closed when starting with an empty password
[IndiiRemoteService] Shutting down remote service...

stdout | packages/main/src/services/IndiiRemoteService.test.ts > IndiiRemoteService > startup validation > should fail closed when starting with an empty password
[IndiiRemoteService] Shutdown complete.

stdout | packages/main/src/services/IndiiRemoteService.test.ts > IndiiRemoteService > concurrent startups > should implement a mutex to prevent multiple concurrent _doStart calls
[IndiiRemoteService] Shutting down remote service...

stdout | packages/main/src/services/IndiiRemoteService.test.ts > IndiiRemoteService > concurrent startups > should implement a mutex to prevent multiple concurrent _doStart calls
[IndiiRemoteService] Shutdown complete.

stdout | packages/main/src/services/IndiiRemoteService.test.ts > IndiiRemoteService > concurrent startups > should implement a mutex to prevent multiple concurrent _doStart calls
[IndiiRemoteService] Starting background infrastructure...
[IndiiRemoteService] Startup already in progress, waiting...
[IndiiRemoteService] Local server listening on http://127.0.0.1:3333

stdout | packages/main/src/services/IndiiRemoteService.test.ts > IndiiRemoteService > successful start > should start successfully with a valid password
[IndiiRemoteService] Shutting down remote service...

stdout | packages/main/src/services/IndiiRemoteService.test.ts > IndiiRemoteService > successful start > should start successfully with a valid password
[IndiiRemoteService] Shutdown complete.

stdout | packages/main/src/services/IndiiRemoteService.test.ts > IndiiRemoteService > successful start > should start successfully with a valid password
[IndiiRemoteService] Starting background infrastructure...

stdout | packages/main/src/services/IndiiRemoteService.test.ts > IndiiRemoteService > successful start > should start successfully with a valid password
[IndiiRemoteService] Local server listening on http://127.0.0.1:3333

stdout | packages/main/src/services/IndiiRemoteService.test.ts > IndiiRemoteService > successful start > should return existing url if already running
[IndiiRemoteService] Shutting down remote service...

stdout | packages/main/src/services/IndiiRemoteService.test.ts > IndiiRemoteService > successful start > should return existing url if already running
[IndiiRemoteService] Shutdown complete.

stdout | packages/main/src/services/IndiiRemoteService.test.ts > IndiiRemoteService > successful start > should return existing url if already running
[IndiiRemoteService] Starting background infrastructure...

stdout | packages/main/src/services/IndiiRemoteService.test.ts > IndiiRemoteService > successful start > should return existing url if already running
[IndiiRemoteService] Local server listening on http://127.0.0.1:3333

stdout | packages/main/src/services/IndiiRemoteService.test.ts > IndiiRemoteService > successful start > should return existing url if already running
[IndiiRemoteService] Already running at: http://127.0.0.1:3333

 ✓ packages/main/src/services/IndiiRemoteService.test.ts (5 tests) 19ms
 ✓ packages/renderer/src/services/agent/evolution/HelixSafetyFilter.test.ts (1 test) 9ms
 ✓ packages/renderer/src/core/store/slices/agentSlice.agents.test.ts (3 tests) 4ms
 ✓ packages/renderer/src/services/onboarding/onboardingService.test.ts (9 tests) 11ms
 ✓ packages/renderer/src/core/store/slices/__tests__/appSlice.test.ts (4 tests) 4ms
stdout | packages/renderer/src/services/image/__tests__/ImageGenerationService.test.ts > ImageGenerationService > generateImages > should generate images with basic options
[ImageGen DEBUG] Entering generateImages { prompt: 'A test image', count: 1 }

stdout | packages/renderer/src/services/image/__tests__/ImageGenerationService.test.ts > ImageGenerationService > generateImages > should generate images with basic options
[ImageGen] Auth token refreshed successfully.

stdout | packages/renderer/src/services/image/__tests__/ImageGenerationService.test.ts > ImageGenerationService > generateImages > should generate images with basic options
[ImageGen DEBUG] Quota check result: { allowed: true }
[ImageGen DEBUG] Calling generateImageV3
[ImageGen DEBUG] Full payload: {
  model: 'fast',
  aspectRatio: '1:1',
  imageSize: undefined,
  hasImages: false,
  hasThinking: false,
  hasGrounding: false,
  hasHistory: false
}

stdout | packages/renderer/src/services/image/__tests__/ImageGenerationService.test.ts > ImageGenerationService > generateImages > should generate images with basic options
[ImageGen DEBUG] generateImageV3 returned: { data: { images: [ [Object] ] } }

stdout | packages/renderer/src/services/image/__tests__/ImageGenerationService.test.ts > ImageGenerationService > generateImages > should generate images with basic options
[MetadataPersistence] ✅ Saved image to users/test-user/generated_images/mock-doc-id

stdout | packages/renderer/src/services/image/__tests__/ImageGenerationService.test.ts > ImageGenerationService > generateImages > should handle distributor-aware cover art generation
[ImageGen DEBUG] Entering generateImages {
  prompt: 'My album cover',
  isCoverArt: true,
  userProfile: { distributor: 'tune-core', distributionMethod: 'aggregator' }
}

stdout | packages/renderer/src/services/image/__tests__/ImageGenerationService.test.ts > ImageGenerationService > generateImages > should handle distributor-aware cover art generation
[ImageGen] Auth token refreshed successfully.

stdout | packages/renderer/src/services/image/__tests__/ImageGenerationService.test.ts > ImageGenerationService > generateImages > should handle distributor-aware cover art generation
[ImageGen DEBUG] Quota check result: { allowed: true }
[ImageGen DEBUG] Calling generateImageV3
[ImageGen DEBUG] Full payload: {
  model: 'fast',
  aspectRatio: '1:1',
  imageSize: undefined,
  hasImages: false,
  hasThinking: false,
  hasGrounding: false,
  hasHistory: false
}

stdout | packages/renderer/src/services/image/__tests__/ImageGenerationService.test.ts > ImageGenerationService > generateImages > should handle distributor-aware cover art generation
[ImageGen DEBUG] generateImageV3 returned: { data: { images: [ [Object] ] } }

stdout | packages/renderer/src/services/image/__tests__/ImageGenerationService.test.ts > ImageGenerationService > generateImages > should handle distributor-aware cover art generation
[MetadataPersistence] ✅ Saved image to users/test-user/generated_images/mock-doc-id

stdout | packages/renderer/src/services/image/__tests__/ImageGenerationService.test.ts > ImageGenerationService > generateImages > should handle image uploads (reference images)
[ImageGen DEBUG] Entering generateImages {
  prompt: 'Edit this image',
  sourceImages: [ { mimeType: 'image/jpeg', data: 'refdata' } ]
}

stdout | packages/renderer/src/services/image/__tests__/ImageGenerationService.test.ts > ImageGenerationService > generateImages > should handle image uploads (reference images)
[ImageGen] Auth token refreshed successfully.

stdout | packages/renderer/src/services/image/__tests__/ImageGenerationService.test.ts > ImageGenerationService > generateImages > should handle image uploads (reference images)
[ImageGen DEBUG] Quota check result: { allowed: true }
[ImageGen DEBUG] Calling generateImageV3
[ImageGen DEBUG] Full payload: {
  model: 'fast',
  aspectRatio: '1:1',
  imageSize: undefined,
  hasImages: true,
  hasThinking: false,
  hasGrounding: false,
  hasHistory: false
}

stdout | packages/renderer/src/services/image/__tests__/ImageGenerationService.test.ts > ImageGenerationService > generateImages > should handle image uploads (reference images)
[ImageGen DEBUG] generateImageV3 returned: { data: { images: [ [Object] ] } }

stdout | packages/renderer/src/services/image/__tests__/ImageGenerationService.test.ts > ImageGenerationService > generateImages > should handle image uploads (reference images)
[MetadataPersistence] ✅ Saved image to users/test-user/generated_images/mock-doc-id

stdout | packages/renderer/src/services/image/__tests__/ImageGenerationService.test.ts > ImageGenerationService > generateImages > should return empty array when no candidates
[ImageGen DEBUG] Entering generateImages { prompt: 'A test image' }

stdout | packages/renderer/src/services/image/__tests__/ImageGenerationService.test.ts > ImageGenerationService > generateImages > should return empty array when no candidates
[ImageGen] Auth token refreshed successfully.

stdout | packages/renderer/src/services/image/__tests__/ImageGenerationService.test.ts > ImageGenerationService > generateImages > should return empty array when no candidates
[ImageGen DEBUG] Quota check result: { allowed: true }
[ImageGen DEBUG] Calling generateImageV3
[ImageGen DEBUG] Full payload: {
  model: 'fast',
  aspectRatio: '1:1',
  imageSize: undefined,
  hasImages: false,
  hasThinking: false,
  hasGrounding: false,
  hasHistory: false
}

stdout | packages/renderer/src/services/image/__tests__/ImageGenerationService.test.ts > ImageGenerationService > generateImages > should return empty array when no candidates
[ImageGen DEBUG] generateImageV3 returned: { data: { images: [] } }

stdout | packages/renderer/src/services/image/__tests__/ImageGenerationService.test.ts > ImageGenerationService > generateImages > should return fallback or empty on generation failure
[ImageGen DEBUG] Entering generateImages { prompt: 'A test image' }

stdout | packages/renderer/src/services/image/__tests__/ImageGenerationService.test.ts > ImageGenerationService > generateImages > should return fallback or empty on generation failure
[ImageGen] Auth token refreshed successfully.

stdout | packages/renderer/src/services/image/__tests__/ImageGenerationService.test.ts > ImageGenerationService > generateImages > should return fallback or empty on generation failure
[ImageGen DEBUG] Quota check result: { allowed: true }
[ImageGen DEBUG] Calling generateImageV3
[ImageGen DEBUG] Full payload: {
  model: 'fast',
  aspectRatio: '1:1',
  imageSize: undefined,
  hasImages: false,
  hasThinking: false,
  hasGrounding: false,
  hasHistory: false
}

stdout | packages/renderer/src/services/image/__tests__/ImageGenerationService.test.ts > ImageGenerationService > generateCoverArt > should generate cover art with distributor constraints
[ImageGen DEBUG] Entering generateImages {
  prompt: 'My Album Cover',
  userProfile: { distributor: 'distribute', distributionMethod: 'aggregator' },
  isCoverArt: true,
  aspectRatio: '1:1'
}

stdout | packages/renderer/src/services/image/__tests__/ImageGenerationService.test.ts > ImageGenerationService > generateCoverArt > should generate cover art with distributor constraints
[ImageGen] Auth token refreshed successfully.

stdout | packages/renderer/src/services/image/__tests__/ImageGenerationService.test.ts > ImageGenerationService > generateCoverArt > should generate cover art with distributor constraints
[ImageGen DEBUG] Quota check result: { allowed: true }
[ImageGen DEBUG] Calling generateImageV3
[ImageGen DEBUG] Full payload: {
  model: 'fast',
  aspectRatio: '1:1',
  imageSize: undefined,
  hasImages: false,
  hasThinking: false,
  hasGrounding: false,
  hasHistory: false
}

stdout | packages/renderer/src/services/image/__tests__/ImageGenerationService.test.ts > ImageGenerationService > generateCoverArt > should generate cover art with distributor constraints
[ImageGen DEBUG] generateImageV3 returned: { data: { images: [ [Object] ] } }

stdout | packages/renderer/src/services/image/__tests__/ImageGenerationService.test.ts > ImageGenerationService > generateCoverArt > should generate cover art with distributor constraints
[MetadataPersistence] ✅ Saved image to users/test-user/generated_images/mock-doc-id

stdout | packages/renderer/src/services/image/__tests__/ImageGenerationService.test.ts > ImageGenerationService > remixImage > should remix images with style reference via Direct SDK
[ImageGen] remixImage: using Direct SDK path { hasContent: true, hasStyle: true, promptSnippet: 'Apply this style' }

 ✓ packages/renderer/src/services/agent/evolution/HelixSanity.test.ts (1 test) 10ms
 ✓ packages/renderer/src/services/image/__tests__/ImageGenerationService.test.ts (9 tests) 17ms
 ✓ packages/renderer/src/modules/video/schemas.test.ts (7 tests) 15ms
 ✓ packages/renderer/src/services/agent/evolution/HelixGeminiThinking.test.ts (3 tests) 7ms
 ✓ packages/renderer/src/services/agent/tools/__tests__/KnowledgeTools.test.ts (2 tests) 3ms
 ✓ packages/renderer/src/services/distribution/DeliveryService.test.ts (2 tests) 6ms
 ✓ packages/main/src/handlers/video_render.security.test.ts (4 tests) 14ms
stdout | packages/renderer/src/services/agent/AgentService.torture.test.ts > 🛡️ Shield: Agent Torture Test > 🛡️ Jailbreak Resistance: Agent receives the jailbreak prompt but execution is sandboxed
[AgentService] sendMessage routing: { isBoardroomMode: false }

stdout | packages/renderer/src/services/agent/AgentService.torture.test.ts > 🛡️ Shield: Agent Torture Test > 🛡️ Jailbreak Resistance: Agent receives the jailbreak prompt but execution is sandboxed
[AgentService] Orchestration Path: single { reasoning: 'Forced by user' }

 ✓ packages/renderer/src/services/agent/AgentService.torture.test.ts (2 tests) 9ms
 ✓ packages/renderer/src/services/dashboard/DashboardService.sales.test.ts (5 tests) 8ms
stdout | packages/renderer/src/services/subscription/SubscriptionService.token_circuit_breaker.test.ts > SubscriptionService (Token Circuit Breaker) > 💸 "Token Circuit Breaker": Detects sudden high token usage and immediately blocks next request
💸 [Ledger] Initial Check. Used: 0/10000

stdout | packages/renderer/src/services/subscription/SubscriptionService.token_circuit_breaker.test.ts > SubscriptionService (Token Circuit Breaker) > 💸 "Token Circuit Breaker": Detects sudden high token usage and immediately blocks next request
💸 [Ledger] Injecting FAKE HIGH USAGE spike...
💸 [Ledger] Post-Spike Check. Used: 12000/10000

stdout | packages/renderer/src/services/subscription/SubscriptionService.token_circuit_breaker.test.ts > SubscriptionService (Token Circuit Breaker) > 💸 "Token Circuit Breaker": Detects sudden high token usage and immediately blocks next request
   🛑 STOP SWITCH ACTIVATED! Reason: AI chat token quota exceeded. Upgrade to continue using AI chat.

 ✓ packages/renderer/src/services/subscription/SubscriptionService.token_circuit_breaker.test.ts (1 test) 3ms
 ✓ packages/firebase/src/__tests__/url_replacement.test.ts (7 tests) 4ms
 ✓ packages/renderer/src/services/agent/tools/__tests__/FinanceTools.integration.test.ts (4 tests) 18ms
 ✓ packages/renderer/src/services/video/LensVeoFlashProRace.test.ts (3 tests) 8ms
stdout | packages/renderer/src/services/MembershipService.ledger_transaction.test.ts > MembershipService (Ledger Transaction Integrity) > 💸 "The Standard Transaction": Verifies correct credit deduction flow
   ✅ Transaction Verified: $0.2 deducted from wallet.

stdout | packages/renderer/src/services/MembershipService.ledger_transaction.test.ts > MembershipService (Ledger Transaction Integrity) > 💸 "The Hard Limit Rejection": Aborts transaction when funds are insufficient
   🛑 Transaction Aborted: Insufficient funds.

stdout | packages/renderer/src/services/MembershipService.ledger_transaction.test.ts > MembershipService (Ledger Transaction Integrity) > 💸 "Fake High Usage Injection": Triggers Stop Switch immediately
   🛑 Stop Switch Triggered: Detected High Usage (999999).

 ✓ packages/renderer/src/services/MembershipService.ledger_transaction.test.ts (3 tests) 16ms
stdout | packages/firebase/src/__tests__/image_gen.test.ts > Image and Content Generation Functions > generateImageV3 > should call @google/genai SDK with correct parameters
[GeminiImageService:generate] Tier: fast | Model: gemini-3.1-flash-image | Prompt: "a beautiful cat..."
[GeminiImageService] Initializing Google Gen AI Client (API_KEY: mock...)
[GeminiImageService:generate] Config: {"model":"gemini-3.1-flash-image","responseModalities":["IMAGE"],"hasImageConfig":true,"hasThinkingConfig":false,"hasTools":false,"contentsTurns":1,"refImageCount":0}

stdout | packages/firebase/src/__tests__/image_gen.test.ts > Image and Content Generation Functions > editImage > should construct multimodal parts correctly
[GeminiImageService:edit] Model: gemini-3.1-pro-image | Prompt: "add a hat..."

 ✓ packages/firebase/src/__tests__/image_gen.test.ts (3 tests) 8ms
 ✓ packages/renderer/src/services/licensing/LicensingService.test.ts (4 tests) 6ms
 ✓ packages/renderer/src/services/MembershipService.test.ts (25 tests) 11ms
 ✓ packages/renderer/src/services/agent/evolution/HelixGemini3Pro.test.ts (2 tests) 16ms
 ✓ packages/renderer/src/services/observability/RealUserMonitoringService.test.ts (11 tests) 5ms
 ✓ packages/renderer/src/services/video/LensVeoAssetIntegrity.test.ts (4 tests) 11ms
stdout | packages/renderer/src/services/agent/WorkflowStateService.test.ts > WorkflowStateService > createExecution > should create a new execution with all steps as planned
[WorkflowState] Created execution test-execution-id for workflow 'CAMPAIGN_LAUNCH' with 3 steps and 0 edges

stdout | packages/renderer/src/services/agent/WorkflowStateService.test.ts > WorkflowStateService > advanceStep > should mark the workflow as completed when all steps are done
[WorkflowState] Execution exec-2 fully completed

stdout | packages/renderer/src/services/agent/WorkflowStateService.test.ts > WorkflowStateService > cancelExecution > should cancel the execution and all non-terminal steps
[WorkflowState] Execution exec-4 cancelled

 ✓ packages/renderer/src/services/agent/WorkflowStateService.test.ts (6 tests) 8ms
 ✓ packages/renderer/src/services/touring/TouringService.test.ts (3 tests) 7ms
 ✓ packages/renderer/src/services/agent/evolution/HelixFitnessStability.test.ts (4 tests) 5ms
stdout | packages/renderer/src/services/subscription/__tests__/LedgerQuota.test.ts > Ledger's "Circuit Breaker" Test 💸 > should halt execution EXACTLY when the hard limit is breached
Ledger Report: Paid for 10 loops. Circuit breaker tripped: true

 ✓ packages/renderer/src/services/subscription/__tests__/LedgerQuota.test.ts (1 test) 9ms
stdout | packages/renderer/src/services/agent/tools/EditDocumentWithAnnotationsTool.test.ts > EditDocumentWithAnnotationsTool > should successfully execute and format the spatial prompt
[EditDocumentWithAnnotationsTool] Executing document edit: {
  documentId: 'doc-123',
  globalInstruction: 'Make it sound professional',
  annotations: [
    {
      pageNumber: 1,
      type: 'highlight',
      x: 10,
      y: 20,
      width: 100,
      height: 50,
      color: 'yellow',
      content: 'Rewrite this'
    },
    {
      pageNumber: 2,
      type: 'sticky_note',
      x: 50,
      y: 60,
      color: 'blue',
      content: 'Add a summary here'
    }
  ]
}

stdout | packages/renderer/src/services/agent/tools/EditDocumentWithAnnotationsTool.test.ts > EditDocumentWithAnnotationsTool > should execute without optional global instruction and content
[EditDocumentWithAnnotationsTool] Executing document edit: {
  documentId: 'doc-456',
  annotations: [
    {
      pageNumber: 1,
      type: 'highlight',
      x: 10,
      y: 20,
      width: 100,
      height: 50,
      color: 'yellow'
    }
  ]
}

 ✓ packages/renderer/src/services/agent/tools/EditDocumentWithAnnotationsTool.test.ts (3 tests) 5ms
stdout | packages/renderer/src/services/video/VideoGenerationService.integration.test.ts > VideoGenerationService Integration > generateVideo accepts valid options
[VideoGeneration] 🎬 generateVideo() called: {
  promptPreview: 'A cyberpunk city at night',
  model: 'veo-3.1-generate-preview',
  duration: 5,
  aspectRatio: '16:9',
  hasFirstFrame: false,
  hasLastFrame: false,
  hasReferenceImages: false,
  userId: 'user-123'
}

stdout | packages/renderer/src/services/video/VideoGenerationService.integration.test.ts > VideoGenerationService Integration > generateVideo accepts valid options
[VideoGeneration] 🚀 Calling GenAI.generateVideo() with: {
  model: 'veo-3.1-generate-preview',
  promptLength: 62,
  hasImage: false,
  config: '{"aspectRatio":"16:9","resolution":"1080p","durationSeconds":5}'
}
[MetadataPersistence] ✅ Saved video to users/user-123/generated_videos/mock-doc-id

 ✓ packages/renderer/src/services/video/VideoGenerationService.integration.test.ts (3 tests) 8ms
stdout | packages/renderer/src/services/agent/tools/__tests__/NotificationTools.test.ts > NotificationTools > send_notification > should send a notification successfully
[NotificationTools] Sent [info] notification: "Test Alert" (desktop: true)

stdout | packages/renderer/src/services/agent/tools/__tests__/NotificationTools.test.ts > NotificationTools > send_notification > should handle denied notification permission
[NotificationTools] Sent [info] notification: "Denied Test" (desktop: false)

stdout | packages/renderer/src/services/agent/tools/__tests__/NotificationTools.test.ts > NotificationTools > send_notification > should include action_url in response when provided
[NotificationTools] Sent [info] notification: "Navigate" (desktop: true)

 ✓ packages/renderer/src/services/agent/tools/__tests__/NotificationTools.test.ts (5 tests) 8ms
 ✓ packages/renderer/src/utils/crypto-random.test.ts (17 tests) 17ms
 ✓ packages/renderer/src/modules/marketing/schemas.test.ts (5 tests) 10ms
 ✓ packages/renderer/src/services/observability/CoreWebVitalsReporter.test.ts (7 tests) 13ms
 ✓ packages/renderer/src/services/agent/components/__tests__/SwarmStability.test.ts (2 tests) 8ms
stdout | packages/renderer/src/services/video/VideoGenerationService.security.test.ts > 🛡️ Shield: Video Generation PII Security Test > should REDACT Credit Card numbers from prompt before triggering backend generation
[VideoGeneration] 🎬 generateVideo() called: {
  promptPreview: 'Generate a cinematic video of a credit card 4111 1111 1111 1111 lying on a table.',
  model: 'veo-3.1-generate-preview',
  duration: 5,
  aspectRatio: '16:9',
  hasFirstFrame: false,
  hasLastFrame: false,
  hasReferenceImages: false,
  userId: 'test-user'
}

stdout | packages/renderer/src/services/video/VideoGenerationService.security.test.ts > 🛡️ Shield: Video Generation PII Security Test > should REDACT Credit Card numbers from prompt before triggering backend generation
[VideoGeneration] 🚀 Calling GenAI.generateVideo() with: {
  model: 'veo-3.1-generate-preview',
  promptLength: 84,
  hasImage: false,
  config: '{"aspectRatio":"16:9","durationSeconds":5}'
}
[MetadataPersistence] ✅ Saved video to users/test-user/generated_videos/mock-doc-id

stdout | packages/renderer/src/services/video/VideoGenerationService.security.test.ts > 🛡️ Shield: Video Generation PII Security Test > should REDACT Credit Card numbers from prompt before triggering backend generation
Captured Prompt Payload: Generate a cinematic video of a credit card [REDACTED_CREDIT_CARD] lying on a table.

stdout | packages/renderer/src/services/video/VideoGenerationService.security.test.ts > 🛡️ Shield: Video Generation PII Security Test > should REDACT Passwords/Secrets from prompt before triggering backend generation
[VideoGeneration] 🎬 generateVideo() called: {
  promptPreview: 'Show a hacker typing password: SuperSecretPassword123! on a screen.',
  model: 'veo-3.1-generate-preview',
  duration: 5,
  aspectRatio: '16:9',
  hasFirstFrame: false,
  hasLastFrame: false,
  hasReferenceImages: false,
  userId: 'test-user'
}

stdout | packages/renderer/src/services/video/VideoGenerationService.security.test.ts > 🛡️ Shield: Video Generation PII Security Test > should REDACT Passwords/Secrets from prompt before triggering backend generation
[VideoGeneration] 🚀 Calling GenAI.generateVideo() with: {
  model: 'veo-3.1-generate-preview',
  promptLength: 61,
  hasImage: false,
  config: '{"aspectRatio":"16:9","durationSeconds":5}'
}
[MetadataPersistence] ✅ Saved video to users/test-user/generated_videos/mock-doc-id

 ✓ packages/renderer/src/services/video/VideoGenerationService.security.test.ts (2 tests) 26ms
 ✓ packages/renderer/src/services/agent/evolution/HelixMicroUniverse.test.ts (2 tests) 4ms
 ✓ packages/renderer/src/services/CostCircuitBreaker.test.ts (3 tests) 10ms
stdout | packages/renderer/src/services/agent/tools/DevOpsTools.security.test.ts > 🛡️ Shield: DevOps Tools Security Sandbox > restart_service (Destructive Action) > should ALLOW execution when User APPROVES (Authorized)
[DevOps] Restarting instance: prod-db-primary in us-central1-a

stdout | packages/renderer/src/services/agent/tools/DevOpsTools.security.test.ts > 🛡️ Shield: DevOps Tools Security Sandbox > Safe Read-Only Operations > should NOT require approval for listing instances
[DevOps] Listing GCE instances

 ✓ packages/renderer/src/services/agent/tools/DevOpsTools.security.test.ts (4 tests) 5ms
 ✓ packages/renderer/src/services/security/PromptSanitizer.test.ts (31 tests) 13ms
 ✓ packages/renderer/src/services/agent/evolution/HelixResilience.test.ts (2 tests) 8ms
 ✓ packages/main/src/handlers/distribution_transmit_guardrails.security.test.ts (3 tests) 11ms
 ✓ packages/main/src/handlers/deeplink.test.ts (8 tests) 16ms
 ✓ packages/renderer/src/services/creative/__tests__/PromptImproverService.test.ts (10 tests) 6ms
stdout | packages/renderer/src/services/video/__tests__/RenderService.test.ts > RenderService > should call renderMedia with correct parameters
[RenderService] Starting local render for TestComp...

stdout | packages/renderer/src/services/video/__tests__/RenderService.test.ts > RenderService > should call renderMedia with correct parameters
[RenderService] Render complete: /tmp/output.mp4

stdout | packages/renderer/src/services/video/__tests__/RenderService.test.ts > RenderService > should throw error when renderMedia fails
[RenderService] Starting local render for FailComp...

 ✓ packages/renderer/src/services/video/__tests__/RenderService.test.ts (2 tests) 14ms
 ✓ packages/renderer/src/services/agent/memory/__tests__/BigBrainEngine.test.ts (8 tests) 10ms
stdout | packages/renderer/src/services/agent/orchestration/__tests__/AgentGraphService.test.ts > AgentGraphService > should execute a simple 2-node linear graph
[AgentGraph] Starting graph execution: Test Graph (graph-1), trace: 74a4a0b5-5e57-4445-a002-0d651deb946a, execution: exec-123

stdout | packages/renderer/src/services/agent/orchestration/__tests__/AgentGraphService.test.ts > AgentGraphService > should execute a simple 2-node linear graph
[AgentGraph] Iteration 1: Starting 1 nodes in parallel: node-1

stdout | packages/renderer/src/services/agent/orchestration/__tests__/AgentGraphService.test.ts > AgentGraphService > should execute a simple 2-node linear graph
[AgentGraph] Iteration 2: Starting 1 nodes in parallel: node-2

stdout | packages/renderer/src/services/agent/orchestration/__tests__/AgentGraphService.test.ts > AgentGraphService > should handle parallel execution of independent nodes
[AgentGraph] Starting graph execution: Test Graph (parallel-graph), trace: fa795c52-938d-41ef-8ff3-3213d41ad060, execution: exec-parallel

stdout | packages/renderer/src/services/agent/orchestration/__tests__/AgentGraphService.test.ts > AgentGraphService > should handle parallel execution of independent nodes
[AgentGraph] Iteration 1: Starting 1 nodes in parallel: node-1

stdout | packages/renderer/src/services/agent/orchestration/__tests__/AgentGraphService.test.ts > AgentGraphService > should handle parallel execution of independent nodes
[AgentGraph] Iteration 2: Starting 2 nodes in parallel: node-2, node-3

stdout | packages/renderer/src/services/agent/orchestration/__tests__/AgentGraphService.test.ts > AgentGraphService > should handle conditional branching (regex matching)
[AgentGraph] Starting graph execution: Test Graph (conditional-graph), trace: ed0e3123-b05d-4747-bf78-c6070e03b5db, execution: exec-conditional

stdout | packages/renderer/src/services/agent/orchestration/__tests__/AgentGraphService.test.ts > AgentGraphService > should handle conditional branching (regex matching)
[AgentGraph] Iteration 1: Starting 1 nodes in parallel: node-1

stdout | packages/renderer/src/services/agent/orchestration/__tests__/AgentGraphService.test.ts > AgentGraphService > should handle conditional branching (regex matching)
[AgentGraph] Skipping node node-3: 'all' wait condition not met.

stdout | packages/renderer/src/services/agent/orchestration/__tests__/AgentGraphService.test.ts > AgentGraphService > should handle conditional branching (regex matching)
[AgentGraph] Iteration 2: Starting 1 nodes in parallel: node-2

stdout | packages/renderer/src/services/agent/orchestration/__tests__/AgentGraphService.test.ts > AgentGraphService > should fail the graph if a node fails
[AgentGraph] Starting graph execution: Test Graph (graph-1), trace: 3f029f4e-ad9c-4f37-afd6-a99ad49ea253, execution: exec-fail

stdout | packages/renderer/src/services/agent/orchestration/__tests__/AgentGraphService.test.ts > AgentGraphService > should fail the graph if a node fails
[AgentGraph] Iteration 1: Starting 1 nodes in parallel: node-1

stdout | packages/renderer/src/services/agent/orchestration/__tests__/AgentGraphService.test.ts > AgentGraphService > should fail the graph if a node fails
[AgentGraph] No more active nodes after pruning. Finalizing graph exec-fail.

stdout | packages/renderer/src/services/agent/orchestration/__tests__/AgentGraphService.test.ts > AgentGraphService > should resume a previously interrupted graph execution
[AgentGraph] Resuming graph execution: exec-resume, state: executing

stdout | packages/renderer/src/services/agent/orchestration/__tests__/AgentGraphService.test.ts > AgentGraphService > should resume a previously interrupted graph execution
[AgentGraph] Iteration 1: Starting 1 nodes in parallel: node-2

stdout | packages/renderer/src/services/agent/orchestration/__tests__/AgentGraphService.test.ts > AgentGraphService > should resume a previously interrupted graph execution
[AgentGraph] Execution exec-resume complete (no more nodes to process).

 ✓ packages/renderer/src/services/agent/orchestration/__tests__/AgentGraphService.test.ts (5 tests) 8ms
 ✓ packages/renderer/src/services/ai/context/Keeper_TokenBudget.test.ts (5 tests) 7ms
 ✓ packages/renderer/src/services/agent/tools/__tests__/PublicistTools.test.ts (5 tests) 12ms
 ✓ packages/renderer/src/features/audio/AudioFidelityFeature.test.ts (4 tests) 7ms
 ✓ packages/renderer/src/services/ai/context/Keeper_SmartContext.test.ts (3 tests) 8ms
stdout | packages/renderer/src/services/memory/MemoryIndexService.test.ts > MemoryIndexService > Initialization > should initialize without errors
[MemoryIndex] Initialized with Google Generative AI

stdout | packages/renderer/src/services/memory/MemoryIndexService.test.ts > MemoryIndexService > Index Clearing > should clear index without errors
[MemoryIndex] Index cleared

stdout | packages/renderer/src/services/memory/MemoryIndexService.test.ts > MemoryIndexService > Semantic Search > should return empty results for unindexed memories
[MemoryIndex] No indexed memories

 ✓ packages/renderer/src/services/memory/MemoryIndexService.test.ts (4 tests) 9ms
 ✓ packages/renderer/src/services/revenue/schema.test.ts (3 tests) 9ms
 ✓ packages/renderer/src/tests/features/video-gen.test.ts (6 tests) 16ms
stdout | packages/firebase/src/lib/image_edit_vertex.test.ts > GeminiImageService Dual-Client Logic > should use standard client (API Key) when no mask is provided
[GeminiImageService:edit] Model: gemini-3.1-pro-image | Prompt: "test prompt..."
[GeminiImageService] Initializing Google Gen AI Client (API_KEY: mock...)

stdout | packages/firebase/src/lib/image_edit_vertex.test.ts > GeminiImageService Dual-Client Logic > should use the standard API-key client when mask is provided
[GeminiImageService:edit] Model: gemini-3.1-pro-image | Prompt: "test prompt..."
[GeminiImageService] Initializing Google Gen AI Client (API_KEY: mock...)

 ✓ packages/firebase/src/lib/image_edit_vertex.test.ts (2 tests) 6ms
 ✓ packages/renderer/src/services/touring/schemas.test.ts (3 tests) 6ms
stdout | packages/renderer/src/services/publishing/MechanicalRoyaltyService.test.ts > MechanicalRoyaltyService > createLicense > should create a license record in Firestore
MechanicalRoyaltyService: License record created { licenseId: 'ml_test-user-id_1778698397035' }

stdout | packages/renderer/src/services/publishing/MechanicalRoyaltyService.test.ts > MechanicalRoyaltyService > requestLicense > should call the proxy API and update status
MechanicalRoyaltyService: License requested { licenseId: 'ml_123', licenseNumber: 'HFA123' }

 ✓ packages/renderer/src/services/publishing/MechanicalRoyaltyService.test.ts (8 tests) 19ms
 ✓ packages/main/src/security/csp.test.ts (9 tests) 13ms
stdout | packages/renderer/src/services/agent/tools/__tests__/MarketingTools.test.ts > MarketingTools > create_campaign_brief calls AI
[MarketingTools] Campaign brief persisted: Test

 ✓ packages/renderer/src/services/agent/tools/__tests__/MarketingTools.test.ts (2 tests) 7ms
stdout | packages/renderer/src/services/agent/tools/__tests__/CanvasTools.test.ts > CanvasTools > canvas_push > should push a markdown panel
[CanvasTools] Pushed "Analysis Results" (markdown) to canvas

stdout | packages/renderer/src/services/agent/tools/__tests__/CanvasTools.test.ts > CanvasTools > canvas_push > should push a table panel
[CanvasTools] Pushed "Track Status" (table) to canvas

stdout | packages/renderer/src/services/agent/tools/__tests__/CanvasTools.test.ts > CanvasTools > canvas_clear > should clear all panels
[CanvasTools] Canvas cleared

 ✓ packages/renderer/src/services/agent/tools/__tests__/CanvasTools.test.ts (5 tests) 13ms
 ✓ packages/renderer/src/core/config/EndpointService.test.ts (2 tests) 4ms
 ✓ packages/shared/dist/schemas/env.schema.test.js (2 tests) 7ms
 ✓ packages/renderer/src/services/distribution/proprietary-ingestion/IngestionNotificationMapper.test.ts (18 tests) 10ms
 ✓ packages/renderer/src/modules/video/TheDirector.test.tsx (2 tests) 3ms
 ✓ packages/renderer/src/services/image/__tests__/ImageResolutionNormalization.test.ts (13 tests) 3ms
 ✓ packages/main/src/test/security/ssrf-exploit.test.ts (12 tests) 16ms
stdout | packages/renderer/src/services/MembershipService.ledger.test.ts > MembershipService (Ledger Budget Checks) > 💸 "The Hard Limit": Halts a runaway loop exactly when budget is breached

💸 [Ledger] Starting "Hard Limit" Budget Simulation...
💸 [Ledger] Cost: $0.1 | Budget: $1

stdout | packages/renderer/src/services/MembershipService.ledger.test.ts > MembershipService (Ledger Budget Checks) > 💸 "The Hard Limit": Halts a runaway loop exactly when budget is breached
   🛑 Action 11: BLOCKED. Budget Exhausted.
💸 [Ledger] Simulation Complete. Successes: 10

 ✓ packages/renderer/src/services/MembershipService.ledger.test.ts (2 tests) 9ms
 ✓ packages/renderer/src/features/distribution/ItmspPackagingFeature.test.ts (7 tests) 11ms
 ✓ packages/renderer/src/services/agent/evolution/IcarusCheck.test.ts (2 tests) 9ms
 ✓ packages/renderer/src/services/agent/ReflectionLoop.test.ts (5 tests) 5ms
 ✓ packages/renderer/src/services/agent/evolution/HelixFitnessValidator.test.ts (3 tests) 7ms
 ✓ packages/renderer/src/services/storage/repository.test.ts (1 test) 7ms
 ✓ packages/renderer/src/services/ai/context/ContextManager.test.ts (4 tests) 5ms
stdout | packages/renderer/src/services/agent/governance/__tests__/DigitalHandshake.test.ts > DigitalHandshake > should allow execution if budget not exceeded and non-destructive
[ModelArmor] Scanning input...

stdout | packages/renderer/src/services/agent/governance/__tests__/DigitalHandshake.test.ts > DigitalHandshake > should pause execution if budget exceeded
[ModelArmor] Scanning input...

stdout | packages/renderer/src/services/agent/governance/__tests__/DigitalHandshake.test.ts > DigitalHandshake > should pause execution if budget exceeded
[DigitalHandshake] Pinging ~/indii/memory-inbox/ for User user_123

stdout | packages/renderer/src/services/agent/governance/__tests__/DigitalHandshake.test.ts > DigitalHandshake > should allow execution if budget exceeded BUT maximizer mode active
[ModelArmor] Scanning input...

stdout | packages/renderer/src/services/agent/governance/__tests__/DigitalHandshake.test.ts > DigitalHandshake > should pause execution if destructive action regardless of budget
[ModelArmor] Scanning input...

stdout | packages/renderer/src/services/agent/governance/__tests__/DigitalHandshake.test.ts > DigitalHandshake > should pause execution if destructive action regardless of budget
[DigitalHandshake] Pinging ~/indii/memory-inbox/ for User user_123

 ✓ packages/renderer/src/services/agent/governance/__tests__/DigitalHandshake.test.ts (4 tests) 14ms
 ✓ packages/renderer/src/core/store/slices/creative/__tests__/creativeHistorySlice.test.ts (7 tests) 13ms
 ✓ packages/main/src/utils/pkce.test.ts (6 tests) 5ms
stdout | packages/renderer/src/services/agent/__tests__/AlwaysOnMemoryEngine.benchmark.test.ts > AlwaysOnMemoryEngine ClearAll Optimization Verification > should use deleteMany in clearAll
[AlwaysOnMemoryEngine] 🗑️ Cleared 100 memories, 100 insights.

 ✓ packages/renderer/src/services/agent/__tests__/AlwaysOnMemoryEngine.benchmark.test.ts (3 tests) 8ms
 ✓ packages/renderer/src/shared/schemas/env.schema.test.ts (2 tests) 5ms
 ✓ packages/renderer/src/services/agent/specialists/GeneralistAgent.living-plan.test.ts (1 test) 4ms
 ✓ packages/renderer/src/services/video/__tests__/SceneExtensionService.test.ts (1 test) 3ms
 ✓ packages/renderer/src/services/agent/FinanceIntegration.test.ts (2 tests) 4ms
 ✓ packages/main/src/utils/security-checks.test.ts (5 tests) 7ms
 ✓ packages/renderer/src/services/security/BiometricService.test.ts (10 tests) 23ms
 ✓ packages/renderer/src/services/agent/__tests__/conversationMode.qa.test.ts (10 tests) 6ms
 ✓ packages/renderer/src/services/timeline/TimelinePhaseTemplates.test.ts (3 tests) 6ms
 ✓ packages/renderer/src/modules/social/schemas.test.ts (10 tests) 8ms
 ✓ packages/renderer/src/modules/video/TheAnarchist.test.tsx (3 tests) 4ms
 ✓ packages/renderer/src/services/agent/definitions/PublicistAgent.test.ts (5 tests) 10ms
 ✓ packages/renderer/src/services/MembershipService.budget.test.ts (4 tests) 5ms
 ✓ packages/renderer/src/services/agent/evolution/HelixMacroEvolution.test.ts (1 test) 14ms
 ✓ packages/firebase/src/functions/webhooks/__tests__/dispatcher.test.ts (29 tests) 5ms
 ✓ packages/renderer/src/services/agent/tools/__tests__/RoadTools.test.ts (2 tests) 8ms
 ✓ packages/renderer/src/services/ai/context/Keeper_Persistence.test.ts (3 tests) 5ms
 ✓ packages/renderer/src/services/distribution/DeliveryService.integration.test.ts (3 tests) 9ms
stdout | packages/renderer/src/services/agent/__tests__/AgentRegistry.test.ts > AgentRegistry > should lazy load an agent
[AgentRegistry] Loading agent 'test-agent' (attempt 1)...

stdout | packages/renderer/src/services/agent/__tests__/AgentRegistry.test.ts > AgentRegistry > should lazy load an agent
[AgentRegistry] Agent 'test-agent' loaded successfully

 ✓ packages/renderer/src/services/agent/__tests__/AgentRegistry.test.ts (2 tests) 16ms
stdout | packages/renderer/src/services/music/__tests__/MusicLibraryService.test.ts > MusicLibraryService > should save analysis to Firestore
[MusicLibrary] Saved analysis for track: test.mp3 (track-1)

stdout | packages/renderer/src/services/music/__tests__/MusicLibraryService.test.ts > MusicLibraryService > should retrieve cached analysis
[MusicLibrary] Cache hit for track: track-1

stdout | packages/renderer/src/services/music/__tests__/MusicLibraryService.test.ts > MusicLibraryService > should list library items
[MusicLibrary] Listing library for user: user-123

stdout | packages/renderer/src/services/music/__tests__/MusicLibraryService.test.ts > MusicLibraryService > should list library items
[MusicLibrary] Found 2 analyzed tracks.

 ✓ packages/renderer/src/services/music/__tests__/MusicLibraryService.test.ts (5 tests) 5ms
stdout | packages/renderer/src/services/agent/SchemaDiagnostic.test.ts > Schema Diagnostic > should have correct required parameters for BrandAgent in AGENT_CONFIGS
AGENT_CONFIGS BrandAgent required: ["content","type"]

stdout | packages/renderer/src/services/agent/SchemaDiagnostic.test.ts > Schema Diagnostic > should have correct required parameters for direct BrandAgent import
Direct BrandAgent required: ["content","type"]

 ✓ packages/renderer/src/services/agent/SchemaDiagnostic.test.ts (2 tests) 5ms
stdout | packages/renderer/src/services/agent/tools/__tests__/CoreTools.test.ts > CoreTools > request_approval > should handle approved request
[CoreTools] Requesting approval for: Post this tweet (type: default)

stdout | packages/renderer/src/services/agent/tools/__tests__/CoreTools.test.ts > CoreTools > request_approval > should handle rejected request
[CoreTools] Requesting approval for: Dangerous action (type: default)

 ✓ packages/renderer/src/services/agent/tools/__tests__/CoreTools.test.ts (5 tests) 5ms
stdout | packages/renderer/src/services/MembershipService.cost_predictor.test.ts > MembershipService (Ledger's Cost Predictor Integration) > 💸 "The Predictive Stop": Blocks Veo 3.1 generation if predicted cost exceeds budget
💸 [Ledger] Predicted Cost: $0.05 | Budget: $0.02
   🛑 STOP SWITCH ACTIVATED! User cannot afford Veo 3.1.

 ✓ packages/renderer/src/services/MembershipService.cost_predictor.test.ts (2 tests) 8ms
 ✓ packages/renderer/src/services/agent/EvolutionaryLoop.test.ts (4 tests) 5ms
 ✓ packages/renderer/src/services/subscription/schemas.test.ts (4 tests) 6ms
 ✓ packages/renderer/src/services/agent/evolution/HelixEmptySoul.test.ts (1 test) 10ms
stdout | packages/renderer/src/services/agent/tools/__tests__/BigQueryTools.test.ts > BigQueryTools (Real BigQuery via Cloud Functions) > execute_bigquery_query calls executeBigQueryQuery function
[BigQuery] Executing query: SELECT * FROM sales WHERE year = 2025...

stdout | packages/renderer/src/services/agent/tools/__tests__/BigQueryTools.test.ts > BigQueryTools (Real BigQuery via Cloud Functions) > execute_bigquery_query accepts custom maxResults
[BigQuery] Executing query: SELECT * FROM large_table...

stdout | packages/renderer/src/services/agent/tools/__tests__/BigQueryTools.test.ts > BigQueryTools (Real BigQuery via Cloud Functions) > get_table_schema calls getBigQueryTableSchema function
[BigQuery] Getting schema for: analytics.sales_data

stdout | packages/renderer/src/services/agent/tools/__tests__/BigQueryTools.test.ts > BigQueryTools (Real BigQuery via Cloud Functions) > list_datasets calls listBigQueryDatasets function
[BigQuery] Listing datasets

stdout | packages/renderer/src/services/agent/tools/__tests__/BigQueryTools.test.ts > BigQueryTools (Real BigQuery via Cloud Functions) > handles query errors gracefully
[BigQuery] Executing query: INVALID SQL...

stdout | packages/renderer/src/services/agent/tools/__tests__/BigQueryTools.test.ts > BigQueryTools (Real BigQuery via Cloud Functions) > handles schema errors for unknown tables
[BigQuery] Getting schema for: analytics.unknown_table

 ✓ packages/renderer/src/services/agent/tools/__tests__/BigQueryTools.test.ts (6 tests) 8ms
 ✓ packages/renderer/src/services/WhiskService.test.ts (3 tests) 5ms
 ✓ packages/renderer/src/services/agent/tools/__tests__/CodeExecutionTools.test.ts (4 tests) 7ms
 ✓ packages/renderer/src/services/OrganizationService.test.ts (2 tests) 4ms
 ✓ packages/renderer/src/services/subscription/SubscriptionService.test.ts (6 tests) 8ms
 ✓ packages/renderer/src/services/agent/evolution/HelixValidation.test.ts (1 test) 6ms
stdout | packages/renderer/src/services/finance/RoyaltyService.test.ts > RoyaltyService > should calculate splits correctly and apply recoupment
[RoyaltyService] Recooped 100 for release_123. Remaining: 0

 ✓ packages/renderer/src/services/finance/RoyaltyService.test.ts (1 test) 6ms
 ✓ packages/renderer/src/services/agent/evolution/HelixBloat.test.ts (1 test) 8ms
 ✓ packages/renderer/src/services/ai/context/ContextManager.keeper.test.ts (4 tests) 9ms
stdout | packages/renderer/src/core/store/slices/__tests__/agentCanvasSlice.test.ts > agentCanvasSlice > pushCanvas > should push a panel and open the canvas
[AgentCanvasSlice] Canvas push: "Test Panel" (markdown) from conductor

stdout | packages/renderer/src/core/store/slices/__tests__/agentCanvasSlice.test.ts > agentCanvasSlice > pushCanvas > should accumulate multiple panels
[AgentCanvasSlice] Canvas push: "Test Panel" (markdown) from conductor
[AgentCanvasSlice] Canvas push: "Test Panel" (markdown) from conductor
[AgentCanvasSlice] Canvas push: "Test Panel" (markdown) from conductor

stdout | packages/renderer/src/core/store/slices/__tests__/agentCanvasSlice.test.ts > agentCanvasSlice > clearCanvas > should remove all panels and close canvas
[AgentCanvasSlice] Canvas push: "Test Panel" (markdown) from conductor
[AgentCanvasSlice] Canvas push: "Test Panel" (markdown) from conductor
[AgentCanvasSlice] Clearing all canvas panels

stdout | packages/renderer/src/core/store/slices/__tests__/agentCanvasSlice.test.ts > agentCanvasSlice > removePanel > should remove a specific panel by ID
[AgentCanvasSlice] Canvas push: "Test Panel" (markdown) from conductor
[AgentCanvasSlice] Canvas push: "Test Panel" (markdown) from conductor

stdout | packages/renderer/src/core/store/slices/__tests__/agentCanvasSlice.test.ts > agentCanvasSlice > removePanel > should close canvas when last panel is removed
[AgentCanvasSlice] Canvas push: "Test Panel" (markdown) from conductor

 ✓ packages/renderer/src/core/store/slices/__tests__/agentCanvasSlice.test.ts (7 tests) 8ms
 ✓ packages/renderer/src/services/agent/AgentDefinitions.test.ts (6 tests) 4ms
 ✓ packages/renderer/src/modules/social/components/SocialFeed.utils.test.ts (9 tests) 6ms
 ✓ packages/renderer/src/services/MembershipService.god-mode.test.ts (3 tests) 5ms
 ✓ packages/renderer/src/modules/publicist/schema.test.ts (5 tests) 24ms
 ✓ packages/renderer/src/services/agent/evolution/HelixReferenceIntegrity.test.ts (2 tests) 7ms
 ✓ packages/renderer/src/services/billing/CostControlService.test.ts (16 tests) 8ms
 ✓ packages/shared/src/schemas/env.schema.test.ts (2 tests) 5ms
stdout | packages/renderer/src/services/distribution/proprietary-ingestion/DSRService_Fee.test.ts
[DistributorService] Registered adapter: DistroKid
[DistributorService] Registered adapter: TuneCore
[DistributorService] Registered adapter: CDBaby
[DistributorService] Registered adapter: Symphonic

 ✓ packages/renderer/src/services/distribution/proprietary-ingestion/DSRService_Fee.test.ts (2 tests) 14ms
 ✓ packages/renderer/src/services/agent/observability/__tests__/TraceService.test.ts (3 tests) 3ms
 ✓ packages/renderer/src/core/store/slices/distributionSlice.test.ts (4 tests) 4ms
 ✓ packages/renderer/src/lib/mobile.test.ts (17 tests) 18ms
 ✓ packages/renderer/src/services/persistence/MetadataPersistence.offline.test.ts (5 tests) 21ms
 ✓ packages/main/src/services/mcp/MCPClientService.test.ts (4 tests) 5ms
 ✓ packages/renderer/src/services/distribution/proprietary-ingestion/DDEXMapper.test.ts (3 tests) 6ms
 ✓ packages/renderer/src/services/agent/evolution/HelixSelectionPressure.test.ts (1 test) 5ms
 ✓ packages/renderer/src/services/security/CredentialService.test.ts (8 tests) 5ms
 ✓ packages/renderer/src/services/agent/tools/__tests__/StandardGrammar.test.ts (3 tests) 3ms
 ✓ packages/renderer/src/utils/dateUtils.test.ts (15 tests) 20ms
 ✓ packages/renderer/src/services/ProjectService.test.ts (1 test) 7ms
 ✓ packages/renderer/src/modules/workflow/utils/validationUtils.test.ts (6 tests) 5ms
stdout | packages/renderer/src/services/storage/repository_profile.test.ts > Profile Persistence > should load profile from storage
[Repository] Serving profile from Local Cache

 ✓ packages/renderer/src/services/storage/repository_profile.test.ts (3 tests) 6ms
 ✓ packages/renderer/src/services/FileSystemService.test.ts (1 test) 3ms
 ✓ packages/renderer/src/services/distribution/DSPCompliance.test.ts (2 tests) 6ms
 ✓ packages/renderer/src/services/agent/components/__tests__/AgentExecutor.swarm.test.ts (2 tests) 7ms
stdout | packages/renderer/src/services/MembershipService.circuitbreaker.test.ts > MembershipService (Ledger Circuit Breaker) > 💸 "Circuit Breaker": Halts a runaway loop exactly at the quota limit

💸 [Ledger] Starting "Runaway Loop" Simulation...
💸 [Ledger] Plan: 10 attempts | Limit: 5

stdout | packages/renderer/src/services/MembershipService.circuitbreaker.test.ts > MembershipService (Ledger Circuit Breaker) > 💸 "Circuit Breaker": Halts a runaway loop exactly at the quota limit
   🛑 Attempt 6: BLOCKED. Usage: 5/5
💸 [Ledger] Simulation Complete. Successes: 5

 ✓ packages/renderer/src/services/MembershipService.circuitbreaker.test.ts (2 tests) 9ms
 ✓ packages/renderer/src/services/agent/evolution/HelixChronos.test.ts (1 test) 22ms
 ✓ packages/renderer/src/services/image/__tests__/DJAxiomPowerUser.test.ts (24 tests) 22ms
 ✓ packages/renderer/src/services/distribution/proprietary-ingestion/IngestionNotificationMapperDeals.test.ts (2 tests) 4ms
stdout | packages/renderer/src/services/agent/benchmark_clearAllMemories.test.ts > UserMemoryService Benchmark > measures performance of clearAllMemories
[UserMemoryService] Cleared all memories for user test_user

stdout | packages/renderer/src/services/agent/benchmark_clearAllMemories.test.ts > UserMemoryService Benchmark > measures performance of clearAllMemories
Time taken: 0.34ms
Deletes called: 0
DeleteMany called: 1

 ✓ packages/renderer/src/services/agent/benchmark_clearAllMemories.test.ts (1 test) 2ms
 ✓ packages/main/src/utils/ipc-validator.test.ts (14 tests) 4ms
 ✓ packages/renderer/src/services/video/__tests__/VeoGenerationPipeline.test.ts (4 tests) 8ms
stdout | packages/renderer/src/services/ai/__tests__/QA_Voice.test.ts > Voice Interface QA > should sanitize special characters
[FirebaseAIService] App Check Debug: { DEV: undefined, debugToken: undefined, key: undefined }
[FirebaseAIService] Fallback Mode Initialization: {
  foundKey: true,
  source: 'env.VITE_API_KEY',
  keyPrefix: 'mock-key...'
}
[FirebaseAIService] Initialized with direct Gemini SDK (fallback mode)

stdout | packages/renderer/src/services/ai/__tests__/QA_Voice.test.ts > Voice Interface QA > should throw error on API failure
[FirebaseAIService] App Check Debug: { DEV: undefined, debugToken: undefined, key: undefined }
[FirebaseAIService] Fallback Mode Initialization: {
  foundKey: true,
  source: 'env.VITE_API_KEY',
  keyPrefix: 'mock-key...'
}
[FirebaseAIService] Initialized with direct Gemini SDK (fallback mode)

 ✓ packages/renderer/src/services/ai/__tests__/QA_Voice.test.ts (3 tests) 10ms
 ✓ packages/renderer/src/utils/textChunker.test.ts (9 tests) 8ms
stdout | packages/renderer/src/services/MembershipService.ledger_approval.test.ts > MembershipService (Ledger Approval Gates) > 💸 "Micro-Transaction": allows small charges without approval
   ✅ Micro-transaction ($0.1) approved automatically.

stdout | packages/renderer/src/services/MembershipService.ledger_approval.test.ts > MembershipService (Ledger Approval Gates) > 💸 "Major Purchase": flags expensive charges for user approval
   ⚠️ Major purchase ($0.6) flagged for user approval.

stdout | packages/renderer/src/services/MembershipService.ledger_approval.test.ts > MembershipService (Ledger Approval Gates) > 💸 "Ledger Logic": Ensures approval is flagged even if budget permits
   ⚠️ High-value transaction ($5) requires sign-off despite sufficient funds.

 ✓ packages/renderer/src/services/MembershipService.ledger_approval.test.ts (4 tests) 9ms
stdout | packages/renderer/src/services/distribution/proprietary-ingestion/DSRService.test.ts
[DistributorService] Registered adapter: DistroKid
[DistributorService] Registered adapter: TuneCore
[DistributorService] Registered adapter: CDBaby
[DistributorService] Registered adapter: Symphonic

 ✓ packages/renderer/src/services/distribution/proprietary-ingestion/DSRService.test.ts (2 tests) 8ms
 ✓ packages/renderer/src/modules/workflow/TheArchitect.test.tsx (3 tests) 5ms
stdout | packages/renderer/src/services/MembershipService.ledger.reset.test.ts > MembershipService (Ledger Quota Reset) > 💸 "The Quota Reset": Ensures daily free limits reset correctly at midnight

💸 [Ledger] Starting "Quota Reset" Simulation on 2024-01-01...
💸 [Ledger] Consuming full quota on Day 1...

stdout | packages/renderer/src/services/MembershipService.ledger.reset.test.ts > MembershipService (Ledger Quota Reset) > 💸 "The Quota Reset": Ensures daily free limits reset correctly at midnight
   ✅ Day 1 Quota correctly enforced (Blocked).
💸 [Ledger] 🕛 MIDNIGHT STRIKES! Clock is now 2024-01-02...

stdout | packages/renderer/src/services/MembershipService.ledger.reset.test.ts > MembershipService (Ledger Quota Reset) > 💸 "The Quota Reset": Ensures daily free limits reset correctly at midnight
   ✅ Day 2 Quota reset successful (Allowed).

stdout | packages/renderer/src/services/MembershipService.ledger.reset.test.ts > MembershipService (Ledger Quota Reset) > 💸 "The Quota Reset": Ensures daily free limits reset correctly at midnight
   ✅ Day 1 Audit Trail preserved.

 ✓ packages/renderer/src/services/MembershipService.ledger.reset.test.ts (1 test) 4ms
 ✓ packages/renderer/src/services/agent/tools/__tests__/NarrativeTools.test.ts (4 tests) 7ms
 ✓ packages/renderer/src/core/config/__tests__/validateModels.test.ts (3 tests) 27ms
 ✓ packages/renderer/src/services/agent/components/__tests__/ContextResolver.test.ts (1 test) 5ms
 ✓ packages/firebase/src/functions/analytics/__tests__/bigquery-pipeline.test.ts (19 tests) 8ms
stdout | packages/renderer/src/services/agent/agent_restore.test.ts > indii Conductor Restoration > request_approval tool should return approved message
[CoreTools] Requesting approval for: Post this? (type: default)

 ✓ packages/renderer/src/services/agent/agent_restore.test.ts (4 tests) 17ms
 ✓ packages/renderer/src/services/agent/__tests__/scopeEnforcement.test.ts (15 tests) 7ms
 ✓ packages/renderer/src/services/agent/evolution/HelixBrainless.test.ts (1 test) 8ms
 ✓ packages/renderer/src/services/agent/tools/__tests__/LegalTools.test.ts (2 tests) 5ms
stdout | packages/renderer/src/services/video/VideoGenerationService.ledger.test.ts > VideoGenerationService (Ledger Circuit Breaker) > 💸 "Cost Circuit Breaker": Halts generation when quota is exceeded

💸 [Ledger] Testing Service Layer Circuit Breaker...
[VideoGeneration] 🎬 generateVideo() called: {
  promptPreview: 'A cinematic shot of a ledger book closing firmly.',
  model: 'veo-3.1-generate-preview',
  duration: 4,
  aspectRatio: '16:9',
  hasFirstFrame: false,
  hasLastFrame: false,
  hasReferenceImages: false,
  userId: 'ledger-test-user'
}

stdout | packages/renderer/src/services/video/VideoGenerationService.ledger.test.ts > VideoGenerationService (Ledger Circuit Breaker) > 💸 "Cost Circuit Breaker": Halts generation when quota is exceeded
   ✅ Circuit Breaker tripped successfully.
   ✅ "Spend" Button (Cloud Function) was NOT pressed.

 ✓ packages/renderer/src/services/video/VideoGenerationService.ledger.test.ts (1 test) 10ms
 ✓ packages/firebase/src/lib/audio.test.ts (3 tests) 4ms
 ✓ packages/renderer/src/services/WhiskService.video.test.ts (2 tests) 2ms
stdout | packages/renderer/src/services/agent/GeneralistAgent.test.ts
[DistributorService] Registered adapter: DistroKid
[DistributorService] Registered adapter: TuneCore
[DistributorService] Registered adapter: CDBaby
[DistributorService] Registered adapter: Symphonic

 ✓ packages/renderer/src/services/agent/GeneralistAgent.test.ts (5 tests) 7ms
 ✓ packages/renderer/src/services/distribution/DistributionSyncService.test.ts (4 tests) 7ms
 ✓ packages/renderer/src/modules/merchandise/types.test.ts (4 tests) 5ms
 ✓ packages/renderer/src/services/agent/evolution/HelixPopulationControl.test.ts (2 tests) 6ms
 ✓ packages/renderer/src/services/rag/GeminiRetrievalService.test.ts (1 test) 2ms
 ✓ packages/main/src/utils/file-security.test.ts (9 tests) 7ms
 ✓ packages/renderer/src/modules/finance/schemas.test.ts (5 tests) 10ms
 ✓ packages/renderer/src/core/store/slices/fileSystemSlice.test.ts (1 test) 3ms
stdout | packages/renderer/src/test/env.diagnostic.test.ts > Environment Diagnostic > should log all relevant environment indicators
--- ENV DIAGNOSTIC ---
import.meta.env.MODE: test
process.env.VITEST: true
process.env.NODE_ENV: test
process.env.VITEST_WORKER_ID: 598
----------------------

 ✓ packages/renderer/src/test/env.diagnostic.test.ts (1 test) 5ms
 ✓ packages/renderer/src/services/StorageService.test.ts (1 test) 3ms
 ✓ packages/renderer/src/services/directive/__tests__/DirectiveService.test.ts (2 tests) 7ms
 ✓ packages/renderer/src/services/distribution/CanonicalMapService.test.ts (4 tests) 5ms
 ✓ packages/renderer/src/services/agent/AgentLoading.repro.test.ts (2 tests) 2ms
 ✓ packages/renderer/src/modules/video/components/DailyItem.utils.test.ts (7 tests) 3ms
 ✓ packages/renderer/src/services/security/E2EEncryption.interop.test.ts (10 tests | 9 todo) 1ms
 ✓ packages/renderer/src/services/agent/__tests__/tools.safety.test.ts (1 test) 2ms
 ✓ packages/renderer/src/services/publicist/PublicistService.test.ts (1 test) 1ms

 Test Files  5 failed | 602 passed (607)
      Tests  4 failed | 3845 passed | 1 skipped | 9 todo (3859)
   Start at  14:52:18
   Duration  71.10s (transform 23.31s, setup 49.17s, import 90.31s, tests 56.11s, environment 322.40s)


::error file=/Volumes/X SSD 2025/Users/narrowchannel/indiiOS-Clean/packages/renderer/src/services/agent/CostCircuitBreaker.test.ts,title=packages/renderer/src/services/agent/CostCircuitBreaker.test.ts > BaseAgent Cost Circuit Breaker > 🛑 should stop execution when budget is exceeded (Cost Circuit Breaker),line=152,column=31::AssertionError: expected 'Task ended: Your daily budget limit h…' to contain 'paused'%0A%0A- Expected%0A+ Received%0A%0A- paused%0A+ Task ended: Your daily budget limit has been reached or a session-wide emergency limit was triggered. %0A+%0A+ Hint: Upgrade to Pro for a $10/day limit.%0A%0A ❯ packages/renderer/src/services/agent/CostCircuitBreaker.test.ts:152:31%0A%0A

::error file=/Volumes/X SSD 2025/Users/narrowchannel/indiiOS-Clean/packages/renderer/src/services/agent/LedgerCircuitBreaker.test.ts,title=packages/renderer/src/services/agent/LedgerCircuitBreaker.test.ts > Ledger Circuit Breaker (Integration) > 💸 stops execution when "Fake High Usage" metadata triggers the budget limit,line=170,column=47::AssertionError: expected "vi.fn()" to be called 3 times, but got 2 times%0A ❯ packages/renderer/src/services/agent/LedgerCircuitBreaker.test.ts:170:47%0A%0A

::error file=/Volumes/X SSD 2025/Users/narrowchannel/indiiOS-Clean/packages/renderer/src/services/agent/Phase3.test.ts,title=packages/renderer/src/services/agent/Phase3.test.ts > Phase 3%3A Architectural Improvements > LoopDetector > should allow non-looping sequences,line=52,column=35::AssertionError: expected true to be false // Object.is equality%0A%0A- Expected%0A+ Received%0A%0A- false%0A+ true%0A%0A ❯ packages/renderer/src/services/agent/Phase3.test.ts:52:35%0A%0A

::error file=/Volumes/X SSD 2025/Users/narrowchannel/indiiOS-Clean/packages/renderer/src/services/agent/__tests__/DistributionAgent.integration.test.ts,title=packages/renderer/src/services/agent/__tests__/DistributionAgent.integration.test.ts > DistributionAgent Integration > should have comprehensive system prompt,line=70,column=48::AssertionError: expected '# Distribution Director — System Prom…' to contain 'DDEX ERN 4.3'%0A%0A- Expected%0A+ Received%0A%0A- DDEX ERN 4.3%0A+ # Distribution Director — System Prompt%0A+%0A+ ## MISSION%0A+%0A+ You are the **Distribution Director**, a specialist agent within the indii system. You orchestrate the entire release distribution pipeline — from Proprietary Ingestion IP Ingestion Notification message generation to SFTP delivery to DSPs, QC validation, and post-delivery monitoring.%0A+%0A+ ## indii Architecture (Hub-and-Spoke)%0A+%0A+ You operate under the **indii Conductor** (Agent 0), receiving tasks via structured dispatch. You may collaborate with:%0A+%0A+ - **Publishing Director** — for rights metadata cross-referencing%0A+ - **Finance Specialist** — for revenue share configuration per release%0A+ - **Legal Specialist** — for territory restrictions and takedown compliance%0A+ - **Music Director (Sonic Director)** — for audio format validation and mastering QC%0A+%0A+ ## CAPABILITIES%0A+%0A+ ### Core Distribution%0A+%0A+ - Generate Proprietary Ingestion IP Ingestion Protocol 4.3 messages from release metadata%0A+ - Validate audio assets against DSP specifications (codec, bitrate, sample rate, loudness)%0A+ - Orchestrate SFTP batch uploads to distributor endpoints%0A+ - Track delivery status per DSP (Spotify, Apple Music, Amazon, Deezer, Tidal, YouTube Music)%0A+ - Monitor release go-live timestamps across territories%0A+%0A+ ### Quality Control%0A+%0A+ - Run pre-flight QC checklist (metadata completeness, ISRC/UPC validation, artwork specs)%0A+ - Flag missing credits, incorrect territory mappings, or format mismatches%0A+ - Compare release metadata against previous versions for consistency%0A+%0A+ ### Post-Delivery%0A+%0A+ - Monitor takedown requests and process removals%0A+ - Track Content ID claims and disputes%0A+ - Generate delivery confirmation reports%0A+%0A+ ## TOOLS%0A+%0A+ You have access to the following execution scripts in `execution/distribution/`:%0A+%0A+ - `generate_ingestion.py` — Proprietary Ingestion IP Ingestion Notification message builder%0A+ - `sftp_upload.py` — Batch SFTP uploader with retry logic%0A+ - `qc_validator.py` — Pre-flight quality control checker%0A+ - `isrc_generator.py` — ISRC allocation and validation%0A+ - `generate_bwarm` — MLC BWARM CSV generator%0A+ - `check_merlin_status` — Merlin compliance checker%0A+%0A+ ## CONSTRAINTS%0A+%0A+ 1. **Never skip QC.** Every release must pass the pre-flight checklist before SFTP dispatch.%0A+ 2. **Territory awareness.** Always verify territory restrictions against the Legal agent's output before delivery.%0A+ 3. **ISRC integrity.** Never reuse or reassign ISRCs. Treat them as immutable identifiers.%0A+ 4. **Audit trail.** Log every distribution action with timestamps, DSP target, and status.%0A+%0A+ ## OUTPUT FORMAT%0A+%0A+ Always respond with structured status updates:%0A+%0A+ ```%0A+ 📦 Distribution Status%0A+ ├── Release: [Title] by [Artist]%0A+ ├── UPC: [UPC]%0A+ ├── ISRCs: [count] tracks%0A+ ├── DSPs targeted: [list]%0A+ ├── QC Status: [PASS/FAIL + details]%0A+ ├── Delivery Status: [PENDING/IN_PROGRESS/DELIVERED/FAILED]%0A+ └── ETA: [estimated go-live]%0A+ ```%0A+%0A%0A ❯ packages/renderer/src/services/agent/__tests__/DistributionAgent.integration.test.ts:70:48%0A%0A
